<?xml version="1.0" encoding="ISO-8859-1" ?>
<link_info>
   <banner>MSP430 Linker Unix v18.1.2.LTS</banner>
   <copyright>Copyright (c) 2003-2017 Texas Instruments Incorporated</copyright>
   <link_time>0x5bd9eea9</link_time>
   <link_errors>0x0</link_errors>
   <output_file>Comedouro.out</output_file>
   <entry_point>
      <name>_c_int00_noargs</name>
      <address>0x44ee</address>
   </entry_point>
   <input_file_list>
      <input_file id="fl-2">
         <path>./</path>
         <kind>object</kind>
         <file>main.obj</file>
         <name>main.obj</name>
      </input_file>
      <input_file id="fl-3">
         <path>./Display/</path>
         <kind>object</kind>
         <file>Display.obj</file>
         <name>Display.obj</name>
      </input_file>
      <input_file id="fl-4">
         <path>./Display/</path>
         <kind>object</kind>
         <file>StateMachine.obj</file>
         <name>StateMachine.obj</name>
      </input_file>
      <input_file id="fl-5">
         <path>./Display/HD44780/</path>
         <kind>object</kind>
         <file>HD44780.obj</file>
         <name>HD44780.obj</name>
      </input_file>
      <input_file id="fl-6">
         <path>./Display/HD44780/</path>
         <kind>object</kind>
         <file>port_HD44780.obj</file>
         <name>port_HD44780.obj</name>
      </input_file>
      <input_file id="fl-7">
         <path>./IO/Buzzer/</path>
         <kind>object</kind>
         <file>Buzzer.obj</file>
         <name>Buzzer.obj</name>
      </input_file>
      <input_file id="fl-8">
         <path>./IO/</path>
         <kind>object</kind>
         <file>Config_IO.obj</file>
         <name>Config_IO.obj</name>
      </input_file>
      <input_file id="fl-9">
         <path>./IO/Motor/</path>
         <kind>object</kind>
         <file>Motor.obj</file>
         <name>Motor.obj</name>
      </input_file>
      <input_file id="fl-a">
         <path>./IO/SR04/</path>
         <kind>object</kind>
         <file>SR04.obj</file>
         <name>SR04.obj</name>
      </input_file>
      <input_file id="fl-b">
         <path>./Parser/</path>
         <kind>object</kind>
         <file>Protocol.obj</file>
         <name>Protocol.obj</name>
      </input_file>
      <input_file id="fl-c">
         <path>./driverlib/MSP430F5xx_6xx/</path>
         <kind>object</kind>
         <file>adc10_a.obj</file>
         <name>adc10_a.obj</name>
      </input_file>
      <input_file id="fl-d">
         <path>./driverlib/MSP430F5xx_6xx/</path>
         <kind>object</kind>
         <file>adc12_a.obj</file>
         <name>adc12_a.obj</name>
      </input_file>
      <input_file id="fl-e">
         <path>./driverlib/MSP430F5xx_6xx/</path>
         <kind>object</kind>
         <file>aes.obj</file>
         <name>aes.obj</name>
      </input_file>
      <input_file id="fl-f">
         <path>./driverlib/MSP430F5xx_6xx/</path>
         <kind>object</kind>
         <file>battbak.obj</file>
         <name>battbak.obj</name>
      </input_file>
      <input_file id="fl-10">
         <path>./driverlib/MSP430F5xx_6xx/</path>
         <kind>object</kind>
         <file>comp_b.obj</file>
         <name>comp_b.obj</name>
      </input_file>
      <input_file id="fl-11">
         <path>./driverlib/MSP430F5xx_6xx/</path>
         <kind>object</kind>
         <file>crc.obj</file>
         <name>crc.obj</name>
      </input_file>
      <input_file id="fl-12">
         <path>./driverlib/MSP430F5xx_6xx/</path>
         <kind>object</kind>
         <file>ctsd16.obj</file>
         <name>ctsd16.obj</name>
      </input_file>
      <input_file id="fl-13">
         <path>./driverlib/MSP430F5xx_6xx/</path>
         <kind>object</kind>
         <file>dac12_a.obj</file>
         <name>dac12_a.obj</name>
      </input_file>
      <input_file id="fl-14">
         <path>./driverlib/MSP430F5xx_6xx/</path>
         <kind>object</kind>
         <file>dma.obj</file>
         <name>dma.obj</name>
      </input_file>
      <input_file id="fl-15">
         <path>./driverlib/MSP430F5xx_6xx/</path>
         <kind>object</kind>
         <file>eusci_a_spi.obj</file>
         <name>eusci_a_spi.obj</name>
      </input_file>
      <input_file id="fl-16">
         <path>./driverlib/MSP430F5xx_6xx/</path>
         <kind>object</kind>
         <file>eusci_a_uart.obj</file>
         <name>eusci_a_uart.obj</name>
      </input_file>
      <input_file id="fl-17">
         <path>./driverlib/MSP430F5xx_6xx/</path>
         <kind>object</kind>
         <file>eusci_b_i2c.obj</file>
         <name>eusci_b_i2c.obj</name>
      </input_file>
      <input_file id="fl-18">
         <path>./driverlib/MSP430F5xx_6xx/</path>
         <kind>object</kind>
         <file>eusci_b_spi.obj</file>
         <name>eusci_b_spi.obj</name>
      </input_file>
      <input_file id="fl-19">
         <path>./driverlib/MSP430F5xx_6xx/</path>
         <kind>object</kind>
         <file>flashctl.obj</file>
         <name>flashctl.obj</name>
      </input_file>
      <input_file id="fl-1a">
         <path>./driverlib/MSP430F5xx_6xx/</path>
         <kind>object</kind>
         <file>gpio.obj</file>
         <name>gpio.obj</name>
      </input_file>
      <input_file id="fl-1b">
         <path>./driverlib/MSP430F5xx_6xx/</path>
         <kind>object</kind>
         <file>lcd_b.obj</file>
         <name>lcd_b.obj</name>
      </input_file>
      <input_file id="fl-1c">
         <path>./driverlib/MSP430F5xx_6xx/</path>
         <kind>object</kind>
         <file>ldopwr.obj</file>
         <name>ldopwr.obj</name>
      </input_file>
      <input_file id="fl-1d">
         <path>./driverlib/MSP430F5xx_6xx/</path>
         <kind>object</kind>
         <file>mpy32.obj</file>
         <name>mpy32.obj</name>
      </input_file>
      <input_file id="fl-1e">
         <path>./driverlib/MSP430F5xx_6xx/</path>
         <kind>object</kind>
         <file>oa.obj</file>
         <name>oa.obj</name>
      </input_file>
      <input_file id="fl-1f">
         <path>./driverlib/MSP430F5xx_6xx/</path>
         <kind>object</kind>
         <file>pmap.obj</file>
         <name>pmap.obj</name>
      </input_file>
      <input_file id="fl-20">
         <path>./driverlib/MSP430F5xx_6xx/</path>
         <kind>object</kind>
         <file>pmm.obj</file>
         <name>pmm.obj</name>
      </input_file>
      <input_file id="fl-21">
         <path>./driverlib/MSP430F5xx_6xx/</path>
         <kind>object</kind>
         <file>ram.obj</file>
         <name>ram.obj</name>
      </input_file>
      <input_file id="fl-22">
         <path>./driverlib/MSP430F5xx_6xx/</path>
         <kind>object</kind>
         <file>ref.obj</file>
         <name>ref.obj</name>
      </input_file>
      <input_file id="fl-23">
         <path>./driverlib/MSP430F5xx_6xx/</path>
         <kind>object</kind>
         <file>rtc_a.obj</file>
         <name>rtc_a.obj</name>
      </input_file>
      <input_file id="fl-24">
         <path>./driverlib/MSP430F5xx_6xx/</path>
         <kind>object</kind>
         <file>rtc_b.obj</file>
         <name>rtc_b.obj</name>
      </input_file>
      <input_file id="fl-25">
         <path>./driverlib/MSP430F5xx_6xx/</path>
         <kind>object</kind>
         <file>rtc_c.obj</file>
         <name>rtc_c.obj</name>
      </input_file>
      <input_file id="fl-26">
         <path>./driverlib/MSP430F5xx_6xx/</path>
         <kind>object</kind>
         <file>sd24_b.obj</file>
         <name>sd24_b.obj</name>
      </input_file>
      <input_file id="fl-27">
         <path>./driverlib/MSP430F5xx_6xx/</path>
         <kind>object</kind>
         <file>sfr.obj</file>
         <name>sfr.obj</name>
      </input_file>
      <input_file id="fl-28">
         <path>./driverlib/MSP430F5xx_6xx/</path>
         <kind>object</kind>
         <file>sysctl.obj</file>
         <name>sysctl.obj</name>
      </input_file>
      <input_file id="fl-29">
         <path>./driverlib/MSP430F5xx_6xx/</path>
         <kind>object</kind>
         <file>tec.obj</file>
         <name>tec.obj</name>
      </input_file>
      <input_file id="fl-2a">
         <path>./driverlib/MSP430F5xx_6xx/</path>
         <kind>object</kind>
         <file>timer_a.obj</file>
         <name>timer_a.obj</name>
      </input_file>
      <input_file id="fl-2b">
         <path>./driverlib/MSP430F5xx_6xx/</path>
         <kind>object</kind>
         <file>timer_b.obj</file>
         <name>timer_b.obj</name>
      </input_file>
      <input_file id="fl-2c">
         <path>./driverlib/MSP430F5xx_6xx/</path>
         <kind>object</kind>
         <file>timer_d.obj</file>
         <name>timer_d.obj</name>
      </input_file>
      <input_file id="fl-2d">
         <path>./driverlib/MSP430F5xx_6xx/</path>
         <kind>object</kind>
         <file>tlv.obj</file>
         <name>tlv.obj</name>
      </input_file>
      <input_file id="fl-2e">
         <path>./driverlib/MSP430F5xx_6xx/</path>
         <kind>object</kind>
         <file>ucs.obj</file>
         <name>ucs.obj</name>
      </input_file>
      <input_file id="fl-2f">
         <path>./driverlib/MSP430F5xx_6xx/</path>
         <kind>object</kind>
         <file>usci_a_spi.obj</file>
         <name>usci_a_spi.obj</name>
      </input_file>
      <input_file id="fl-30">
         <path>./driverlib/MSP430F5xx_6xx/</path>
         <kind>object</kind>
         <file>usci_a_uart.obj</file>
         <name>usci_a_uart.obj</name>
      </input_file>
      <input_file id="fl-31">
         <path>./driverlib/MSP430F5xx_6xx/</path>
         <kind>object</kind>
         <file>usci_b_i2c.obj</file>
         <name>usci_b_i2c.obj</name>
      </input_file>
      <input_file id="fl-32">
         <path>./driverlib/MSP430F5xx_6xx/</path>
         <kind>object</kind>
         <file>usci_b_spi.obj</file>
         <name>usci_b_spi.obj</name>
      </input_file>
      <input_file id="fl-33">
         <path>./driverlib/MSP430F5xx_6xx/</path>
         <kind>object</kind>
         <file>wdt_a.obj</file>
         <name>wdt_a.obj</name>
      </input_file>
      <input_file id="fl-39">
         <kind>object</kind>
         <file>&lt;internal&gt;</file>
         <name>&lt;internal&gt;</name>
      </input_file>
      <input_file id="fl-54">
         <path>/home/raul/ti/ccsv8/tools/compiler/ti-cgt-msp430_18.1.2.LTS/lib/</path>
         <kind>archive</kind>
         <file>rts430x_lc_rd_eabi.lib</file>
         <name>div16s.asm.obj</name>
      </input_file>
      <input_file id="fl-55">
         <path>/home/raul/ti/ccsv8/tools/compiler/ti-cgt-msp430_18.1.2.LTS/lib/</path>
         <kind>archive</kind>
         <file>rts430x_lc_rd_eabi.lib</file>
         <name>div16u.asm.obj</name>
      </input_file>
      <input_file id="fl-56">
         <path>/home/raul/ti/ccsv8/tools/compiler/ti-cgt-msp430_18.1.2.LTS/lib/</path>
         <kind>archive</kind>
         <file>rts430x_lc_rd_eabi.lib</file>
         <name>div32s.asm.obj</name>
      </input_file>
      <input_file id="fl-57">
         <path>/home/raul/ti/ccsv8/tools/compiler/ti-cgt-msp430_18.1.2.LTS/lib/</path>
         <kind>archive</kind>
         <file>rts430x_lc_rd_eabi.lib</file>
         <name>div32u.asm.obj</name>
      </input_file>
      <input_file id="fl-58">
         <path>/home/raul/ti/ccsv8/tools/compiler/ti-cgt-msp430_18.1.2.LTS/lib/</path>
         <kind>archive</kind>
         <file>rts430x_lc_rd_eabi.lib</file>
         <name>fs_add.asm.obj</name>
      </input_file>
      <input_file id="fl-59">
         <path>/home/raul/ti/ccsv8/tools/compiler/ti-cgt-msp430_18.1.2.LTS/lib/</path>
         <kind>archive</kind>
         <file>rts430x_lc_rd_eabi.lib</file>
         <name>fs_div.asm.obj</name>
      </input_file>
      <input_file id="fl-5a">
         <path>/home/raul/ti/ccsv8/tools/compiler/ti-cgt-msp430_18.1.2.LTS/lib/</path>
         <kind>archive</kind>
         <file>rts430x_lc_rd_eabi.lib</file>
         <name>fs_mpy.asm.obj</name>
      </input_file>
      <input_file id="fl-5b">
         <path>/home/raul/ti/ccsv8/tools/compiler/ti-cgt-msp430_18.1.2.LTS/lib/</path>
         <kind>archive</kind>
         <file>rts430x_lc_rd_eabi.lib</file>
         <name>fs_tou.asm.obj</name>
      </input_file>
      <input_file id="fl-5c">
         <path>/home/raul/ti/ccsv8/tools/compiler/ti-cgt-msp430_18.1.2.LTS/lib/</path>
         <kind>archive</kind>
         <file>rts430x_lc_rd_eabi.lib</file>
         <name>fs_utof.asm.obj</name>
      </input_file>
      <input_file id="fl-5d">
         <path>/home/raul/ti/ccsv8/tools/compiler/ti-cgt-msp430_18.1.2.LTS/lib/</path>
         <kind>archive</kind>
         <file>rts430x_lc_rd_eabi.lib</file>
         <name>int43.asm.obj</name>
      </input_file>
      <input_file id="fl-5e">
         <path>/home/raul/ti/ccsv8/tools/compiler/ti-cgt-msp430_18.1.2.LTS/lib/</path>
         <kind>archive</kind>
         <file>rts430x_lc_rd_eabi.lib</file>
         <name>int44.asm.obj</name>
      </input_file>
      <input_file id="fl-5f">
         <path>/home/raul/ti/ccsv8/tools/compiler/ti-cgt-msp430_18.1.2.LTS/lib/</path>
         <kind>archive</kind>
         <file>rts430x_lc_rd_eabi.lib</file>
         <name>int45.asm.obj</name>
      </input_file>
      <input_file id="fl-60">
         <path>/home/raul/ti/ccsv8/tools/compiler/ti-cgt-msp430_18.1.2.LTS/lib/</path>
         <kind>archive</kind>
         <file>rts430x_lc_rd_eabi.lib</file>
         <name>int46.asm.obj</name>
      </input_file>
      <input_file id="fl-61">
         <path>/home/raul/ti/ccsv8/tools/compiler/ti-cgt-msp430_18.1.2.LTS/lib/</path>
         <kind>archive</kind>
         <file>rts430x_lc_rd_eabi.lib</file>
         <name>int47.asm.obj</name>
      </input_file>
      <input_file id="fl-62">
         <path>/home/raul/ti/ccsv8/tools/compiler/ti-cgt-msp430_18.1.2.LTS/lib/</path>
         <kind>archive</kind>
         <file>rts430x_lc_rd_eabi.lib</file>
         <name>int48.asm.obj</name>
      </input_file>
      <input_file id="fl-63">
         <path>/home/raul/ti/ccsv8/tools/compiler/ti-cgt-msp430_18.1.2.LTS/lib/</path>
         <kind>archive</kind>
         <file>rts430x_lc_rd_eabi.lib</file>
         <name>int49.asm.obj</name>
      </input_file>
      <input_file id="fl-64">
         <path>/home/raul/ti/ccsv8/tools/compiler/ti-cgt-msp430_18.1.2.LTS/lib/</path>
         <kind>archive</kind>
         <file>rts430x_lc_rd_eabi.lib</file>
         <name>int50.asm.obj</name>
      </input_file>
      <input_file id="fl-65">
         <path>/home/raul/ti/ccsv8/tools/compiler/ti-cgt-msp430_18.1.2.LTS/lib/</path>
         <kind>archive</kind>
         <file>rts430x_lc_rd_eabi.lib</file>
         <name>int51.asm.obj</name>
      </input_file>
      <input_file id="fl-66">
         <path>/home/raul/ti/ccsv8/tools/compiler/ti-cgt-msp430_18.1.2.LTS/lib/</path>
         <kind>archive</kind>
         <file>rts430x_lc_rd_eabi.lib</file>
         <name>int52.asm.obj</name>
      </input_file>
      <input_file id="fl-67">
         <path>/home/raul/ti/ccsv8/tools/compiler/ti-cgt-msp430_18.1.2.LTS/lib/</path>
         <kind>archive</kind>
         <file>rts430x_lc_rd_eabi.lib</file>
         <name>int53.asm.obj</name>
      </input_file>
      <input_file id="fl-68">
         <path>/home/raul/ti/ccsv8/tools/compiler/ti-cgt-msp430_18.1.2.LTS/lib/</path>
         <kind>archive</kind>
         <file>rts430x_lc_rd_eabi.lib</file>
         <name>int54.asm.obj</name>
      </input_file>
      <input_file id="fl-69">
         <path>/home/raul/ti/ccsv8/tools/compiler/ti-cgt-msp430_18.1.2.LTS/lib/</path>
         <kind>archive</kind>
         <file>rts430x_lc_rd_eabi.lib</file>
         <name>int55.asm.obj</name>
      </input_file>
      <input_file id="fl-6a">
         <path>/home/raul/ti/ccsv8/tools/compiler/ti-cgt-msp430_18.1.2.LTS/lib/</path>
         <kind>archive</kind>
         <file>rts430x_lc_rd_eabi.lib</file>
         <name>int57.asm.obj</name>
      </input_file>
      <input_file id="fl-6b">
         <path>/home/raul/ti/ccsv8/tools/compiler/ti-cgt-msp430_18.1.2.LTS/lib/</path>
         <kind>archive</kind>
         <file>rts430x_lc_rd_eabi.lib</file>
         <name>int58.asm.obj</name>
      </input_file>
      <input_file id="fl-6c">
         <path>/home/raul/ti/ccsv8/tools/compiler/ti-cgt-msp430_18.1.2.LTS/lib/</path>
         <kind>archive</kind>
         <file>rts430x_lc_rd_eabi.lib</file>
         <name>int59.asm.obj</name>
      </input_file>
      <input_file id="fl-6d">
         <path>/home/raul/ti/ccsv8/tools/compiler/ti-cgt-msp430_18.1.2.LTS/lib/</path>
         <kind>archive</kind>
         <file>rts430x_lc_rd_eabi.lib</file>
         <name>int60.asm.obj</name>
      </input_file>
      <input_file id="fl-6e">
         <path>/home/raul/ti/ccsv8/tools/compiler/ti-cgt-msp430_18.1.2.LTS/lib/</path>
         <kind>archive</kind>
         <file>rts430x_lc_rd_eabi.lib</file>
         <name>int61.asm.obj</name>
      </input_file>
      <input_file id="fl-6f">
         <path>/home/raul/ti/ccsv8/tools/compiler/ti-cgt-msp430_18.1.2.LTS/lib/</path>
         <kind>archive</kind>
         <file>rts430x_lc_rd_eabi.lib</file>
         <name>int62.asm.obj</name>
      </input_file>
      <input_file id="fl-70">
         <path>/home/raul/ti/ccsv8/tools/compiler/ti-cgt-msp430_18.1.2.LTS/lib/</path>
         <kind>archive</kind>
         <file>rts430x_lc_rd_eabi.lib</file>
         <name>isr_trap.asm.obj</name>
      </input_file>
      <input_file id="fl-71">
         <path>/home/raul/ti/ccsv8/tools/compiler/ti-cgt-msp430_18.1.2.LTS/lib/</path>
         <kind>archive</kind>
         <file>rts430x_lc_rd_eabi.lib</file>
         <name>lsl16.asm.obj</name>
      </input_file>
      <input_file id="fl-72">
         <path>/home/raul/ti/ccsv8/tools/compiler/ti-cgt-msp430_18.1.2.LTS/lib/</path>
         <kind>archive</kind>
         <file>rts430x_lc_rd_eabi.lib</file>
         <name>lsr16.asm.obj</name>
      </input_file>
      <input_file id="fl-73">
         <path>/home/raul/ti/ccsv8/tools/compiler/ti-cgt-msp430_18.1.2.LTS/lib/</path>
         <kind>archive</kind>
         <file>rts430x_lc_rd_eabi.lib</file>
         <name>mult16.asm.obj</name>
      </input_file>
      <input_file id="fl-74">
         <path>/home/raul/ti/ccsv8/tools/compiler/ti-cgt-msp430_18.1.2.LTS/lib/</path>
         <kind>archive</kind>
         <file>rts430x_lc_rd_eabi.lib</file>
         <name>mult16_f5hw.asm.obj</name>
      </input_file>
      <input_file id="fl-75">
         <path>/home/raul/ti/ccsv8/tools/compiler/ti-cgt-msp430_18.1.2.LTS/lib/</path>
         <kind>archive</kind>
         <file>rts430x_lc_rd_eabi.lib</file>
         <name>mult1632_f5hw.asm.obj</name>
      </input_file>
      <input_file id="fl-76">
         <path>/home/raul/ti/ccsv8/tools/compiler/ti-cgt-msp430_18.1.2.LTS/lib/</path>
         <kind>archive</kind>
         <file>rts430x_lc_rd_eabi.lib</file>
         <name>mult32.asm.obj</name>
      </input_file>
      <input_file id="fl-77">
         <path>/home/raul/ti/ccsv8/tools/compiler/ti-cgt-msp430_18.1.2.LTS/lib/</path>
         <kind>archive</kind>
         <file>rts430x_lc_rd_eabi.lib</file>
         <name>mult32_f5hw.asm.obj</name>
      </input_file>
      <input_file id="fl-78">
         <path>/home/raul/ti/ccsv8/tools/compiler/ti-cgt-msp430_18.1.2.LTS/lib/</path>
         <kind>archive</kind>
         <file>rts430x_lc_rd_eabi.lib</file>
         <name>mult3264_f5hw.asm.obj</name>
      </input_file>
      <input_file id="fl-79">
         <path>/home/raul/ti/ccsv8/tools/compiler/ti-cgt-msp430_18.1.2.LTS/lib/</path>
         <kind>archive</kind>
         <file>rts430x_lc_rd_eabi.lib</file>
         <name>mult64_f5hw.asm.obj</name>
      </input_file>
      <input_file id="fl-7a">
         <path>/home/raul/ti/ccsv8/tools/compiler/ti-cgt-msp430_18.1.2.LTS/lib/</path>
         <kind>archive</kind>
         <file>rts430x_lc_rd_eabi.lib</file>
         <name>boot.c.obj</name>
      </input_file>
      <input_file id="fl-7b">
         <path>/home/raul/ti/ccsv8/tools/compiler/ti-cgt-msp430_18.1.2.LTS/lib/</path>
         <kind>archive</kind>
         <file>rts430x_lc_rd_eabi.lib</file>
         <name>autoinit.c.obj</name>
      </input_file>
      <input_file id="fl-7c">
         <path>/home/raul/ti/ccsv8/tools/compiler/ti-cgt-msp430_18.1.2.LTS/lib/</path>
         <kind>archive</kind>
         <file>rts430x_lc_rd_eabi.lib</file>
         <name>copy_zero_init.c.obj</name>
      </input_file>
      <input_file id="fl-7d">
         <path>/home/raul/ti/ccsv8/tools/compiler/ti-cgt-msp430_18.1.2.LTS/lib/</path>
         <kind>archive</kind>
         <file>rts430x_lc_rd_eabi.lib</file>
         <name>cpy_tbl.c.obj</name>
      </input_file>
      <input_file id="fl-7e">
         <path>/home/raul/ti/ccsv8/tools/compiler/ti-cgt-msp430_18.1.2.LTS/lib/</path>
         <kind>archive</kind>
         <file>rts430x_lc_rd_eabi.lib</file>
         <name>mpu_init.c.obj</name>
      </input_file>
      <input_file id="fl-7f">
         <path>/home/raul/ti/ccsv8/tools/compiler/ti-cgt-msp430_18.1.2.LTS/lib/</path>
         <kind>archive</kind>
         <file>rts430x_lc_rd_eabi.lib</file>
         <name>pre_init.c.obj</name>
      </input_file>
      <input_file id="fl-80">
         <path>/home/raul/ti/ccsv8/tools/compiler/ti-cgt-msp430_18.1.2.LTS/lib/</path>
         <kind>archive</kind>
         <file>rts430x_lc_rd_eabi.lib</file>
         <name>startup.c.obj</name>
      </input_file>
      <input_file id="fl-81">
         <path>/home/raul/ti/ccsv8/tools/compiler/ti-cgt-msp430_18.1.2.LTS/lib/</path>
         <kind>archive</kind>
         <file>rts430x_lc_rd_eabi.lib</file>
         <name>copy_decompress_none.c.obj</name>
      </input_file>
      <input_file id="fl-82">
         <path>/home/raul/ti/ccsv8/tools/compiler/ti-cgt-msp430_18.1.2.LTS/lib/</path>
         <kind>archive</kind>
         <file>rts430x_lc_rd_eabi.lib</file>
         <name>copy_decompress_lzss.c.obj</name>
      </input_file>
      <input_file id="fl-83">
         <path>/home/raul/ti/ccsv8/tools/compiler/ti-cgt-msp430_18.1.2.LTS/lib/</path>
         <kind>archive</kind>
         <file>rts430x_lc_rd_eabi.lib</file>
         <name>exit.c.obj</name>
      </input_file>
      <input_file id="fl-84">
         <path>/home/raul/ti/ccsv8/tools/compiler/ti-cgt-msp430_18.1.2.LTS/lib/</path>
         <kind>archive</kind>
         <file>rts430x_lc_rd_eabi.lib</file>
         <name>_lock.c.obj</name>
      </input_file>
      <input_file id="fl-85">
         <path>/home/raul/ti/ccsv8/tools/compiler/ti-cgt-msp430_18.1.2.LTS/lib/</path>
         <kind>archive</kind>
         <file>rts430x_lc_rd_eabi.lib</file>
         <name>args_main.c.obj</name>
      </input_file>
      <input_file id="fl-86">
         <path>/home/raul/ti/ccsv8/tools/compiler/ti-cgt-msp430_18.1.2.LTS/lib/</path>
         <kind>archive</kind>
         <file>rts430x_lc_rd_eabi.lib</file>
         <name>memcpy.c.obj</name>
      </input_file>
      <input_file id="fl-87">
         <path>/home/raul/ti/ccsv8/tools/compiler/ti-cgt-msp430_18.1.2.LTS/lib/</path>
         <kind>archive</kind>
         <file>rts430x_lc_rd_eabi.lib</file>
         <name>strcpy.c.obj</name>
      </input_file>
      <input_file id="fl-88">
         <path>/home/raul/ti/ccsv8/tools/compiler/ti-cgt-msp430_18.1.2.LTS/lib/</path>
         <kind>archive</kind>
         <file>rts430x_lc_rd_eabi.lib</file>
         <name>exit_gvars.c.obj</name>
      </input_file>
   </input_file_list>
   <object_component_list>
      <object_component id="oc-5e1">
         <name>.bss</name>
         <uninitialized>true</uninitialized>
         <run_address>0x2452</run_address>
         <size>0x1</size>
         <input_file_ref idref="fl-3"/>
      </object_component>
      <object_component id="oc-423">
         <name>.common:theHD44780</name>
         <uninitialized>true</uninitialized>
         <run_address>0x2434</run_address>
         <size>0xe</size>
      </object_component>
      <object_component id="oc-41a">
         <name>.common:display</name>
         <uninitialized>true</uninitialized>
         <run_address>0x2400</run_address>
         <size>0x34</size>
      </object_component>
      <object_component id="oc-405">
         <name>.common:hora_alarme1</name>
         <uninitialized>true</uninitialized>
         <run_address>0x2446</run_address>
         <size>0x2</size>
      </object_component>
      <object_component id="oc-40a">
         <name>.common:hora_alarme2</name>
         <uninitialized>true</uninitialized>
         <run_address>0x2448</run_address>
         <size>0x2</size>
      </object_component>
      <object_component id="oc-40b">
         <name>.common:hora_alarme3</name>
         <uninitialized>true</uninitialized>
         <run_address>0x244a</run_address>
         <size>0x2</size>
      </object_component>
      <object_component id="oc-40c">
         <name>.common:tempo_motor</name>
         <uninitialized>true</uninitialized>
         <run_address>0x2450</run_address>
         <size>0x2</size>
      </object_component>
      <object_component id="oc-4a0">
         <name>.common:buzzer</name>
         <uninitialized>true</uninitialized>
         <run_address>0x2453</run_address>
         <size>0x1</size>
      </object_component>
      <object_component id="oc-3fd">
         <name>.common:hora_atual</name>
         <uninitialized>true</uninitialized>
         <run_address>0x244c</run_address>
         <size>0x2</size>
      </object_component>
      <object_component id="oc-4ba">
         <name>.common:nivel_dist</name>
         <uninitialized>true</uninitialized>
         <run_address>0x244e</run_address>
         <size>0x2</size>
      </object_component>
      <object_component id="oc-43b">
         <name>.common:Comando</name>
         <uninitialized>true</uninitialized>
         <run_address>0x2442</run_address>
         <size>0x4</size>
      </object_component>
      <object_component id="oc-584">
         <name>.data:buzzerTimer</name>
         <load_address>0x2454</load_address>
         <run_address>0x2454</run_address>
         <size>0xc</size>
         <input_file_ref idref="fl-7"/>
      </object_component>
      <object_component id="oc-58e">
         <name>.data:motorTimer</name>
         <load_address>0x2460</load_address>
         <run_address>0x2460</run_address>
         <size>0xc</size>
         <input_file_ref idref="fl-9"/>
      </object_component>
      <object_component id="oc-766">
         <name>.data:SR04Timer</name>
         <load_address>0x246c</load_address>
         <run_address>0x246c</run_address>
         <size>0xa</size>
         <input_file_ref idref="fl-a"/>
      </object_component>
      <object_component id="oc-438">
         <name>.data</name>
         <load_address>0x247e</load_address>
         <run_address>0x247e</run_address>
         <size>0x4</size>
         <input_file_ref idref="fl-b"/>
      </object_component>
      <object_component id="oc-736">
         <name>.data</name>
         <load_address>0x2476</load_address>
         <run_address>0x2476</run_address>
         <size>0x8</size>
         <input_file_ref idref="fl-2e"/>
      </object_component>
      <object_component id="oc-37d">
         <name>.stack</name>
         <uninitialized>true</uninitialized>
         <run_address>0x4360</run_address>
         <size>0x4</size>
         <input_file_ref idref="fl-7a"/>
      </object_component>
      <object_component id="oc-841">
         <name>.stack</name>
         <uninitialized>true</uninitialized>
         <run_address>0x4360</run_address>
         <size>0x0</size>
      </object_component>
      <object_component id="oc-4d3">
         <name>.text:displaySetState</name>
         <load_address>0x10000</load_address>
         <run_address>0x10000</run_address>
         <size>0x17a</size>
         <input_file_ref idref="fl-3"/>
      </object_component>
      <object_component id="oc-5a0">
         <name>.text</name>
         <load_address>0x1017a</load_address>
         <run_address>0x1017a</run_address>
         <size>0x132</size>
         <input_file_ref idref="fl-58"/>
      </object_component>
      <object_component id="oc-62f">
         <name>.text:fn_alarme2</name>
         <load_address>0x102ac</load_address>
         <run_address>0x102ac</run_address>
         <size>0x118</size>
         <input_file_ref idref="fl-4"/>
      </object_component>
      <object_component id="oc-629">
         <name>.text:fn_alarme1</name>
         <load_address>0x103c4</load_address>
         <run_address>0x103c4</run_address>
         <size>0x116</size>
         <input_file_ref idref="fl-4"/>
      </object_component>
      <object_component id="oc-635">
         <name>.text:fn_alarme3</name>
         <load_address>0x104da</load_address>
         <run_address>0x104da</run_address>
         <size>0x116</size>
         <input_file_ref idref="fl-4"/>
      </object_component>
      <object_component id="oc-515">
         <name>.text:HD44780_begin</name>
         <load_address>0x105f0</load_address>
         <run_address>0x105f0</run_address>
         <size>0xea</size>
         <input_file_ref idref="fl-5"/>
      </object_component>
      <object_component id="oc-73d">
         <name>.text:UCS_initFLL</name>
         <load_address>0x106da</load_address>
         <run_address>0x106da</run_address>
         <size>0xe2</size>
         <input_file_ref idref="fl-2e"/>
      </object_component>
      <object_component id="oc-727">
         <name>.text:PMM_setVCoreUp</name>
         <load_address>0x107bc</load_address>
         <run_address>0x107bc</run_address>
         <size>0xe0</size>
         <input_file_ref idref="fl-20"/>
      </object_component>
      <object_component id="oc-52d">
         <name>.text:config_BCS</name>
         <load_address>0x1089c</load_address>
         <run_address>0x1089c</run_address>
         <size>0xbe</size>
         <input_file_ref idref="fl-8"/>
      </object_component>
      <object_component id="oc-596">
         <name>.text</name>
         <load_address>0x1095a</load_address>
         <run_address>0x1095a</run_address>
         <size>0xb8</size>
         <input_file_ref idref="fl-5a"/>
      </object_component>
      <object_component id="oc-680">
         <name>.text:UCS_initClockSignal</name>
         <load_address>0x10a12</load_address>
         <run_address>0x10a12</run_address>
         <size>0xa6</size>
         <input_file_ref idref="fl-2e"/>
      </object_component>
      <object_component id="oc-72d">
         <name>.text:PMM_setVCoreDown</name>
         <load_address>0x10ab8</load_address>
         <run_address>0x10ab8</run_address>
         <size>0xa2</size>
         <input_file_ref idref="fl-20"/>
      </object_component>
      <object_component id="oc-456">
         <name>.text:main</name>
         <load_address>0x10b5a</load_address>
         <run_address>0x10b5a</run_address>
         <size>0xa0</size>
         <input_file_ref idref="fl-2"/>
      </object_component>
      <object_component id="oc-59b">
         <name>.text</name>
         <load_address>0x10bfa</load_address>
         <run_address>0x10bfa</run_address>
         <size>0x90</size>
         <input_file_ref idref="fl-59"/>
      </object_component>
      <object_component id="oc-68d">
         <name>.text:config_RTC</name>
         <load_address>0x10c8a</load_address>
         <run_address>0x10c8a</run_address>
         <size>0x88</size>
         <input_file_ref idref="fl-8"/>
      </object_component>
      <object_component id="oc-63b">
         <name>.text:fn_tmpAberto</name>
         <load_address>0x10d12</load_address>
         <run_address>0x10d12</run_address>
         <size>0x88</size>
         <input_file_ref idref="fl-4"/>
      </object_component>
      <object_component id="oc-623">
         <name>.text:fn_off</name>
         <load_address>0x10d9a</load_address>
         <run_address>0x10d9a</run_address>
         <size>0x82</size>
         <input_file_ref idref="fl-4"/>
      </object_component>
      <object_component id="oc-4ff">
         <name>.text:UART_get_status</name>
         <load_address>0x10e1c</load_address>
         <run_address>0x10e1c</run_address>
         <size>0x7a</size>
         <input_file_ref idref="fl-b"/>
      </object_component>
      <object_component id="oc-6d">
         <name>.text:decompress:lzss:__TI_decompress_lzss</name>
         <load_address>0x10e96</load_address>
         <run_address>0x10e96</run_address>
         <size>0x76</size>
         <input_file_ref idref="fl-82"/>
      </object_component>
      <object_component id="oc-4a7">
         <name>.text:set_MotorAngle</name>
         <load_address>0x10f0c</load_address>
         <run_address>0x10f0c</run_address>
         <size>0x76</size>
         <input_file_ref idref="fl-9"/>
      </object_component>
      <object_component id="oc-587">
         <name>.text:Timer_A_outputPWM</name>
         <load_address>0x10f82</load_address>
         <run_address>0x10f82</run_address>
         <size>0x72</size>
         <input_file_ref idref="fl-2a"/>
      </object_component>
      <object_component id="oc-745">
         <name>.text:RTC_A_initCalendar</name>
         <load_address>0x10ff4</load_address>
         <run_address>0x10ff4</run_address>
         <size>0x68</size>
         <input_file_ref idref="fl-23"/>
      </object_component>
      <object_component id="oc-4b4">
         <name>.text:get_Distance</name>
         <load_address>0x1105c</load_address>
         <run_address>0x1105c</run_address>
         <size>0x5a</size>
         <input_file_ref idref="fl-a"/>
      </object_component>
      <object_component id="oc-717">
         <name>.text:displayTurnOn</name>
         <load_address>0x110b6</load_address>
         <run_address>0x110b6</run_address>
         <size>0x56</size>
         <input_file_ref idref="fl-3"/>
      </object_component>
      <object_component id="oc-414">
         <name>.text:getButtonFlag</name>
         <load_address>0x1110c</load_address>
         <run_address>0x1110c</run_address>
         <size>0x56</size>
         <input_file_ref idref="fl-3"/>
      </object_component>
      <object_component id="oc-55e">
         <name>.text:__TI_auto_init_nobinit_nopinit_hold_wdt:__TI_auto_init_nobinit_nopinit_hold_wdt</name>
         <load_address>0x11162</load_address>
         <run_address>0x11162</run_address>
         <size>0x54</size>
         <input_file_ref idref="fl-7b"/>
      </object_component>
      <object_component id="oc-50f">
         <name>.text:HD44780_init</name>
         <load_address>0x111b6</load_address>
         <run_address>0x111b6</run_address>
         <size>0x52</size>
         <input_file_ref idref="fl-5"/>
      </object_component>
      <object_component id="oc-65c">
         <name>.text:PMM_setVCore</name>
         <load_address>0x11208</load_address>
         <run_address>0x11208</run_address>
         <size>0x52</size>
         <input_file_ref idref="fl-20"/>
      </object_component>
      <object_component id="oc-4f9">
         <name>.text:UART_Alarme</name>
         <load_address>0x1125a</load_address>
         <run_address>0x1125a</run_address>
         <size>0x52</size>
         <input_file_ref idref="fl-b"/>
      </object_component>
      <object_component id="oc-769">
         <name>.text:Timer_B_initContinuousMode</name>
         <load_address>0x112ac</load_address>
         <run_address>0x112ac</run_address>
         <size>0x50</size>
         <input_file_ref idref="fl-2b"/>
      </object_component>
      <object_component id="oc-616">
         <name>.text:HD44780_write4bits</name>
         <load_address>0x112fc</load_address>
         <run_address>0x112fc</run_address>
         <size>0x4c</size>
         <input_file_ref idref="fl-5"/>
      </object_component>
      <object_component id="oc-4df">
         <name>.text:HD44780_setCursor</name>
         <load_address>0x11348</load_address>
         <run_address>0x11348</run_address>
         <size>0x4a</size>
         <input_file_ref idref="fl-5"/>
      </object_component>
      <object_component id="oc-70f">
         <name>.text:HD44780_pulseEnable</name>
         <load_address>0x11392</load_address>
         <run_address>0x11392</run_address>
         <size>0x46</size>
         <input_file_ref idref="fl-5"/>
      </object_component>
      <object_component id="oc-5a5">
         <name>.text</name>
         <load_address>0x113d8</load_address>
         <run_address>0x113d8</run_address>
         <size>0x46</size>
         <input_file_ref idref="fl-5b"/>
      </object_component>
      <object_component id="oc-69f">
         <name>.text:config_SR04</name>
         <load_address>0x1141e</load_address>
         <run_address>0x1141e</run_address>
         <size>0x40</size>
         <input_file_ref idref="fl-a"/>
      </object_component>
      <object_component id="oc-649">
         <name>.text:GPIO_setAsInputPinWithPullDownResistor</name>
         <load_address>0x1145e</load_address>
         <run_address>0x1145e</run_address>
         <size>0x3e</size>
         <input_file_ref idref="fl-1a"/>
      </object_component>
      <object_component id="oc-521">
         <name>.text:initDisplay</name>
         <load_address>0x1149c</load_address>
         <run_address>0x1149c</run_address>
         <size>0x3e</size>
         <input_file_ref idref="fl-3"/>
      </object_component>
      <object_component id="oc-527">
         <name>.text:Display_Config</name>
         <load_address>0x114da</load_address>
         <run_address>0x114da</run_address>
         <size>0x38</size>
         <input_file_ref idref="fl-3"/>
      </object_component>
      <object_component id="oc-674">
         <name>.text:UCS_turnOnLFXT1</name>
         <load_address>0x11512</load_address>
         <run_address>0x11512</run_address>
         <size>0x38</size>
         <input_file_ref idref="fl-2e"/>
      </object_component>
      <object_component id="oc-699">
         <name>.text:config_Motor</name>
         <load_address>0x1154a</load_address>
         <run_address>0x1154a</run_address>
         <size>0x38</size>
         <input_file_ref idref="fl-9"/>
      </object_component>
      <object_component id="oc-686">
         <name>.text:UCS_initFLLSettle</name>
         <load_address>0x11582</load_address>
         <run_address>0x11582</run_address>
         <size>0x36</size>
         <input_file_ref idref="fl-2e"/>
      </object_component>
      <object_component id="oc-702">
         <name>.text:GPIO_setAsInputPin</name>
         <load_address>0x115b8</load_address>
         <run_address>0x115b8</run_address>
         <size>0x34</size>
         <input_file_ref idref="fl-1a"/>
      </object_component>
      <object_component id="oc-751">
         <name>.text:RTC_A_clearInterrupt</name>
         <load_address>0x115ec</load_address>
         <run_address>0x115ec</run_address>
         <size>0x34</size>
         <input_file_ref idref="fl-23"/>
      </object_component>
      <object_component id="oc-67a">
         <name>.text:UCS_turnOnXT2</name>
         <load_address>0x11620</load_address>
         <run_address>0x11620</run_address>
         <size>0x34</size>
         <input_file_ref idref="fl-2e"/>
      </object_component>
      <object_component id="oc-4ad">
         <name>.text:delayMilliseconds</name>
         <load_address>0x11654</load_address>
         <run_address>0x11654</run_address>
         <size>0x34</size>
         <input_file_ref idref="fl-6"/>
      </object_component>
      <object_component id="oc-424">
         <name>.text:displayUpdate</name>
         <load_address>0x11688</load_address>
         <run_address>0x11688</run_address>
         <size>0x34</size>
         <input_file_ref idref="fl-3"/>
      </object_component>
      <object_component id="oc-40d">
         <name>.text:Abrir_Valvula</name>
         <load_address>0x116bc</load_address>
         <run_address>0x116bc</run_address>
         <size>0x32</size>
         <input_file_ref idref="fl-8"/>
      </object_component>
      <object_component id="oc-43c">
         <name>.text:Parser_Comandos</name>
         <load_address>0x116ee</load_address>
         <run_address>0x116ee</run_address>
         <size>0x32</size>
         <input_file_ref idref="fl-b"/>
      </object_component>
      <object_component id="oc-5c3">
         <name>.text:Timer_B_getCounterValue</name>
         <load_address>0x11720</load_address>
         <run_address>0x11720</run_address>
         <size>0x32</size>
         <input_file_ref idref="fl-2b"/>
      </object_component>
      <object_component id="oc-693">
         <name>.text:config_Buzzer</name>
         <load_address>0x11752</load_address>
         <run_address>0x11752</run_address>
         <size>0x32</size>
         <input_file_ref idref="fl-7"/>
      </object_component>
      <object_component id="oc-4c2">
         <name>.text:GPIO_getInterruptStatus</name>
         <load_address>0x11784</load_address>
         <run_address>0x11784</run_address>
         <size>0x30</size>
         <input_file_ref idref="fl-1a"/>
      </object_component>
      <object_component id="oc-655">
         <name>.text:GPIO_selectInterruptEdge</name>
         <load_address>0x117b4</load_address>
         <run_address>0x117b4</run_address>
         <size>0x2e</size>
         <input_file_ref idref="fl-1a"/>
      </object_component>
      <object_component id="oc-757">
         <name>.text:RTC_A_enableInterrupt</name>
         <load_address>0x117e2</load_address>
         <run_address>0x117e2</run_address>
         <size>0x2e</size>
         <input_file_ref idref="fl-23"/>
      </object_component>
      <object_component id="oc-533">
         <name>.text:config_IO</name>
         <load_address>0x11810</load_address>
         <run_address>0x11810</run_address>
         <size>0x2e</size>
         <input_file_ref idref="fl-8"/>
      </object_component>
      <object_component id="oc-5dc">
         <name>.text</name>
         <load_address>0x1183e</load_address>
         <run_address>0x1183e</run_address>
         <size>0x2c</size>
         <input_file_ref idref="fl-54"/>
      </object_component>
      <object_component id="oc-6f3">
         <name>.text:HD44780_send</name>
         <load_address>0x1186a</load_address>
         <run_address>0x1186a</run_address>
         <size>0x2a</size>
         <input_file_ref idref="fl-5"/>
      </object_component>
      <object_component id="oc-51b">
         <name>.text:initStateMachine</name>
         <load_address>0x11894</load_address>
         <run_address>0x11894</run_address>
         <size>0x2a</size>
         <input_file_ref idref="fl-4"/>
      </object_component>
      <object_component id="oc-643">
         <name>.text:GPIO_setAsOutputPin</name>
         <load_address>0x118be</load_address>
         <run_address>0x118be</run_address>
         <size>0x28</size>
         <input_file_ref idref="fl-1a"/>
      </object_component>
      <object_component id="oc-662">
         <name>.text:GPIO_setAsPeripheralModuleFunctionInputPin</name>
         <load_address>0x118e6</load_address>
         <run_address>0x118e6</run_address>
         <size>0x28</size>
         <input_file_ref idref="fl-1a"/>
      </object_component>
      <object_component id="oc-668">
         <name>.text:GPIO_setAsPeripheralModuleFunctionOutputPin</name>
         <load_address>0x1190e</load_address>
         <run_address>0x1190e</run_address>
         <size>0x28</size>
         <input_file_ref idref="fl-1a"/>
      </object_component>
      <object_component id="oc-4a1">
         <name>.text:set_BuzzerOn</name>
         <load_address>0x11936</load_address>
         <run_address>0x11936</run_address>
         <size>0x26</size>
         <input_file_ref idref="fl-7"/>
      </object_component>
      <object_component id="oc-3b0">
         <name>.text:decompress:ZI:__TI_zero_init_nomemset:__TI_zero_init_nomemset</name>
         <load_address>0x1195c</load_address>
         <run_address>0x1195c</run_address>
         <size>0x24</size>
         <input_file_ref idref="fl-7c"/>
      </object_component>
      <object_component id="oc-591">
         <name>.text</name>
         <load_address>0x11980</load_address>
         <run_address>0x11980</run_address>
         <size>0x24</size>
         <input_file_ref idref="fl-5c"/>
      </object_component>
      <object_component id="oc-4ed">
         <name>.text:UART_Buzzer</name>
         <load_address>0x119a4</load_address>
         <run_address>0x119a4</run_address>
         <size>0x22</size>
         <input_file_ref idref="fl-b"/>
      </object_component>
      <object_component id="oc-5f9">
         <name>.text:USCI_A_UART_transmitData</name>
         <load_address>0x119c6</load_address>
         <run_address>0x119c6</run_address>
         <size>0x20</size>
         <input_file_ref idref="fl-30"/>
      </object_component>
      <object_component id="oc-509">
         <name>.text:WDT_A_hold</name>
         <load_address>0x119e6</load_address>
         <run_address>0x119e6</run_address>
         <size>0x20</size>
         <input_file_ref idref="fl-33"/>
      </object_component>
      <object_component id="oc-42a">
         <name>.text:GPIO_clearInterrupt</name>
         <load_address>0x11a06</load_address>
         <run_address>0x11a06</run_address>
         <size>0x1e</size>
         <input_file_ref idref="fl-1a"/>
      </object_component>
      <object_component id="oc-64f">
         <name>.text:GPIO_enableInterrupt</name>
         <load_address>0x11a24</load_address>
         <run_address>0x11a24</run_address>
         <size>0x1e</size>
         <input_file_ref idref="fl-1a"/>
      </object_component>
      <object_component id="oc-432">
         <name>.text:USCI_A_UART_receiveData</name>
         <load_address>0x11a42</load_address>
         <run_address>0x11a42</run_address>
         <size>0x1e</size>
         <input_file_ref idref="fl-30"/>
      </object_component>
      <object_component id="oc-5bd">
         <name>.text:GPIO_getInputPinValue</name>
         <load_address>0x11a60</load_address>
         <run_address>0x11a60</run_address>
         <size>0x1c</size>
         <input_file_ref idref="fl-1a"/>
      </object_component>
      <object_component id="oc-5b1">
         <name>.text:GPIO_setOutputHighOnPin</name>
         <load_address>0x11a7c</load_address>
         <run_address>0x11a7c</run_address>
         <size>0x1c</size>
         <input_file_ref idref="fl-1a"/>
      </object_component>
      <object_component id="oc-5b7">
         <name>.text:GPIO_setOutputLowOnPin</name>
         <load_address>0x11a98</load_address>
         <run_address>0x11a98</run_address>
         <size>0x1c</size>
         <input_file_ref idref="fl-1a"/>
      </object_component>
      <object_component id="oc-4cd">
         <name>.text:displayClear</name>
         <load_address>0x11ab4</load_address>
         <run_address>0x11ab4</run_address>
         <size>0x1c</size>
         <input_file_ref idref="fl-3"/>
      </object_component>
      <object_component id="oc-4d9">
         <name>.text:HD44780_print_string</name>
         <load_address>0x11ad0</load_address>
         <run_address>0x11ad0</run_address>
         <size>0x1a</size>
         <input_file_ref idref="fl-5"/>
      </object_component>
      <object_component id="oc-5ab">
         <name>.text:delayMicroseconds</name>
         <load_address>0x11aea</load_address>
         <run_address>0x11aea</run_address>
         <size>0x18</size>
         <input_file_ref idref="fl-6"/>
      </object_component>
      <object_component id="oc-601">
         <name>.text</name>
         <load_address>0x11b02</load_address>
         <run_address>0x11b02</run_address>
         <size>0x18</size>
         <input_file_ref idref="fl-74"/>
      </object_component>
      <object_component id="oc-4f3">
         <name>.text:UART_Manual</name>
         <load_address>0x11b1a</load_address>
         <run_address>0x11b1a</run_address>
         <size>0x16</size>
         <input_file_ref idref="fl-b"/>
      </object_component>
      <object_component id="oc-400">
         <name>.text</name>
         <load_address>0x11b30</load_address>
         <run_address>0x11b30</run_address>
         <size>0x16</size>
         <input_file_ref idref="fl-55"/>
      </object_component>
      <object_component id="oc-610">
         <name>.text:digitalWrite</name>
         <load_address>0x11b46</load_address>
         <run_address>0x11b46</run_address>
         <size>0x14</size>
         <input_file_ref idref="fl-6"/>
      </object_component>
      <object_component id="oc-38c">
         <name>.text:memcpy</name>
         <load_address>0x11b5a</load_address>
         <run_address>0x11b5a</run_address>
         <size>0x14</size>
         <input_file_ref idref="fl-86"/>
      </object_component>
      <object_component id="oc-609">
         <name>.text:pinMode</name>
         <load_address>0x11b6e</load_address>
         <run_address>0x11b6e</run_address>
         <size>0x14</size>
         <input_file_ref idref="fl-6"/>
      </object_component>
      <object_component id="oc-66e">
         <name>.text:UCS_setExternalClockSource</name>
         <load_address>0x11b82</load_address>
         <run_address>0x11b82</run_address>
         <size>0x12</size>
         <input_file_ref idref="fl-2e"/>
      </object_component>
      <object_component id="oc-73">
         <name>.text:decompress:none:__TI_decompress_none</name>
         <load_address>0x11b94</load_address>
         <run_address>0x11b94</run_address>
         <size>0x12</size>
         <input_file_ref idref="fl-81"/>
      </object_component>
      <object_component id="oc-5d5">
         <name>.text:strcpy</name>
         <load_address>0x11ba6</load_address>
         <run_address>0x11ba6</run_address>
         <size>0x12</size>
         <input_file_ref idref="fl-87"/>
      </object_component>
      <object_component id="oc-5ce">
         <name>.text:HD44780_clear</name>
         <load_address>0x11bb8</load_address>
         <run_address>0x11bb8</run_address>
         <size>0x10</size>
         <input_file_ref idref="fl-5"/>
      </object_component>
      <object_component id="oc-61c">
         <name>.text:HD44780_display</name>
         <load_address>0x11bc8</load_address>
         <run_address>0x11bc8</run_address>
         <size>0x10</size>
         <input_file_ref idref="fl-5"/>
      </object_component>
      <object_component id="oc-41d">
         <name>.text:exeStateMachine</name>
         <load_address>0x11bd8</load_address>
         <run_address>0x11bd8</run_address>
         <size>0x10</size>
         <input_file_ref idref="fl-4"/>
      </object_component>
      <object_component id="oc-74b">
         <name>.text:RTC_A_setCalendarEvent</name>
         <load_address>0x11be8</load_address>
         <run_address>0x11be8</run_address>
         <size>0xc</size>
         <input_file_ref idref="fl-23"/>
      </object_component>
      <object_component id="oc-75d">
         <name>.text:RTC_A_startClock</name>
         <load_address>0x11bf4</load_address>
         <run_address>0x11bf4</run_address>
         <size>0xc</size>
         <input_file_ref idref="fl-23"/>
      </object_component>
      <object_component id="oc-70a">
         <name>.text</name>
         <load_address>0x11c00</load_address>
         <run_address>0x11c00</run_address>
         <size>0xa</size>
         <input_file_ref idref="fl-72"/>
      </object_component>
      <object_component id="oc-4bb">
         <name>.text:set_BuzzerOff</name>
         <load_address>0x11c0a</load_address>
         <run_address>0x11c0a</run_address>
         <size>0xa</size>
         <input_file_ref idref="fl-7"/>
      </object_component>
      <object_component id="oc-5ee">
         <name>.text:HD44780_command</name>
         <load_address>0x11c14</load_address>
         <run_address>0x11c14</run_address>
         <size>0x8</size>
         <input_file_ref idref="fl-5"/>
      </object_component>
      <object_component id="oc-5e3">
         <name>.text:HD44780_write</name>
         <load_address>0x11c1c</load_address>
         <run_address>0x11c1c</run_address>
         <size>0x8</size>
         <input_file_ref idref="fl-5"/>
      </object_component>
      <object_component id="oc-57e">
         <name>.text:Timer_A_stop</name>
         <load_address>0x11c24</load_address>
         <run_address>0x11c24</run_address>
         <size>0x8</size>
         <input_file_ref idref="fl-2a"/>
      </object_component>
      <object_component id="oc-76f">
         <name>.text:Timer_B_startCounter</name>
         <load_address>0x11c2c</load_address>
         <run_address>0x11c2c</run_address>
         <size>0x6</size>
         <input_file_ref idref="fl-2b"/>
      </object_component>
      <object_component id="oc-53a">
         <name>.text:abort</name>
         <load_address>0x11c32</load_address>
         <run_address>0x11c32</run_address>
         <size>0x6</size>
         <input_file_ref idref="fl-83"/>
      </object_component>
      <object_component id="oc-450">
         <name>.text:_system_pre_init</name>
         <load_address>0x11c38</load_address>
         <run_address>0x11c38</run_address>
         <size>0x4</size>
         <input_file_ref idref="fl-7f"/>
      </object_component>
      <object_component id="oc-6b8">
         <name>.text:_system_post_cinit</name>
         <load_address>0x11c3c</load_address>
         <run_address>0x11c3c</run_address>
         <size>0x2</size>
         <input_file_ref idref="fl-80"/>
      </object_component>
      <object_component id="oc-399">
         <name>.text:_isr:RTC_A_ISR</name>
         <load_address>0x4400</load_address>
         <run_address>0x4400</run_address>
         <size>0x5c</size>
         <input_file_ref idref="fl-8"/>
      </object_component>
      <object_component id="oc-3aa">
         <name>.text:_isr:USCI_A0_ISR</name>
         <load_address>0x445c</load_address>
         <run_address>0x445c</run_address>
         <size>0x5a</size>
         <input_file_ref idref="fl-b"/>
      </object_component>
      <object_component id="oc-39f">
         <name>.text:_isr:Port_1</name>
         <load_address>0x44b6</load_address>
         <run_address>0x44b6</run_address>
         <size>0x38</size>
         <input_file_ref idref="fl-2"/>
      </object_component>
      <object_component id="oc-3c2">
         <name>.text:_isr:_c_int00_noargs</name>
         <load_address>0x44ee</load_address>
         <run_address>0x44ee</run_address>
         <size>0x1c</size>
         <input_file_ref idref="fl-7a"/>
      </object_component>
      <object_component id="oc-3a5">
         <name>.text:_isr:__TI_ISR_TRAP</name>
         <load_address>0x450a</load_address>
         <run_address>0x450a</run_address>
         <size>0x8</size>
         <input_file_ref idref="fl-70"/>
      </object_component>
      <object_component id="oc-83d">
         <name>__TI_handler_table</name>
         <load_address>0x4570</load_address>
         <run_address>0x4570</run_address>
         <size>0xc</size>
      </object_component>
      <object_component id="oc-840">
         <name>.cinit..data.load</name>
         <load_address>0x457c</load_address>
         <run_address>0x457c</run_address>
         <size>0x8</size>
      </object_component>
      <object_component id="oc-83f">
         <name>.cinit..bss.load</name>
         <load_address>0x4584</load_address>
         <run_address>0x4584</run_address>
         <size>0x6</size>
      </object_component>
      <object_component id="oc-83e">
         <name>__TI_cinit_table</name>
         <load_address>0x458a</load_address>
         <run_address>0x458a</run_address>
         <size>0x10</size>
      </object_component>
      <object_component id="oc-71d">
         <name>.const:.string</name>
         <load_address>0x4512</load_address>
         <run_address>0x4512</run_address>
         <size>0x2e</size>
         <input_file_ref idref="fl-4"/>
      </object_component>
      <object_component id="oc-4e6">
         <name>.const:GPIO_PORT_TO_BASE</name>
         <load_address>0x4540</load_address>
         <run_address>0x4540</run_address>
         <size>0x1c</size>
         <input_file_ref idref="fl-1a"/>
      </object_component>
      <object_component id="oc-5d4">
         <name>.const:.string</name>
         <load_address>0x455c</load_address>
         <run_address>0x455c</run_address>
         <size>0xc</size>
         <input_file_ref idref="fl-3"/>
      </object_component>
      <object_component id="oc-5eb">
         <name>.const:$P$T0$1</name>
         <load_address>0x4568</load_address>
         <run_address>0x4568</run_address>
         <size>0x8</size>
         <input_file_ref idref="fl-5"/>
      </object_component>
      <object_component id="oc-7cf">
         <name>.binit</name>
         <load_address>0x4400</load_address>
         <run_address>0x4400</run_address>
         <size>0x0</size>
      </object_component>
      <object_component id="oc-79">
         <name>.int41</name>
         <load_address>0xffd2</load_address>
         <run_address>0xffd2</run_address>
         <size>0x2</size>
         <input_file_ref idref="fl-8"/>
      </object_component>
      <object_component id="oc-7a">
         <name>.int42</name>
         <load_address>0xffd4</load_address>
         <run_address>0xffd4</run_address>
         <size>0x2</size>
         <input_file_ref idref="fl-2"/>
      </object_component>
      <object_component id="oc-7b">
         <name>.int43</name>
         <load_address>0xffd6</load_address>
         <run_address>0xffd6</run_address>
         <size>0x2</size>
         <input_file_ref idref="fl-5d"/>
      </object_component>
      <object_component id="oc-7c">
         <name>.int44</name>
         <load_address>0xffd8</load_address>
         <run_address>0xffd8</run_address>
         <size>0x2</size>
         <input_file_ref idref="fl-5e"/>
      </object_component>
      <object_component id="oc-7d">
         <name>.int45</name>
         <load_address>0xffda</load_address>
         <run_address>0xffda</run_address>
         <size>0x2</size>
         <input_file_ref idref="fl-5f"/>
      </object_component>
      <object_component id="oc-7e">
         <name>.int46</name>
         <load_address>0xffdc</load_address>
         <run_address>0xffdc</run_address>
         <size>0x2</size>
         <input_file_ref idref="fl-60"/>
      </object_component>
      <object_component id="oc-7f">
         <name>.int47</name>
         <load_address>0xffde</load_address>
         <run_address>0xffde</run_address>
         <size>0x2</size>
         <input_file_ref idref="fl-61"/>
      </object_component>
      <object_component id="oc-80">
         <name>.int48</name>
         <load_address>0xffe0</load_address>
         <run_address>0xffe0</run_address>
         <size>0x2</size>
         <input_file_ref idref="fl-62"/>
      </object_component>
      <object_component id="oc-81">
         <name>.int49</name>
         <load_address>0xffe2</load_address>
         <run_address>0xffe2</run_address>
         <size>0x2</size>
         <input_file_ref idref="fl-63"/>
      </object_component>
      <object_component id="oc-82">
         <name>.int50</name>
         <load_address>0xffe4</load_address>
         <run_address>0xffe4</run_address>
         <size>0x2</size>
         <input_file_ref idref="fl-64"/>
      </object_component>
      <object_component id="oc-83">
         <name>.int51</name>
         <load_address>0xffe6</load_address>
         <run_address>0xffe6</run_address>
         <size>0x2</size>
         <input_file_ref idref="fl-65"/>
      </object_component>
      <object_component id="oc-84">
         <name>.int52</name>
         <load_address>0xffe8</load_address>
         <run_address>0xffe8</run_address>
         <size>0x2</size>
         <input_file_ref idref="fl-66"/>
      </object_component>
      <object_component id="oc-85">
         <name>.int53</name>
         <load_address>0xffea</load_address>
         <run_address>0xffea</run_address>
         <size>0x2</size>
         <input_file_ref idref="fl-67"/>
      </object_component>
      <object_component id="oc-86">
         <name>.int54</name>
         <load_address>0xffec</load_address>
         <run_address>0xffec</run_address>
         <size>0x2</size>
         <input_file_ref idref="fl-68"/>
      </object_component>
      <object_component id="oc-87">
         <name>.int55</name>
         <load_address>0xffee</load_address>
         <run_address>0xffee</run_address>
         <size>0x2</size>
         <input_file_ref idref="fl-69"/>
      </object_component>
      <object_component id="oc-88">
         <name>.int56</name>
         <load_address>0xfff0</load_address>
         <run_address>0xfff0</run_address>
         <size>0x2</size>
         <input_file_ref idref="fl-b"/>
      </object_component>
      <object_component id="oc-89">
         <name>.int57</name>
         <load_address>0xfff2</load_address>
         <run_address>0xfff2</run_address>
         <size>0x2</size>
         <input_file_ref idref="fl-6a"/>
      </object_component>
      <object_component id="oc-8a">
         <name>.int58</name>
         <load_address>0xfff4</load_address>
         <run_address>0xfff4</run_address>
         <size>0x2</size>
         <input_file_ref idref="fl-6b"/>
      </object_component>
      <object_component id="oc-8b">
         <name>.int59</name>
         <load_address>0xfff6</load_address>
         <run_address>0xfff6</run_address>
         <size>0x2</size>
         <input_file_ref idref="fl-6c"/>
      </object_component>
      <object_component id="oc-8c">
         <name>.int60</name>
         <load_address>0xfff8</load_address>
         <run_address>0xfff8</run_address>
         <size>0x2</size>
         <input_file_ref idref="fl-6d"/>
      </object_component>
      <object_component id="oc-8d">
         <name>.int61</name>
         <load_address>0xfffa</load_address>
         <run_address>0xfffa</run_address>
         <size>0x2</size>
         <input_file_ref idref="fl-6e"/>
      </object_component>
      <object_component id="oc-8e">
         <name>.int62</name>
         <load_address>0xfffc</load_address>
         <run_address>0xfffc</run_address>
         <size>0x2</size>
         <input_file_ref idref="fl-6f"/>
      </object_component>
      <object_component id="oc-380">
         <name>.reset</name>
         <load_address>0xfffe</load_address>
         <run_address>0xfffe</run_address>
         <size>0x2</size>
         <input_file_ref idref="fl-7a"/>
      </object_component>
      <object_component id="oc-41b">
         <name>.debug_info</name>
         <load_address>0x0</load_address>
         <run_address>0x0</run_address>
         <size>0x76f</size>
         <input_file_ref idref="fl-2"/>
      </object_component>
      <object_component id="oc-457">
         <name>.debug_info</name>
         <load_address>0x76f</load_address>
         <run_address>0x76f</run_address>
         <size>0x1fc</size>
         <input_file_ref idref="fl-2"/>
      </object_component>
      <object_component id="oc-3a0">
         <name>.debug_info</name>
         <load_address>0x96b</load_address>
         <run_address>0x96b</run_address>
         <size>0x18e</size>
         <input_file_ref idref="fl-2"/>
      </object_component>
      <object_component id="oc-48f">
         <name>.debug_info</name>
         <load_address>0xaf9</load_address>
         <run_address>0xaf9</run_address>
         <size>0xf8</size>
         <input_file_ref idref="fl-2"/>
      </object_component>
      <object_component id="oc-487">
         <name>.debug_info</name>
         <load_address>0xbf1</load_address>
         <run_address>0xbf1</run_address>
         <size>0x26b</size>
         <input_file_ref idref="fl-2"/>
      </object_component>
      <object_component id="oc-47d">
         <name>.debug_info</name>
         <load_address>0xe5c</load_address>
         <run_address>0xe5c</run_address>
         <size>0x131</size>
         <input_file_ref idref="fl-2"/>
      </object_component>
      <object_component id="oc-6dc">
         <name>.debug_info</name>
         <load_address>0xf8d</load_address>
         <run_address>0xf8d</run_address>
         <size>0x392</size>
         <input_file_ref idref="fl-2"/>
      </object_component>
      <object_component id="oc-7b6">
         <name>.debug_info</name>
         <load_address>0x131f</load_address>
         <run_address>0x131f</run_address>
         <size>0x392</size>
         <input_file_ref idref="fl-2"/>
      </object_component>
      <object_component id="oc-49b">
         <name>.debug_info</name>
         <load_address>0x16b1</load_address>
         <run_address>0x16b1</run_address>
         <size>0xee</size>
         <input_file_ref idref="fl-2"/>
      </object_component>
      <object_component id="oc-494">
         <name>.debug_info</name>
         <load_address>0x179f</load_address>
         <run_address>0x179f</run_address>
         <size>0x102</size>
         <input_file_ref idref="fl-2"/>
      </object_component>
      <object_component id="oc-443">
         <name>.debug_info</name>
         <load_address>0x18a1</load_address>
         <run_address>0x18a1</run_address>
         <size>0x8b</size>
         <input_file_ref idref="fl-2"/>
      </object_component>
      <object_component id="oc-579">
         <name>.debug_info</name>
         <load_address>0x192c</load_address>
         <run_address>0x192c</run_address>
         <size>0x275</size>
         <input_file_ref idref="fl-2"/>
      </object_component>
      <object_component id="oc-482">
         <name>.debug_info</name>
         <load_address>0x1ba1</load_address>
         <run_address>0x1ba1</run_address>
         <size>0xbb</size>
         <input_file_ref idref="fl-2"/>
      </object_component>
      <object_component id="oc-406">
         <name>.debug_info</name>
         <load_address>0x1c5c</load_address>
         <run_address>0x1c5c</run_address>
         <size>0x5d2</size>
         <input_file_ref idref="fl-3"/>
      </object_component>
      <object_component id="oc-522">
         <name>.debug_info</name>
         <load_address>0x222e</load_address>
         <run_address>0x222e</run_address>
         <size>0x18e</size>
         <input_file_ref idref="fl-3"/>
      </object_component>
      <object_component id="oc-415">
         <name>.debug_info</name>
         <load_address>0x23bc</load_address>
         <run_address>0x23bc</run_address>
         <size>0x20f</size>
         <input_file_ref idref="fl-3"/>
      </object_component>
      <object_component id="oc-4ce">
         <name>.debug_info</name>
         <load_address>0x25cb</load_address>
         <run_address>0x25cb</run_address>
         <size>0x1cb</size>
         <input_file_ref idref="fl-3"/>
      </object_component>
      <object_component id="oc-4d4">
         <name>.debug_info</name>
         <load_address>0x2796</load_address>
         <run_address>0x2796</run_address>
         <size>0x356</size>
         <input_file_ref idref="fl-3"/>
      </object_component>
      <object_component id="oc-425">
         <name>.debug_info</name>
         <load_address>0x2aec</load_address>
         <run_address>0x2aec</run_address>
         <size>0x223</size>
         <input_file_ref idref="fl-3"/>
      </object_component>
      <object_component id="oc-718">
         <name>.debug_info</name>
         <load_address>0x2d0f</load_address>
         <run_address>0x2d0f</run_address>
         <size>0x1ef</size>
         <input_file_ref idref="fl-3"/>
      </object_component>
      <object_component id="oc-528">
         <name>.debug_info</name>
         <load_address>0x2efe</load_address>
         <run_address>0x2efe</run_address>
         <size>0x201</size>
         <input_file_ref idref="fl-3"/>
      </object_component>
      <object_component id="oc-3f6">
         <name>.debug_info</name>
         <load_address>0x30ff</load_address>
         <run_address>0x30ff</run_address>
         <size>0x2c</size>
         <input_file_ref idref="fl-3"/>
      </object_component>
      <object_component id="oc-4cc">
         <name>.debug_info</name>
         <load_address>0x312b</load_address>
         <run_address>0x312b</run_address>
         <size>0x20e</size>
         <input_file_ref idref="fl-4"/>
      </object_component>
      <object_component id="oc-51c">
         <name>.debug_info</name>
         <load_address>0x3339</load_address>
         <run_address>0x3339</run_address>
         <size>0x1a7</size>
         <input_file_ref idref="fl-4"/>
      </object_component>
      <object_component id="oc-63c">
         <name>.debug_info</name>
         <load_address>0x34e0</load_address>
         <run_address>0x34e0</run_address>
         <size>0x1c3</size>
         <input_file_ref idref="fl-4"/>
      </object_component>
      <object_component id="oc-624">
         <name>.debug_info</name>
         <load_address>0x36a3</load_address>
         <run_address>0x36a3</run_address>
         <size>0x207</size>
         <input_file_ref idref="fl-4"/>
      </object_component>
      <object_component id="oc-636">
         <name>.debug_info</name>
         <load_address>0x38aa</load_address>
         <run_address>0x38aa</run_address>
         <size>0x21b</size>
         <input_file_ref idref="fl-4"/>
      </object_component>
      <object_component id="oc-630">
         <name>.debug_info</name>
         <load_address>0x3ac5</load_address>
         <run_address>0x3ac5</run_address>
         <size>0x21b</size>
         <input_file_ref idref="fl-4"/>
      </object_component>
      <object_component id="oc-62a">
         <name>.debug_info</name>
         <load_address>0x3ce0</load_address>
         <run_address>0x3ce0</run_address>
         <size>0x21b</size>
         <input_file_ref idref="fl-4"/>
      </object_component>
      <object_component id="oc-41e">
         <name>.debug_info</name>
         <load_address>0x3efb</load_address>
         <run_address>0x3efb</run_address>
         <size>0x1bd</size>
         <input_file_ref idref="fl-4"/>
      </object_component>
      <object_component id="oc-387">
         <name>.debug_info</name>
         <load_address>0x40b8</load_address>
         <run_address>0x40b8</run_address>
         <size>0x84</size>
         <input_file_ref idref="fl-4"/>
      </object_component>
      <object_component id="oc-5ea">
         <name>.debug_info</name>
         <load_address>0x413c</load_address>
         <run_address>0x413c</run_address>
         <size>0x253</size>
         <input_file_ref idref="fl-5"/>
      </object_component>
      <object_component id="oc-5ec">
         <name>.debug_info</name>
         <load_address>0x438f</load_address>
         <run_address>0x438f</run_address>
         <size>0x11f</size>
         <input_file_ref idref="fl-5"/>
      </object_component>
      <object_component id="oc-710">
         <name>.debug_info</name>
         <load_address>0x44ae</load_address>
         <run_address>0x44ae</run_address>
         <size>0x223</size>
         <input_file_ref idref="fl-5"/>
      </object_component>
      <object_component id="oc-617">
         <name>.debug_info</name>
         <load_address>0x46d1</load_address>
         <run_address>0x46d1</run_address>
         <size>0x220</size>
         <input_file_ref idref="fl-5"/>
      </object_component>
      <object_component id="oc-6f4">
         <name>.debug_info</name>
         <load_address>0x48f1</load_address>
         <run_address>0x48f1</run_address>
         <size>0x221</size>
         <input_file_ref idref="fl-5"/>
      </object_component>
      <object_component id="oc-5e4">
         <name>.debug_info</name>
         <load_address>0x4b12</load_address>
         <run_address>0x4b12</run_address>
         <size>0x1af</size>
         <input_file_ref idref="fl-5"/>
      </object_component>
      <object_component id="oc-5ef">
         <name>.debug_info</name>
         <load_address>0x4cc1</load_address>
         <run_address>0x4cc1</run_address>
         <size>0x1b3</size>
         <input_file_ref idref="fl-5"/>
      </object_component>
      <object_component id="oc-4e0">
         <name>.debug_info</name>
         <load_address>0x4e74</load_address>
         <run_address>0x4e74</run_address>
         <size>0x210</size>
         <input_file_ref idref="fl-5"/>
      </object_component>
      <object_component id="oc-4da">
         <name>.debug_info</name>
         <load_address>0x5084</load_address>
         <run_address>0x5084</run_address>
         <size>0x1d3</size>
         <input_file_ref idref="fl-5"/>
      </object_component>
      <object_component id="oc-510">
         <name>.debug_info</name>
         <load_address>0x5257</load_address>
         <run_address>0x5257</run_address>
         <size>0x2a2</size>
         <input_file_ref idref="fl-5"/>
      </object_component>
      <object_component id="oc-61d">
         <name>.debug_info</name>
         <load_address>0x54f9</load_address>
         <run_address>0x54f9</run_address>
         <size>0x1b0</size>
         <input_file_ref idref="fl-5"/>
      </object_component>
      <object_component id="oc-5cf">
         <name>.debug_info</name>
         <load_address>0x56a9</load_address>
         <run_address>0x56a9</run_address>
         <size>0x1b7</size>
         <input_file_ref idref="fl-5"/>
      </object_component>
      <object_component id="oc-516">
         <name>.debug_info</name>
         <load_address>0x5860</load_address>
         <run_address>0x5860</run_address>
         <size>0x37f</size>
         <input_file_ref idref="fl-5"/>
      </object_component>
      <object_component id="oc-60a">
         <name>.debug_info</name>
         <load_address>0x5bdf</load_address>
         <run_address>0x5bdf</run_address>
         <size>0x235</size>
         <input_file_ref idref="fl-6"/>
      </object_component>
      <object_component id="oc-611">
         <name>.debug_info</name>
         <load_address>0x5e14</load_address>
         <run_address>0x5e14</run_address>
         <size>0x24f</size>
         <input_file_ref idref="fl-6"/>
      </object_component>
      <object_component id="oc-5ac">
         <name>.debug_info</name>
         <load_address>0x6063</load_address>
         <run_address>0x6063</run_address>
         <size>0x1a4</size>
         <input_file_ref idref="fl-6"/>
      </object_component>
      <object_component id="oc-4ae">
         <name>.debug_info</name>
         <load_address>0x6207</load_address>
         <run_address>0x6207</run_address>
         <size>0x1e9</size>
         <input_file_ref idref="fl-6"/>
      </object_component>
      <object_component id="oc-585">
         <name>.debug_info</name>
         <load_address>0x63f0</load_address>
         <run_address>0x63f0</run_address>
         <size>0x121</size>
         <input_file_ref idref="fl-7"/>
      </object_component>
      <object_component id="oc-4a2">
         <name>.debug_info</name>
         <load_address>0x6511</load_address>
         <run_address>0x6511</run_address>
         <size>0x190</size>
         <input_file_ref idref="fl-7"/>
      </object_component>
      <object_component id="oc-4bc">
         <name>.debug_info</name>
         <load_address>0x66a1</load_address>
         <run_address>0x66a1</run_address>
         <size>0x17a</size>
         <input_file_ref idref="fl-7"/>
      </object_component>
      <object_component id="oc-694">
         <name>.debug_info</name>
         <load_address>0x681b</load_address>
         <run_address>0x681b</run_address>
         <size>0x199</size>
         <input_file_ref idref="fl-7"/>
      </object_component>
      <object_component id="oc-3fe">
         <name>.debug_info</name>
         <load_address>0x69b4</load_address>
         <run_address>0x69b4</run_address>
         <size>0x786</size>
         <input_file_ref idref="fl-8"/>
      </object_component>
      <object_component id="oc-68e">
         <name>.debug_info</name>
         <load_address>0x713a</load_address>
         <run_address>0x713a</run_address>
         <size>0x25a</size>
         <input_file_ref idref="fl-8"/>
      </object_component>
      <object_component id="oc-534">
         <name>.debug_info</name>
         <load_address>0x7394</load_address>
         <run_address>0x7394</run_address>
         <size>0x19d</size>
         <input_file_ref idref="fl-8"/>
      </object_component>
      <object_component id="oc-52e">
         <name>.debug_info</name>
         <load_address>0x7531</load_address>
         <run_address>0x7531</run_address>
         <size>0x341</size>
         <input_file_ref idref="fl-8"/>
      </object_component>
      <object_component id="oc-40e">
         <name>.debug_info</name>
         <load_address>0x7872</load_address>
         <run_address>0x7872</run_address>
         <size>0x1fd</size>
         <input_file_ref idref="fl-8"/>
      </object_component>
      <object_component id="oc-39a">
         <name>.debug_info</name>
         <load_address>0x7a6f</load_address>
         <run_address>0x7a6f</run_address>
         <size>0x1a4</size>
         <input_file_ref idref="fl-8"/>
      </object_component>
      <object_component id="oc-58f">
         <name>.debug_info</name>
         <load_address>0x7c13</load_address>
         <run_address>0x7c13</run_address>
         <size>0x11d</size>
         <input_file_ref idref="fl-9"/>
      </object_component>
      <object_component id="oc-4a8">
         <name>.debug_info</name>
         <load_address>0x7d30</load_address>
         <run_address>0x7d30</run_address>
         <size>0x26b</size>
         <input_file_ref idref="fl-9"/>
      </object_component>
      <object_component id="oc-69a">
         <name>.debug_info</name>
         <load_address>0x7f9b</load_address>
         <run_address>0x7f9b</run_address>
         <size>0x1a9</size>
         <input_file_ref idref="fl-9"/>
      </object_component>
      <object_component id="oc-767">
         <name>.debug_info</name>
         <load_address>0x8144</load_address>
         <run_address>0x8144</run_address>
         <size>0x119</size>
         <input_file_ref idref="fl-a"/>
      </object_component>
      <object_component id="oc-4b5">
         <name>.debug_info</name>
         <load_address>0x825d</load_address>
         <run_address>0x825d</run_address>
         <size>0x270</size>
         <input_file_ref idref="fl-a"/>
      </object_component>
      <object_component id="oc-6a0">
         <name>.debug_info</name>
         <load_address>0x84cd</load_address>
         <run_address>0x84cd</run_address>
         <size>0x1c6</size>
         <input_file_ref idref="fl-a"/>
      </object_component>
      <object_component id="oc-408">
         <name>.debug_info</name>
         <load_address>0x8693</load_address>
         <run_address>0x8693</run_address>
         <size>0x506</size>
         <input_file_ref idref="fl-b"/>
      </object_component>
      <object_component id="oc-439">
         <name>.debug_info</name>
         <load_address>0x8b99</load_address>
         <run_address>0x8b99</run_address>
         <size>0x197</size>
         <input_file_ref idref="fl-b"/>
      </object_component>
      <object_component id="oc-4ee">
         <name>.debug_info</name>
         <load_address>0x8d30</load_address>
         <run_address>0x8d30</run_address>
         <size>0x17f</size>
         <input_file_ref idref="fl-b"/>
      </object_component>
      <object_component id="oc-4f4">
         <name>.debug_info</name>
         <load_address>0x8eaf</load_address>
         <run_address>0x8eaf</run_address>
         <size>0x1a4</size>
         <input_file_ref idref="fl-b"/>
      </object_component>
      <object_component id="oc-4fa">
         <name>.debug_info</name>
         <load_address>0x9053</load_address>
[...]
         <value>0x111b6</value>
         <object_component_ref idref="oc-50f"/>
      </symbol>
      <symbol id="sm-4c5">
         <name>HD44780_display</name>
         <value>0x11bc8</value>
         <object_component_ref idref="oc-61c"/>
      </symbol>
      <symbol id="sm-4c6">
         <name>HD44780_command</name>
         <value>0x11c14</value>
         <object_component_ref idref="oc-5ee"/>
      </symbol>
      <symbol id="sm-4c7">
         <name>HD44780_print_string</name>
         <value>0x11ad0</value>
         <object_component_ref idref="oc-4d9"/>
      </symbol>
      <symbol id="sm-4c8">
         <name>HD44780_send</name>
         <value>0x1186a</value>
         <object_component_ref idref="oc-6f3"/>
      </symbol>
      <symbol id="sm-4c9">
         <name>HD44780_write</name>
         <value>0x11c1c</value>
         <object_component_ref idref="oc-5e3"/>
      </symbol>
      <symbol id="sm-4ca">
         <name>HD44780_setCursor</name>
         <value>0x11348</value>
         <object_component_ref idref="oc-4df"/>
      </symbol>
      <symbol id="sm-4cb">
         <name>HD44780_print_byte</name>
         <value>0x11c1c</value>
         <object_component_ref idref="oc-5e3"/>
      </symbol>
      <symbol id="sm-4cc">
         <name>HD44780_clear</name>
         <value>0x11bb8</value>
         <object_component_ref idref="oc-5ce"/>
      </symbol>
      <symbol id="sm-4cd">
         <name>HD44780_write4bits</name>
         <value>0x112fc</value>
         <object_component_ref idref="oc-616"/>
      </symbol>
      <symbol id="sm-4ce">
         <name>HD44780_pulseEnable</name>
         <value>0x11392</value>
         <object_component_ref idref="oc-70f"/>
      </symbol>
      <symbol id="sm-4cf">
         <name>HD44780_begin</name>
         <value>0x105f0</value>
         <object_component_ref idref="oc-515"/>
      </symbol>
      <symbol id="sm-4f5">
         <name>digitalWrite</name>
         <value>0x11b46</value>
         <object_component_ref idref="oc-610"/>
      </symbol>
      <symbol id="sm-4f6">
         <name>delayMilliseconds</name>
         <value>0x11654</value>
         <object_component_ref idref="oc-4ad"/>
      </symbol>
      <symbol id="sm-4f7">
         <name>delayMicroseconds</name>
         <value>0x11aea</value>
         <object_component_ref idref="oc-5ab"/>
      </symbol>
      <symbol id="sm-4f8">
         <name>pinMode</name>
         <value>0x11b6e</value>
         <object_component_ref idref="oc-609"/>
      </symbol>
      <symbol id="sm-514">
         <name>buzzerTimer</name>
         <value>0x2454</value>
         <object_component_ref idref="oc-584"/>
      </symbol>
      <symbol id="sm-515">
         <name>set_BuzzerOn</name>
         <value>0x11936</value>
         <object_component_ref idref="oc-4a1"/>
      </symbol>
      <symbol id="sm-516">
         <name>config_Buzzer</name>
         <value>0x11752</value>
         <object_component_ref idref="oc-693"/>
      </symbol>
      <symbol id="sm-517">
         <name>set_BuzzerOff</name>
         <value>0x11c0a</value>
         <object_component_ref idref="oc-4bb"/>
      </symbol>
      <symbol id="sm-54a">
         <name>buzzer</name>
         <value>0x2453</value>
      </symbol>
      <symbol id="sm-54b">
         <name>hora_atual</name>
         <value>0x244c</value>
      </symbol>
      <symbol id="sm-54c">
         <name>nivel_dist</name>
         <value>0x244e</value>
      </symbol>
      <symbol id="sm-54d">
         <name>config_BCS</name>
         <value>0x1089c</value>
         <object_component_ref idref="oc-52d"/>
      </symbol>
      <symbol id="sm-54e">
         <name>__TI_int41</name>
         <value>0xffd2</value>
         <object_component_ref idref="oc-79"/>
      </symbol>
      <symbol id="sm-54f">
         <name>config_IO</name>
         <value>0x11810</value>
         <object_component_ref idref="oc-533"/>
      </symbol>
      <symbol id="sm-550">
         <name>RTC_A_ISR</name>
         <value>0x4400</value>
         <object_component_ref idref="oc-399"/>
      </symbol>
      <symbol id="sm-551">
         <name>Abrir_Valvula</name>
         <value>0x116bc</value>
         <object_component_ref idref="oc-40d"/>
      </symbol>
      <symbol id="sm-552">
         <name>config_RTC</name>
         <value>0x10c8a</value>
         <object_component_ref idref="oc-68d"/>
      </symbol>
      <symbol id="sm-569">
         <name>motorTimer</name>
         <value>0x2460</value>
         <object_component_ref idref="oc-58e"/>
      </symbol>
      <symbol id="sm-56a">
         <name>set_MotorAngle</name>
         <value>0x10f0c</value>
         <object_component_ref idref="oc-4a7"/>
      </symbol>
      <symbol id="sm-56b">
         <name>config_Motor</name>
         <value>0x1154a</value>
         <object_component_ref idref="oc-699"/>
      </symbol>
      <symbol id="sm-585">
         <name>get_Distance</name>
         <value>0x1105c</value>
         <object_component_ref idref="oc-4b4"/>
      </symbol>
      <symbol id="sm-586">
         <name>config_SR04</name>
         <value>0x1141e</value>
         <object_component_ref idref="oc-69f"/>
      </symbol>
      <symbol id="sm-587">
         <name>SR04Timer</name>
         <value>0x246c</value>
         <object_component_ref idref="oc-766"/>
      </symbol>
      <symbol id="sm-5ca">
         <name>Comando</name>
         <value>0x2442</value>
      </symbol>
      <symbol id="sm-5cb">
         <name>UART_Manual</name>
         <value>0x11b1a</value>
         <object_component_ref idref="oc-4f3"/>
      </symbol>
      <symbol id="sm-5cc">
         <name>receivedData</name>
         <value>0x247e</value>
         <object_component_ref idref="oc-438"/>
      </symbol>
      <symbol id="sm-5cd">
         <name>UART_Alarme</name>
         <value>0x1125a</value>
         <object_component_ref idref="oc-4f9"/>
      </symbol>
      <symbol id="sm-5ce">
         <name>__TI_int56</name>
         <value>0xfff0</value>
         <object_component_ref idref="oc-88"/>
      </symbol>
      <symbol id="sm-5cf">
         <name>estadoString</name>
         <value>0x2481</value>
         <object_component_ref idref="oc-438"/>
      </symbol>
      <symbol id="sm-5d0">
         <name>USCI_A0_ISR</name>
         <value>0x445c</value>
         <object_component_ref idref="oc-3aa"/>
      </symbol>
      <symbol id="sm-5d1">
         <name>transmitData</name>
         <value>0x247f</value>
         <object_component_ref idref="oc-438"/>
      </symbol>
      <symbol id="sm-5d2">
         <name>UART_get_status</name>
         <value>0x10e1c</value>
         <object_component_ref idref="oc-4ff"/>
      </symbol>
      <symbol id="sm-5d3">
         <name>Parser_Comandos</name>
         <value>0x116ee</value>
         <object_component_ref idref="oc-43c"/>
      </symbol>
      <symbol id="sm-5d4">
         <name>posString</name>
         <value>0x2480</value>
         <object_component_ref idref="oc-438"/>
      </symbol>
      <symbol id="sm-5d5">
         <name>UART_Buzzer</name>
         <value>0x119a4</value>
         <object_component_ref idref="oc-4ed"/>
      </symbol>
      <symbol id="sm-653">
         <name>GPIO_setAsInputPin</name>
         <value>0x115b8</value>
         <object_component_ref idref="oc-702"/>
      </symbol>
      <symbol id="sm-654">
         <name>GPIO_clearInterrupt</name>
         <value>0x11a06</value>
         <object_component_ref idref="oc-42a"/>
      </symbol>
      <symbol id="sm-655">
         <name>GPIO_setOutputHighOnPin</name>
         <value>0x11a7c</value>
         <object_component_ref idref="oc-5b1"/>
      </symbol>
      <symbol id="sm-656">
         <name>GPIO_selectInterruptEdge</name>
         <value>0x117b4</value>
         <object_component_ref idref="oc-655"/>
      </symbol>
      <symbol id="sm-657">
         <name>GPIO_setAsInputPinWithPullDownResistor</name>
         <value>0x1145e</value>
         <object_component_ref idref="oc-649"/>
      </symbol>
      <symbol id="sm-658">
         <name>GPIO_getInterruptStatus</name>
         <value>0x11784</value>
         <object_component_ref idref="oc-4c2"/>
      </symbol>
      <symbol id="sm-659">
         <name>GPIO_enableInterrupt</name>
         <value>0x11a24</value>
         <object_component_ref idref="oc-64f"/>
      </symbol>
      <symbol id="sm-65a">
         <name>GPIO_setAsOutputPin</name>
         <value>0x118be</value>
         <object_component_ref idref="oc-643"/>
      </symbol>
      <symbol id="sm-65b">
         <name>GPIO_setOutputLowOnPin</name>
         <value>0x11a98</value>
         <object_component_ref idref="oc-5b7"/>
      </symbol>
      <symbol id="sm-65c">
         <name>GPIO_setAsPeripheralModuleFunctionOutputPin</name>
         <value>0x1190e</value>
         <object_component_ref idref="oc-668"/>
      </symbol>
      <symbol id="sm-65d">
         <name>GPIO_getInputPinValue</name>
         <value>0x11a60</value>
         <object_component_ref idref="oc-5bd"/>
      </symbol>
      <symbol id="sm-65e">
         <name>GPIO_setAsPeripheralModuleFunctionInputPin</name>
         <value>0x118e6</value>
         <object_component_ref idref="oc-662"/>
      </symbol>
      <symbol id="sm-68a">
         <name>PMM_setVCore</name>
         <value>0x11208</value>
         <object_component_ref idref="oc-65c"/>
      </symbol>
      <symbol id="sm-68b">
         <name>PMM_setVCoreDown</name>
         <value>0x10ab8</value>
         <object_component_ref idref="oc-72d"/>
      </symbol>
      <symbol id="sm-68c">
         <name>PMM_setVCoreUp</name>
         <value>0x107bc</value>
         <object_component_ref idref="oc-727"/>
      </symbol>
      <symbol id="sm-6bc">
         <name>RTC_A_setCalendarEvent</name>
         <value>0x11be8</value>
         <object_component_ref idref="oc-74b"/>
      </symbol>
      <symbol id="sm-6bd">
         <name>RTC_A_enableInterrupt</name>
         <value>0x117e2</value>
         <object_component_ref idref="oc-757"/>
      </symbol>
      <symbol id="sm-6be">
         <name>RTC_A_startClock</name>
         <value>0x11bf4</value>
         <object_component_ref idref="oc-75d"/>
      </symbol>
      <symbol id="sm-6bf">
         <name>RTC_A_initCalendar</name>
         <value>0x10ff4</value>
         <object_component_ref idref="oc-745"/>
      </symbol>
      <symbol id="sm-6c0">
         <name>RTC_A_clearInterrupt</name>
         <value>0x115ec</value>
         <object_component_ref idref="oc-751"/>
      </symbol>
      <symbol id="sm-6d9">
         <name>Timer_A_outputPWM</name>
         <value>0x10f82</value>
         <object_component_ref idref="oc-587"/>
      </symbol>
      <symbol id="sm-6da">
         <name>Timer_A_stop</name>
         <value>0x11c24</value>
         <object_component_ref idref="oc-57e"/>
      </symbol>
      <symbol id="sm-6f9">
         <name>Timer_B_initContinuousMode</name>
         <value>0x112ac</value>
         <object_component_ref idref="oc-769"/>
      </symbol>
      <symbol id="sm-6fa">
         <name>Timer_B_startCounter</name>
         <value>0x11c2c</value>
         <object_component_ref idref="oc-76f"/>
      </symbol>
      <symbol id="sm-6fb">
         <name>Timer_B_getCounterValue</name>
         <value>0x11720</value>
         <object_component_ref idref="oc-5c3"/>
      </symbol>
      <symbol id="sm-751">
         <name>UCS_initClockSignal</name>
         <value>0x10a12</value>
         <object_component_ref idref="oc-680"/>
      </symbol>
      <symbol id="sm-752">
         <name>UCS_initFLLSettle</name>
         <value>0x11582</value>
         <object_component_ref idref="oc-686"/>
      </symbol>
      <symbol id="sm-753">
         <name>UCS_setExternalClockSource</name>
         <value>0x11b82</value>
         <object_component_ref idref="oc-66e"/>
      </symbol>
      <symbol id="sm-754">
         <name>UCS_turnOnXT2</name>
         <value>0x11620</value>
         <object_component_ref idref="oc-67a"/>
      </symbol>
      <symbol id="sm-755">
         <name>UCS_initFLL</name>
         <value>0x106da</value>
         <object_component_ref idref="oc-73d"/>
      </symbol>
      <symbol id="sm-756">
         <name>UCS_turnOnLFXT1</name>
         <value>0x11512</value>
         <object_component_ref idref="oc-674"/>
      </symbol>
      <symbol id="sm-76b">
         <name>USCI_A_UART_receiveData</name>
         <value>0x11a42</value>
         <object_component_ref idref="oc-432"/>
      </symbol>
      <symbol id="sm-76c">
         <name>USCI_A_UART_transmitData</name>
         <value>0x119c6</value>
         <object_component_ref idref="oc-5f9"/>
      </symbol>
      <symbol id="sm-777">
         <name>WDT_A_hold</name>
         <value>0x119e6</value>
         <object_component_ref idref="oc-509"/>
      </symbol>
      <symbol id="sm-783">
         <name>__mspabi_remi</name>
         <value>0x1183e</value>
         <object_component_ref idref="oc-5dc"/>
      </symbol>
      <symbol id="sm-784">
         <name>__mspabi_divi</name>
         <value>0x1183e</value>
         <object_component_ref idref="oc-5dc"/>
      </symbol>
      <symbol id="sm-78e">
         <name>__mspabi_remu</name>
         <value>0x11b30</value>
         <object_component_ref idref="oc-400"/>
      </symbol>
      <symbol id="sm-78f">
         <name>__mspabi_divu</name>
         <value>0x11b30</value>
         <object_component_ref idref="oc-400"/>
      </symbol>
      <symbol id="sm-7ac">
         <name>__mspabi_subf</name>
         <value>0x1017a</value>
         <object_component_ref idref="oc-5a0"/>
      </symbol>
      <symbol id="sm-7ad">
         <name>__mspabi_addf</name>
         <value>0x10180</value>
         <object_component_ref idref="oc-5a0"/>
      </symbol>
      <symbol id="sm-7bf">
         <name>__mspabi_divf</name>
         <value>0x10bfa</value>
         <object_component_ref idref="oc-59b"/>
      </symbol>
      <symbol id="sm-7d6">
         <name>__mspabi_mpyf</name>
         <value>0x1095a</value>
         <object_component_ref idref="oc-596"/>
      </symbol>
      <symbol id="sm-7e5">
         <name>__mspabi_fixfu</name>
         <value>0x113d8</value>
         <object_component_ref idref="oc-5a5"/>
      </symbol>
      <symbol id="sm-7f0">
         <name>__mspabi_fltuf</name>
         <value>0x11980</value>
         <object_component_ref idref="oc-591"/>
      </symbol>
      <symbol id="sm-7f3">
         <name>__TI_int43</name>
         <value>0xffd6</value>
         <object_component_ref idref="oc-7b"/>
      </symbol>
      <symbol id="sm-7f6">
         <name>__TI_int44</name>
         <value>0xffd8</value>
         <object_component_ref idref="oc-7c"/>
      </symbol>
      <symbol id="sm-7f9">
         <name>__TI_int45</name>
         <value>0xffda</value>
         <object_component_ref idref="oc-7d"/>
      </symbol>
      <symbol id="sm-7fc">
         <name>__TI_int46</name>
         <value>0xffdc</value>
         <object_component_ref idref="oc-7e"/>
      </symbol>
      <symbol id="sm-7ff">
         <name>__TI_int47</name>
         <value>0xffde</value>
         <object_component_ref idref="oc-7f"/>
      </symbol>
      <symbol id="sm-802">
         <name>__TI_int48</name>
         <value>0xffe0</value>
         <object_component_ref idref="oc-80"/>
      </symbol>
      <symbol id="sm-805">
         <name>__TI_int49</name>
         <value>0xffe2</value>
         <object_component_ref idref="oc-81"/>
      </symbol>
      <symbol id="sm-808">
         <name>__TI_int50</name>
         <value>0xffe4</value>
         <object_component_ref idref="oc-82"/>
      </symbol>
      <symbol id="sm-80b">
         <name>__TI_int51</name>
         <value>0xffe6</value>
         <object_component_ref idref="oc-83"/>
      </symbol>
      <symbol id="sm-80e">
         <name>__TI_int52</name>
         <value>0xffe8</value>
         <object_component_ref idref="oc-84"/>
      </symbol>
      <symbol id="sm-811">
         <name>__TI_int53</name>
         <value>0xffea</value>
         <object_component_ref idref="oc-85"/>
      </symbol>
      <symbol id="sm-814">
         <name>__TI_int54</name>
         <value>0xffec</value>
         <object_component_ref idref="oc-86"/>
      </symbol>
      <symbol id="sm-817">
         <name>__TI_int55</name>
         <value>0xffee</value>
         <object_component_ref idref="oc-87"/>
      </symbol>
      <symbol id="sm-81a">
         <name>__TI_int57</name>
         <value>0xfff2</value>
         <object_component_ref idref="oc-89"/>
      </symbol>
      <symbol id="sm-81d">
         <name>__TI_int58</name>
         <value>0xfff4</value>
         <object_component_ref idref="oc-8a"/>
      </symbol>
      <symbol id="sm-820">
         <name>__TI_int59</name>
         <value>0xfff6</value>
         <object_component_ref idref="oc-8b"/>
      </symbol>
      <symbol id="sm-823">
         <name>__TI_int60</name>
         <value>0xfff8</value>
         <object_component_ref idref="oc-8c"/>
      </symbol>
      <symbol id="sm-826">
         <name>__TI_int61</name>
         <value>0xfffa</value>
         <object_component_ref idref="oc-8d"/>
      </symbol>
      <symbol id="sm-829">
         <name>__TI_int62</name>
         <value>0xfffc</value>
         <object_component_ref idref="oc-8e"/>
      </symbol>
      <symbol id="sm-831">
         <name>__TI_ISR_TRAP</name>
         <value>0x450a</value>
         <object_component_ref idref="oc-3a5"/>
      </symbol>
      <symbol id="sm-83b">
         <name>__mspabi_srli</name>
         <value>0x11c00</value>
         <object_component_ref idref="oc-70a"/>
      </symbol>
      <symbol id="sm-844">
         <name>__mspabi_mpyi_f5hw</name>
         <value>0x11b02</value>
         <object_component_ref idref="oc-601"/>
      </symbol>
      <symbol id="sm-859">
         <name>_stack</name>
         <value>0x4360</value>
         <object_component_ref idref="oc-37d"/>
      </symbol>
      <symbol id="sm-85a">
         <name>_c_int00_noargs</name>
         <value>0x44ee</value>
         <object_component_ref idref="oc-3c2"/>
      </symbol>
      <symbol id="sm-85b">
         <name>_reset_vector</name>
         <value>0xfffe</value>
         <object_component_ref idref="oc-380"/>
      </symbol>
      <symbol id="sm-87e">
         <name>__TI_auto_init_nobinit_nopinit_hold_wdt</name>
         <value>0x11162</value>
         <object_component_ref idref="oc-55e"/>
      </symbol>
      <symbol id="sm-891">
         <name>__TI_zero_init_nomemset</name>
         <value>0x1195c</value>
         <object_component_ref idref="oc-3b0"/>
      </symbol>
      <symbol id="sm-89c">
         <name>_system_pre_init</name>
         <value>0x11c38</value>
         <object_component_ref idref="oc-450"/>
      </symbol>
      <symbol id="sm-8a5">
         <name>_system_post_cinit</name>
         <value>0x11c3c</value>
         <object_component_ref idref="oc-6b8"/>
      </symbol>
      <symbol id="sm-8b6">
         <name>__TI_decompress_none</name>
         <value>0x11b94</value>
         <object_component_ref idref="oc-73"/>
      </symbol>
      <symbol id="sm-8d9">
         <name>__TI_decompress_lzss</name>
         <value>0x10e96</value>
         <object_component_ref idref="oc-6d"/>
      </symbol>
      <symbol id="sm-8e3">
         <name>C$$EXIT</name>
         <value>0x11c32</value>
         <object_component_ref idref="oc-53a"/>
      </symbol>
      <symbol id="sm-8e4">
         <name>abort</name>
         <value>0x11c32</value>
         <object_component_ref idref="oc-53a"/>
      </symbol>
      <symbol id="sm-8f4">
         <name>memcpy</name>
         <value>0x11b5a</value>
         <object_component_ref idref="oc-38c"/>
      </symbol>
      <symbol id="sm-901">
         <name>strcpy</name>
         <value>0x11ba6</value>
         <object_component_ref idref="oc-5d5"/>
      </symbol>
   </symbol_table>
   <title>Link successful</title>
</link_info>
