<?xml version="1.0" encoding="ISO-8859-1" ?>
<link_info>
   <banner>MSP430 Linker Unix v18.1.2.LTS</banner>
   <copyright>Copyright (c) 2003-2017 Texas Instruments Incorporated</copyright>
   <link_time>0x5c055bf1</link_time>
   <link_errors>0x0</link_errors>
   <output_file>Comedouro.out</output_file>
   <entry_point>
      <name>_c_int00_noargs</name>
      <address>0x44d6</address>
   </entry_point>
   <input_file_list>
      <input_file id="fl-2">
         <path>./</path>
         <kind>object</kind>
         <file>main.obj</file>
         <name>main.obj</name>
      </input_file>
      <input_file id="fl-3">
         <path>./Display/</path>
         <kind>object</kind>
         <file>Display.obj</file>
         <name>Display.obj</name>
      </input_file>
      <input_file id="fl-4">
         <path>./Display/</path>
         <kind>object</kind>
         <file>StateMachine.obj</file>
         <name>StateMachine.obj</name>
      </input_file>
      <input_file id="fl-5">
         <path>./Display/HD44780/</path>
         <kind>object</kind>
         <file>HD44780.obj</file>
         <name>HD44780.obj</name>
      </input_file>
      <input_file id="fl-6">
         <path>./Display/HD44780/</path>
         <kind>object</kind>
         <file>port_HD44780.obj</file>
         <name>port_HD44780.obj</name>
      </input_file>
      <input_file id="fl-7">
         <path>./IO/Buzzer/</path>
         <kind>object</kind>
         <file>Buzzer.obj</file>
         <name>Buzzer.obj</name>
      </input_file>
      <input_file id="fl-8">
         <path>./IO/</path>
         <kind>object</kind>
         <file>Config_IO.obj</file>
         <name>Config_IO.obj</name>
      </input_file>
      <input_file id="fl-9">
         <path>./IO/Motor/</path>
         <kind>object</kind>
         <file>Motor.obj</file>
         <name>Motor.obj</name>
      </input_file>
      <input_file id="fl-a">
         <path>./IO/SR04/</path>
         <kind>object</kind>
         <file>SR04.obj</file>
         <name>SR04.obj</name>
      </input_file>
      <input_file id="fl-b">
         <path>./Parser/</path>
         <kind>object</kind>
         <file>Protocol.obj</file>
         <name>Protocol.obj</name>
      </input_file>
      <input_file id="fl-c">
         <path>./driverlib/MSP430F5xx_6xx/</path>
         <kind>object</kind>
         <file>adc10_a.obj</file>
         <name>adc10_a.obj</name>
      </input_file>
      <input_file id="fl-d">
         <path>./driverlib/MSP430F5xx_6xx/</path>
         <kind>object</kind>
         <file>adc12_a.obj</file>
         <name>adc12_a.obj</name>
      </input_file>
      <input_file id="fl-e">
         <path>./driverlib/MSP430F5xx_6xx/</path>
         <kind>object</kind>
         <file>aes.obj</file>
         <name>aes.obj</name>
      </input_file>
      <input_file id="fl-f">
         <path>./driverlib/MSP430F5xx_6xx/</path>
         <kind>object</kind>
         <file>battbak.obj</file>
         <name>battbak.obj</name>
      </input_file>
      <input_file id="fl-10">
         <path>./driverlib/MSP430F5xx_6xx/</path>
         <kind>object</kind>
         <file>comp_b.obj</file>
         <name>comp_b.obj</name>
      </input_file>
      <input_file id="fl-11">
         <path>./driverlib/MSP430F5xx_6xx/</path>
         <kind>object</kind>
         <file>crc.obj</file>
         <name>crc.obj</name>
      </input_file>
      <input_file id="fl-12">
         <path>./driverlib/MSP430F5xx_6xx/</path>
         <kind>object</kind>
         <file>ctsd16.obj</file>
         <name>ctsd16.obj</name>
      </input_file>
      <input_file id="fl-13">
         <path>./driverlib/MSP430F5xx_6xx/</path>
         <kind>object</kind>
         <file>dac12_a.obj</file>
         <name>dac12_a.obj</name>
      </input_file>
      <input_file id="fl-14">
         <path>./driverlib/MSP430F5xx_6xx/</path>
         <kind>object</kind>
         <file>dma.obj</file>
         <name>dma.obj</name>
      </input_file>
      <input_file id="fl-15">
         <path>./driverlib/MSP430F5xx_6xx/</path>
         <kind>object</kind>
         <file>eusci_a_spi.obj</file>
         <name>eusci_a_spi.obj</name>
      </input_file>
      <input_file id="fl-16">
         <path>./driverlib/MSP430F5xx_6xx/</path>
         <kind>object</kind>
         <file>eusci_a_uart.obj</file>
         <name>eusci_a_uart.obj</name>
      </input_file>
      <input_file id="fl-17">
         <path>./driverlib/MSP430F5xx_6xx/</path>
         <kind>object</kind>
         <file>eusci_b_i2c.obj</file>
         <name>eusci_b_i2c.obj</name>
      </input_file>
      <input_file id="fl-18">
         <path>./driverlib/MSP430F5xx_6xx/</path>
         <kind>object</kind>
         <file>eusci_b_spi.obj</file>
         <name>eusci_b_spi.obj</name>
      </input_file>
      <input_file id="fl-19">
         <path>./driverlib/MSP430F5xx_6xx/</path>
         <kind>object</kind>
         <file>flashctl.obj</file>
         <name>flashctl.obj</name>
      </input_file>
      <input_file id="fl-1a">
         <path>./driverlib/MSP430F5xx_6xx/</path>
         <kind>object</kind>
         <file>gpio.obj</file>
         <name>gpio.obj</name>
      </input_file>
      <input_file id="fl-1b">
         <path>./driverlib/MSP430F5xx_6xx/</path>
         <kind>object</kind>
         <file>lcd_b.obj</file>
         <name>lcd_b.obj</name>
      </input_file>
      <input_file id="fl-1c">
         <path>./driverlib/MSP430F5xx_6xx/</path>
         <kind>object</kind>
         <file>ldopwr.obj</file>
         <name>ldopwr.obj</name>
      </input_file>
      <input_file id="fl-1d">
         <path>./driverlib/MSP430F5xx_6xx/</path>
         <kind>object</kind>
         <file>mpy32.obj</file>
         <name>mpy32.obj</name>
      </input_file>
      <input_file id="fl-1e">
         <path>./driverlib/MSP430F5xx_6xx/</path>
         <kind>object</kind>
         <file>oa.obj</file>
         <name>oa.obj</name>
      </input_file>
      <input_file id="fl-1f">
         <path>./driverlib/MSP430F5xx_6xx/</path>
         <kind>object</kind>
         <file>pmap.obj</file>
         <name>pmap.obj</name>
      </input_file>
      <input_file id="fl-20">
         <path>./driverlib/MSP430F5xx_6xx/</path>
         <kind>object</kind>
         <file>pmm.obj</file>
         <name>pmm.obj</name>
      </input_file>
      <input_file id="fl-21">
         <path>./driverlib/MSP430F5xx_6xx/</path>
         <kind>object</kind>
         <file>ram.obj</file>
         <name>ram.obj</name>
      </input_file>
      <input_file id="fl-22">
         <path>./driverlib/MSP430F5xx_6xx/</path>
         <kind>object</kind>
         <file>ref.obj</file>
         <name>ref.obj</name>
      </input_file>
      <input_file id="fl-23">
         <path>./driverlib/MSP430F5xx_6xx/</path>
         <kind>object</kind>
         <file>rtc_a.obj</file>
         <name>rtc_a.obj</name>
      </input_file>
      <input_file id="fl-24">
         <path>./driverlib/MSP430F5xx_6xx/</path>
         <kind>object</kind>
         <file>rtc_b.obj</file>
         <name>rtc_b.obj</name>
      </input_file>
      <input_file id="fl-25">
         <path>./driverlib/MSP430F5xx_6xx/</path>
         <kind>object</kind>
         <file>rtc_c.obj</file>
         <name>rtc_c.obj</name>
      </input_file>
      <input_file id="fl-26">
         <path>./driverlib/MSP430F5xx_6xx/</path>
         <kind>object</kind>
         <file>sd24_b.obj</file>
         <name>sd24_b.obj</name>
      </input_file>
      <input_file id="fl-27">
         <path>./driverlib/MSP430F5xx_6xx/</path>
         <kind>object</kind>
         <file>sfr.obj</file>
         <name>sfr.obj</name>
      </input_file>
      <input_file id="fl-28">
         <path>./driverlib/MSP430F5xx_6xx/</path>
         <kind>object</kind>
         <file>sysctl.obj</file>
         <name>sysctl.obj</name>
      </input_file>
      <input_file id="fl-29">
         <path>./driverlib/MSP430F5xx_6xx/</path>
         <kind>object</kind>
         <file>tec.obj</file>
         <name>tec.obj</name>
      </input_file>
      <input_file id="fl-2a">
         <path>./driverlib/MSP430F5xx_6xx/</path>
         <kind>object</kind>
         <file>timer_a.obj</file>
         <name>timer_a.obj</name>
      </input_file>
      <input_file id="fl-2b">
         <path>./driverlib/MSP430F5xx_6xx/</path>
         <kind>object</kind>
         <file>timer_b.obj</file>
         <name>timer_b.obj</name>
      </input_file>
      <input_file id="fl-2c">
         <path>./driverlib/MSP430F5xx_6xx/</path>
         <kind>object</kind>
         <file>timer_d.obj</file>
         <name>timer_d.obj</name>
      </input_file>
      <input_file id="fl-2d">
         <path>./driverlib/MSP430F5xx_6xx/</path>
         <kind>object</kind>
         <file>tlv.obj</file>
         <name>tlv.obj</name>
      </input_file>
      <input_file id="fl-2e">
         <path>./driverlib/MSP430F5xx_6xx/</path>
         <kind>object</kind>
         <file>ucs.obj</file>
         <name>ucs.obj</name>
      </input_file>
      <input_file id="fl-2f">
         <path>./driverlib/MSP430F5xx_6xx/</path>
         <kind>object</kind>
         <file>usci_a_spi.obj</file>
         <name>usci_a_spi.obj</name>
      </input_file>
      <input_file id="fl-30">
         <path>./driverlib/MSP430F5xx_6xx/</path>
         <kind>object</kind>
         <file>usci_a_uart.obj</file>
         <name>usci_a_uart.obj</name>
      </input_file>
      <input_file id="fl-31">
         <path>./driverlib/MSP430F5xx_6xx/</path>
         <kind>object</kind>
         <file>usci_b_i2c.obj</file>
         <name>usci_b_i2c.obj</name>
      </input_file>
      <input_file id="fl-32">
         <path>./driverlib/MSP430F5xx_6xx/</path>
         <kind>object</kind>
         <file>usci_b_spi.obj</file>
         <name>usci_b_spi.obj</name>
      </input_file>
      <input_file id="fl-33">
         <path>./driverlib/MSP430F5xx_6xx/</path>
         <kind>object</kind>
         <file>wdt_a.obj</file>
         <name>wdt_a.obj</name>
      </input_file>
      <input_file id="fl-39">
         <kind>object</kind>
         <file>&lt;internal&gt;</file>
         <name>&lt;internal&gt;</name>
      </input_file>
      <input_file id="fl-54">
         <path>/home/raul/ti/ccsv8/tools/compiler/ti-cgt-msp430_18.1.2.LTS/lib/</path>
         <kind>archive</kind>
         <file>rts430x_lc_rd_eabi.lib</file>
         <name>div16s.asm.obj</name>
      </input_file>
      <input_file id="fl-55">
         <path>/home/raul/ti/ccsv8/tools/compiler/ti-cgt-msp430_18.1.2.LTS/lib/</path>
         <kind>archive</kind>
         <file>rts430x_lc_rd_eabi.lib</file>
         <name>div16u.asm.obj</name>
      </input_file>
      <input_file id="fl-56">
         <path>/home/raul/ti/ccsv8/tools/compiler/ti-cgt-msp430_18.1.2.LTS/lib/</path>
         <kind>archive</kind>
         <file>rts430x_lc_rd_eabi.lib</file>
         <name>div32s.asm.obj</name>
      </input_file>
      <input_file id="fl-57">
         <path>/home/raul/ti/ccsv8/tools/compiler/ti-cgt-msp430_18.1.2.LTS/lib/</path>
         <kind>archive</kind>
         <file>rts430x_lc_rd_eabi.lib</file>
         <name>div32u.asm.obj</name>
      </input_file>
      <input_file id="fl-58">
         <path>/home/raul/ti/ccsv8/tools/compiler/ti-cgt-msp430_18.1.2.LTS/lib/</path>
         <kind>archive</kind>
         <file>rts430x_lc_rd_eabi.lib</file>
         <name>fs_add.asm.obj</name>
      </input_file>
      <input_file id="fl-59">
         <path>/home/raul/ti/ccsv8/tools/compiler/ti-cgt-msp430_18.1.2.LTS/lib/</path>
         <kind>archive</kind>
         <file>rts430x_lc_rd_eabi.lib</file>
         <name>fs_div.asm.obj</name>
      </input_file>
      <input_file id="fl-5a">
         <path>/home/raul/ti/ccsv8/tools/compiler/ti-cgt-msp430_18.1.2.LTS/lib/</path>
         <kind>archive</kind>
         <file>rts430x_lc_rd_eabi.lib</file>
         <name>fs_mpy.asm.obj</name>
      </input_file>
      <input_file id="fl-5b">
         <path>/home/raul/ti/ccsv8/tools/compiler/ti-cgt-msp430_18.1.2.LTS/lib/</path>
         <kind>archive</kind>
         <file>rts430x_lc_rd_eabi.lib</file>
         <name>fs_tou.asm.obj</name>
      </input_file>
      <input_file id="fl-5c">
         <path>/home/raul/ti/ccsv8/tools/compiler/ti-cgt-msp430_18.1.2.LTS/lib/</path>
         <kind>archive</kind>
         <file>rts430x_lc_rd_eabi.lib</file>
         <name>fs_utof.asm.obj</name>
      </input_file>
      <input_file id="fl-5d">
         <path>/home/raul/ti/ccsv8/tools/compiler/ti-cgt-msp430_18.1.2.LTS/lib/</path>
         <kind>archive</kind>
         <file>rts430x_lc_rd_eabi.lib</file>
         <name>int43.asm.obj</name>
      </input_file>
      <input_file id="fl-5e">
         <path>/home/raul/ti/ccsv8/tools/compiler/ti-cgt-msp430_18.1.2.LTS/lib/</path>
         <kind>archive</kind>
         <file>rts430x_lc_rd_eabi.lib</file>
         <name>int44.asm.obj</name>
      </input_file>
      <input_file id="fl-5f">
         <path>/home/raul/ti/ccsv8/tools/compiler/ti-cgt-msp430_18.1.2.LTS/lib/</path>
         <kind>archive</kind>
         <file>rts430x_lc_rd_eabi.lib</file>
         <name>int45.asm.obj</name>
      </input_file>
      <input_file id="fl-60">
         <path>/home/raul/ti/ccsv8/tools/compiler/ti-cgt-msp430_18.1.2.LTS/lib/</path>
         <kind>archive</kind>
         <file>rts430x_lc_rd_eabi.lib</file>
         <name>int46.asm.obj</name>
      </input_file>
      <input_file id="fl-61">
         <path>/home/raul/ti/ccsv8/tools/compiler/ti-cgt-msp430_18.1.2.LTS/lib/</path>
         <kind>archive</kind>
         <file>rts430x_lc_rd_eabi.lib</file>
         <name>int47.asm.obj</name>
      </input_file>
      <input_file id="fl-62">
         <path>/home/raul/ti/ccsv8/tools/compiler/ti-cgt-msp430_18.1.2.LTS/lib/</path>
         <kind>archive</kind>
         <file>rts430x_lc_rd_eabi.lib</file>
         <name>int48.asm.obj</name>
      </input_file>
      <input_file id="fl-63">
         <path>/home/raul/ti/ccsv8/tools/compiler/ti-cgt-msp430_18.1.2.LTS/lib/</path>
         <kind>archive</kind>
         <file>rts430x_lc_rd_eabi.lib</file>
         <name>int49.asm.obj</name>
      </input_file>
      <input_file id="fl-64">
         <path>/home/raul/ti/ccsv8/tools/compiler/ti-cgt-msp430_18.1.2.LTS/lib/</path>
         <kind>archive</kind>
         <file>rts430x_lc_rd_eabi.lib</file>
         <name>int50.asm.obj</name>
      </input_file>
      <input_file id="fl-65">
         <path>/home/raul/ti/ccsv8/tools/compiler/ti-cgt-msp430_18.1.2.LTS/lib/</path>
         <kind>archive</kind>
         <file>rts430x_lc_rd_eabi.lib</file>
         <name>int51.asm.obj</name>
      </input_file>
      <input_file id="fl-66">
         <path>/home/raul/ti/ccsv8/tools/compiler/ti-cgt-msp430_18.1.2.LTS/lib/</path>
         <kind>archive</kind>
         <file>rts430x_lc_rd_eabi.lib</file>
         <name>int52.asm.obj</name>
      </input_file>
      <input_file id="fl-67">
         <path>/home/raul/ti/ccsv8/tools/compiler/ti-cgt-msp430_18.1.2.LTS/lib/</path>
         <kind>archive</kind>
         <file>rts430x_lc_rd_eabi.lib</file>
         <name>int53.asm.obj</name>
      </input_file>
      <input_file id="fl-68">
         <path>/home/raul/ti/ccsv8/tools/compiler/ti-cgt-msp430_18.1.2.LTS/lib/</path>
         <kind>archive</kind>
         <file>rts430x_lc_rd_eabi.lib</file>
         <name>int54.asm.obj</name>
      </input_file>
      <input_file id="fl-69">
         <path>/home/raul/ti/ccsv8/tools/compiler/ti-cgt-msp430_18.1.2.LTS/lib/</path>
         <kind>archive</kind>
         <file>rts430x_lc_rd_eabi.lib</file>
         <name>int55.asm.obj</name>
      </input_file>
      <input_file id="fl-6a">
         <path>/home/raul/ti/ccsv8/tools/compiler/ti-cgt-msp430_18.1.2.LTS/lib/</path>
         <kind>archive</kind>
         <file>rts430x_lc_rd_eabi.lib</file>
         <name>int57.asm.obj</name>
      </input_file>
      <input_file id="fl-6b">
         <path>/home/raul/ti/ccsv8/tools/compiler/ti-cgt-msp430_18.1.2.LTS/lib/</path>
         <kind>archive</kind>
         <file>rts430x_lc_rd_eabi.lib</file>
         <name>int58.asm.obj</name>
      </input_file>
      <input_file id="fl-6c">
         <path>/home/raul/ti/ccsv8/tools/compiler/ti-cgt-msp430_18.1.2.LTS/lib/</path>
         <kind>archive</kind>
         <file>rts430x_lc_rd_eabi.lib</file>
         <name>int59.asm.obj</name>
      </input_file>
      <input_file id="fl-6d">
         <path>/home/raul/ti/ccsv8/tools/compiler/ti-cgt-msp430_18.1.2.LTS/lib/</path>
         <kind>archive</kind>
         <file>rts430x_lc_rd_eabi.lib</file>
         <name>int60.asm.obj</name>
      </input_file>
      <input_file id="fl-6e">
         <path>/home/raul/ti/ccsv8/tools/compiler/ti-cgt-msp430_18.1.2.LTS/lib/</path>
         <kind>archive</kind>
         <file>rts430x_lc_rd_eabi.lib</file>
         <name>int61.asm.obj</name>
      </input_file>
      <input_file id="fl-6f">
         <path>/home/raul/ti/ccsv8/tools/compiler/ti-cgt-msp430_18.1.2.LTS/lib/</path>
         <kind>archive</kind>
         <file>rts430x_lc_rd_eabi.lib</file>
         <name>int62.asm.obj</name>
      </input_file>
      <input_file id="fl-70">
         <path>/home/raul/ti/ccsv8/tools/compiler/ti-cgt-msp430_18.1.2.LTS/lib/</path>
         <kind>archive</kind>
         <file>rts430x_lc_rd_eabi.lib</file>
         <name>isr_trap.asm.obj</name>
      </input_file>
      <input_file id="fl-71">
         <path>/home/raul/ti/ccsv8/tools/compiler/ti-cgt-msp430_18.1.2.LTS/lib/</path>
         <kind>archive</kind>
         <file>rts430x_lc_rd_eabi.lib</file>
         <name>lsl16.asm.obj</name>
      </input_file>
      <input_file id="fl-72">
         <path>/home/raul/ti/ccsv8/tools/compiler/ti-cgt-msp430_18.1.2.LTS/lib/</path>
         <kind>archive</kind>
         <file>rts430x_lc_rd_eabi.lib</file>
         <name>lsr16.asm.obj</name>
      </input_file>
      <input_file id="fl-73">
         <path>/home/raul/ti/ccsv8/tools/compiler/ti-cgt-msp430_18.1.2.LTS/lib/</path>
         <kind>archive</kind>
         <file>rts430x_lc_rd_eabi.lib</file>
         <name>mult16.asm.obj</name>
      </input_file>
      <input_file id="fl-74">
         <path>/home/raul/ti/ccsv8/tools/compiler/ti-cgt-msp430_18.1.2.LTS/lib/</path>
         <kind>archive</kind>
         <file>rts430x_lc_rd_eabi.lib</file>
         <name>mult16_f5hw.asm.obj</name>
      </input_file>
      <input_file id="fl-75">
         <path>/home/raul/ti/ccsv8/tools/compiler/ti-cgt-msp430_18.1.2.LTS/lib/</path>
         <kind>archive</kind>
         <file>rts430x_lc_rd_eabi.lib</file>
         <name>mult1632_f5hw.asm.obj</name>
      </input_file>
      <input_file id="fl-76">
         <path>/home/raul/ti/ccsv8/tools/compiler/ti-cgt-msp430_18.1.2.LTS/lib/</path>
         <kind>archive</kind>
         <file>rts430x_lc_rd_eabi.lib</file>
         <name>mult32.asm.obj</name>
      </input_file>
      <input_file id="fl-77">
         <path>/home/raul/ti/ccsv8/tools/compiler/ti-cgt-msp430_18.1.2.LTS/lib/</path>
         <kind>archive</kind>
         <file>rts430x_lc_rd_eabi.lib</file>
         <name>mult32_f5hw.asm.obj</name>
      </input_file>
      <input_file id="fl-78">
         <path>/home/raul/ti/ccsv8/tools/compiler/ti-cgt-msp430_18.1.2.LTS/lib/</path>
         <kind>archive</kind>
         <file>rts430x_lc_rd_eabi.lib</file>
         <name>mult3264_f5hw.asm.obj</name>
      </input_file>
      <input_file id="fl-79">
         <path>/home/raul/ti/ccsv8/tools/compiler/ti-cgt-msp430_18.1.2.LTS/lib/</path>
         <kind>archive</kind>
         <file>rts430x_lc_rd_eabi.lib</file>
         <name>mult64_f5hw.asm.obj</name>
      </input_file>
      <input_file id="fl-7a">
         <path>/home/raul/ti/ccsv8/tools/compiler/ti-cgt-msp430_18.1.2.LTS/lib/</path>
         <kind>archive</kind>
         <file>rts430x_lc_rd_eabi.lib</file>
         <name>boot.c.obj</name>
      </input_file>
      <input_file id="fl-7b">
         <path>/home/raul/ti/ccsv8/tools/compiler/ti-cgt-msp430_18.1.2.LTS/lib/</path>
         <kind>archive</kind>
         <file>rts430x_lc_rd_eabi.lib</file>
         <name>autoinit.c.obj</name>
      </input_file>
      <input_file id="fl-7c">
         <path>/home/raul/ti/ccsv8/tools/compiler/ti-cgt-msp430_18.1.2.LTS/lib/</path>
         <kind>archive</kind>
         <file>rts430x_lc_rd_eabi.lib</file>
         <name>copy_zero_init.c.obj</name>
      </input_file>
      <input_file id="fl-7d">
         <path>/home/raul/ti/ccsv8/tools/compiler/ti-cgt-msp430_18.1.2.LTS/lib/</path>
         <kind>archive</kind>
         <file>rts430x_lc_rd_eabi.lib</file>
         <name>cpy_tbl.c.obj</name>
      </input_file>
      <input_file id="fl-7e">
         <path>/home/raul/ti/ccsv8/tools/compiler/ti-cgt-msp430_18.1.2.LTS/lib/</path>
         <kind>archive</kind>
         <file>rts430x_lc_rd_eabi.lib</file>
         <name>mpu_init.c.obj</name>
      </input_file>
      <input_file id="fl-7f">
         <path>/home/raul/ti/ccsv8/tools/compiler/ti-cgt-msp430_18.1.2.LTS/lib/</path>
         <kind>archive</kind>
         <file>rts430x_lc_rd_eabi.lib</file>
         <name>pre_init.c.obj</name>
      </input_file>
      <input_file id="fl-80">
         <path>/home/raul/ti/ccsv8/tools/compiler/ti-cgt-msp430_18.1.2.LTS/lib/</path>
         <kind>archive</kind>
         <file>rts430x_lc_rd_eabi.lib</file>
         <name>startup.c.obj</name>
      </input_file>
      <input_file id="fl-81">
         <path>/home/raul/ti/ccsv8/tools/compiler/ti-cgt-msp430_18.1.2.LTS/lib/</path>
         <kind>archive</kind>
         <file>rts430x_lc_rd_eabi.lib</file>
         <name>copy_decompress_none.c.obj</name>
      </input_file>
      <input_file id="fl-82">
         <path>/home/raul/ti/ccsv8/tools/compiler/ti-cgt-msp430_18.1.2.LTS/lib/</path>
         <kind>archive</kind>
         <file>rts430x_lc_rd_eabi.lib</file>
         <name>copy_decompress_lzss.c.obj</name>
      </input_file>
      <input_file id="fl-83">
         <path>/home/raul/ti/ccsv8/tools/compiler/ti-cgt-msp430_18.1.2.LTS/lib/</path>
         <kind>archive</kind>
         <file>rts430x_lc_rd_eabi.lib</file>
         <name>fixdi.c.obj</name>
      </input_file>
      <input_file id="fl-84">
         <path>/home/raul/ti/ccsv8/tools/compiler/ti-cgt-msp430_18.1.2.LTS/lib/</path>
         <kind>archive</kind>
         <file>rts430x_lc_rd_eabi.lib</file>
         <name>fixdli.c.obj</name>
      </input_file>
      <input_file id="fl-85">
         <path>/home/raul/ti/ccsv8/tools/compiler/ti-cgt-msp430_18.1.2.LTS/lib/</path>
         <kind>archive</kind>
         <file>rts430x_lc_rd_eabi.lib</file>
         <name>fixdu.c.obj</name>
      </input_file>
      <input_file id="fl-86">
         <path>/home/raul/ti/ccsv8/tools/compiler/ti-cgt-msp430_18.1.2.LTS/lib/</path>
         <kind>archive</kind>
         <file>rts430x_lc_rd_eabi.lib</file>
         <name>fixdul.c.obj</name>
      </input_file>
      <input_file id="fl-87">
         <path>/home/raul/ti/ccsv8/tools/compiler/ti-cgt-msp430_18.1.2.LTS/lib/</path>
         <kind>archive</kind>
         <file>rts430x_lc_rd_eabi.lib</file>
         <name>fltud.c.obj</name>
      </input_file>
      <input_file id="fl-88">
         <path>/home/raul/ti/ccsv8/tools/compiler/ti-cgt-msp430_18.1.2.LTS/lib/</path>
         <kind>archive</kind>
         <file>rts430x_lc_rd_eabi.lib</file>
         <name>fltuld.c.obj</name>
      </input_file>
      <input_file id="fl-89">
         <path>/home/raul/ti/ccsv8/tools/compiler/ti-cgt-msp430_18.1.2.LTS/lib/</path>
         <kind>archive</kind>
         <file>rts430x_lc_rd_eabi.lib</file>
         <name>mpyd.c.obj</name>
      </input_file>
      <input_file id="fl-8a">
         <path>/home/raul/ti/ccsv8/tools/compiler/ti-cgt-msp430_18.1.2.LTS/lib/</path>
         <kind>archive</kind>
         <file>rts430x_lc_rd_eabi.lib</file>
         <name>subd.c.obj</name>
      </input_file>
      <input_file id="fl-8b">
         <path>/home/raul/ti/ccsv8/tools/compiler/ti-cgt-msp430_18.1.2.LTS/lib/</path>
         <kind>archive</kind>
         <file>rts430x_lc_rd_eabi.lib</file>
         <name>exit.c.obj</name>
      </input_file>
      <input_file id="fl-8c">
         <path>/home/raul/ti/ccsv8/tools/compiler/ti-cgt-msp430_18.1.2.LTS/lib/</path>
         <kind>archive</kind>
         <file>rts430x_lc_rd_eabi.lib</file>
         <name>_lock.c.obj</name>
      </input_file>
      <input_file id="fl-8d">
         <path>/home/raul/ti/ccsv8/tools/compiler/ti-cgt-msp430_18.1.2.LTS/lib/</path>
         <kind>archive</kind>
         <file>rts430x_lc_rd_eabi.lib</file>
         <name>args_main.c.obj</name>
      </input_file>
      <input_file id="fl-8e">
         <path>/home/raul/ti/ccsv8/tools/compiler/ti-cgt-msp430_18.1.2.LTS/lib/</path>
         <kind>archive</kind>
         <file>rts430x_lc_rd_eabi.lib</file>
         <name>memcpy.c.obj</name>
      </input_file>
      <input_file id="fl-8f">
         <path>/home/raul/ti/ccsv8/tools/compiler/ti-cgt-msp430_18.1.2.LTS/lib/</path>
         <kind>archive</kind>
         <file>rts430x_lc_rd_eabi.lib</file>
         <name>strcpy.c.obj</name>
      </input_file>
      <input_file id="fl-90">
         <path>/home/raul/ti/ccsv8/tools/compiler/ti-cgt-msp430_18.1.2.LTS/lib/</path>
         <kind>archive</kind>
         <file>rts430x_lc_rd_eabi.lib</file>
         <name>lsl32.asm.obj</name>
      </input_file>
      <input_file id="fl-91">
         <path>/home/raul/ti/ccsv8/tools/compiler/ti-cgt-msp430_18.1.2.LTS/lib/</path>
         <kind>archive</kind>
         <file>rts430x_lc_rd_eabi.lib</file>
         <name>lsr32.asm.obj</name>
      </input_file>
      <input_file id="fl-92">
         <path>/home/raul/ti/ccsv8/tools/compiler/ti-cgt-msp430_18.1.2.LTS/lib/</path>
         <kind>archive</kind>
         <file>rts430x_lc_rd_eabi.lib</file>
         <name>exit_gvars.c.obj</name>
      </input_file>
      <input_file id="fl-93">
         <path>/home/raul/ti/ccsv8/tools/compiler/ti-cgt-msp430_18.1.2.LTS/lib/</path>
         <kind>archive</kind>
         <file>rts430x_lc_rd_eabi.lib</file>
         <name>lsr64.c.obj</name>
      </input_file>
      <input_file id="fl-94">
         <path>/home/raul/ti/ccsv8/tools/compiler/ti-cgt-msp430_18.1.2.LTS/lib/</path>
         <kind>archive</kind>
         <file>rts430x_lc_rd_eabi.lib</file>
         <name>addd.c.obj</name>
      </input_file>
      <input_file id="fl-95">
         <path>/home/raul/ti/ccsv8/tools/compiler/ti-cgt-msp430_18.1.2.LTS/lib/</path>
         <kind>archive</kind>
         <file>rts430x_lc_rd_eabi.lib</file>
         <name>frcaddd.c.obj</name>
      </input_file>
      <input_file id="fl-96">
         <path>/home/raul/ti/ccsv8/tools/compiler/ti-cgt-msp430_18.1.2.LTS/lib/</path>
         <kind>archive</kind>
         <file>rts430x_lc_rd_eabi.lib</file>
         <name>frcmpyd.c.obj</name>
      </input_file>
      <input_file id="fl-97">
         <path>/home/raul/ti/ccsv8/tools/compiler/ti-cgt-msp430_18.1.2.LTS/lib/</path>
         <kind>archive</kind>
         <file>rts430x_lc_rd_eabi.lib</file>
         <name>renormd.c.obj</name>
      </input_file>
      <input_file id="fl-98">
         <path>/home/raul/ti/ccsv8/tools/compiler/ti-cgt-msp430_18.1.2.LTS/lib/</path>
         <kind>archive</kind>
         <file>rts430x_lc_rd_eabi.lib</file>
         <name>asr32.asm.obj</name>
      </input_file>
   </input_file_list>
   <object_component_list>
      <object_component id="oc-621">
         <name>.bss</name>
         <uninitialized>true</uninitialized>
         <run_address>0x245e</run_address>
         <size>0x1</size>
         <input_file_ref idref="fl-3"/>
      </object_component>
      <object_component id="oc-423">
         <name>.common:theHD44780</name>
         <uninitialized>true</uninitialized>
         <run_address>0x2440</run_address>
         <size>0xe</size>
      </object_component>
      <object_component id="oc-41a">
         <name>.common:display</name>
         <uninitialized>true</uninitialized>
         <run_address>0x2400</run_address>
         <size>0x40</size>
      </object_component>
      <object_component id="oc-405">
         <name>.common:hora_alarme1</name>
         <uninitialized>true</uninitialized>
         <run_address>0x2452</run_address>
         <size>0x2</size>
      </object_component>
      <object_component id="oc-40a">
         <name>.common:hora_alarme2</name>
         <uninitialized>true</uninitialized>
         <run_address>0x2454</run_address>
         <size>0x2</size>
      </object_component>
      <object_component id="oc-40b">
         <name>.common:hora_alarme3</name>
         <uninitialized>true</uninitialized>
         <run_address>0x2456</run_address>
         <size>0x2</size>
      </object_component>
      <object_component id="oc-40c">
         <name>.common:tempo_motor</name>
         <uninitialized>true</uninitialized>
         <run_address>0x245c</run_address>
         <size>0x2</size>
      </object_component>
      <object_component id="oc-4a0">
         <name>.common:buzzer</name>
         <uninitialized>true</uninitialized>
         <run_address>0x245f</run_address>
         <size>0x1</size>
      </object_component>
      <object_component id="oc-3fd">
         <name>.common:hora_atual</name>
         <uninitialized>true</uninitialized>
         <run_address>0x2458</run_address>
         <size>0x2</size>
      </object_component>
      <object_component id="oc-4d8">
         <name>.common:nivel_dist</name>
         <uninitialized>true</uninitialized>
         <run_address>0x245a</run_address>
         <size>0x2</size>
      </object_component>
      <object_component id="oc-43b">
         <name>.common:Comando</name>
         <uninitialized>true</uninitialized>
         <run_address>0x244e</run_address>
         <size>0x4</size>
      </object_component>
      <object_component id="oc-5a2">
         <name>.data:buzzerTimer</name>
         <load_address>0x2460</load_address>
         <run_address>0x2460</run_address>
         <size>0xc</size>
         <input_file_ref idref="fl-7"/>
      </object_component>
      <object_component id="oc-5b3">
         <name>.data:motorTimer</name>
         <load_address>0x246c</load_address>
         <run_address>0x246c</run_address>
         <size>0xc</size>
         <input_file_ref idref="fl-9"/>
      </object_component>
      <object_component id="oc-805">
         <name>.data:SR04Timer</name>
         <load_address>0x2484</load_address>
         <run_address>0x2484</run_address>
         <size>0xa</size>
         <input_file_ref idref="fl-a"/>
      </object_component>
      <object_component id="oc-438">
         <name>.data</name>
         <load_address>0x2496</load_address>
         <run_address>0x2496</run_address>
         <size>0x4</size>
         <input_file_ref idref="fl-b"/>
      </object_component>
      <object_component id="oc-6f8">
         <name>.data:paramUART</name>
         <load_address>0x2478</load_address>
         <run_address>0x2478</run_address>
         <size>0xc</size>
         <input_file_ref idref="fl-b"/>
      </object_component>
      <object_component id="oc-7d5">
         <name>.data</name>
         <load_address>0x248e</load_address>
         <run_address>0x248e</run_address>
         <size>0x8</size>
         <input_file_ref idref="fl-2e"/>
      </object_component>
      <object_component id="oc-37d">
         <name>.stack</name>
         <uninitialized>true</uninitialized>
         <run_address>0x4360</run_address>
         <size>0x4</size>
         <input_file_ref idref="fl-7a"/>
      </object_component>
      <object_component id="oc-90f">
         <name>.stack</name>
         <uninitialized>true</uninitialized>
         <run_address>0x4360</run_address>
         <size>0x0</size>
      </object_component>
      <object_component id="oc-5fd">
         <name>.text:__mspabi_addd</name>
         <load_address>0x10000</load_address>
         <run_address>0x10000</run_address>
         <size>0x2e0</size>
         <input_file_ref idref="fl-94"/>
      </object_component>
      <object_component id="oc-5f0">
         <name>.text:__TI_frcmpyd</name>
         <load_address>0x102e0</load_address>
         <run_address>0x102e0</run_address>
         <size>0x280</size>
         <input_file_ref idref="fl-96"/>
      </object_component>
      <object_component id="oc-4c6">
         <name>.text:__mspabi_mpyd</name>
         <load_address>0x10560</load_address>
         <run_address>0x10560</run_address>
         <size>0x266</size>
         <input_file_ref idref="fl-89"/>
      </object_component>
      <object_component id="oc-777">
         <name>.text:__TI_frcaddd</name>
         <load_address>0x107c6</load_address>
         <run_address>0x107c6</run_address>
         <size>0x248</size>
         <input_file_ref idref="fl-95"/>
      </object_component>
      <object_component id="oc-4eb">
         <name>.text:displaySetState</name>
         <load_address>0x10a0e</load_address>
         <run_address>0x10a0e</run_address>
         <size>0x244</size>
         <input_file_ref idref="fl-3"/>
      </object_component>
      <object_component id="oc-5c5">
         <name>.text</name>
         <load_address>0x10c52</load_address>
         <run_address>0x10c52</run_address>
         <size>0x132</size>
         <input_file_ref idref="fl-58"/>
      </object_component>
      <object_component id="oc-66f">
         <name>.text:fn_alarme1</name>
         <load_address>0x10d84</load_address>
         <run_address>0x10d84</run_address>
         <size>0x114</size>
         <input_file_ref idref="fl-4"/>
      </object_component>
      <object_component id="oc-675">
         <name>.text:fn_alarme2</name>
         <load_address>0x10e98</load_address>
         <run_address>0x10e98</run_address>
         <size>0x114</size>
         <input_file_ref idref="fl-4"/>
      </object_component>
      <object_component id="oc-67b">
         <name>.text:fn_alarme3</name>
         <load_address>0x10fac</load_address>
         <run_address>0x10fac</run_address>
         <size>0x112</size>
         <input_file_ref idref="fl-4"/>
      </object_component>
      <object_component id="oc-52d">
         <name>.text:HD44780_begin</name>
         <load_address>0x110be</load_address>
         <run_address>0x110be</run_address>
         <size>0xea</size>
         <input_file_ref idref="fl-5"/>
      </object_component>
      <object_component id="oc-7dc">
         <name>.text:UCS_initFLL</name>
         <load_address>0x111a8</load_address>
         <run_address>0x111a8</run_address>
         <size>0xe2</size>
         <input_file_ref idref="fl-2e"/>
      </object_component>
      <object_component id="oc-7c6">
         <name>.text:PMM_setVCoreUp</name>
         <load_address>0x1128a</load_address>
         <run_address>0x1128a</run_address>
         <size>0xe0</size>
         <input_file_ref idref="fl-20"/>
      </object_component>
      <object_component id="oc-6fb">
         <name>.text:USCI_A_UART_init</name>
         <load_address>0x1136a</load_address>
         <run_address>0x1136a</run_address>
         <size>0xd6</size>
         <input_file_ref idref="fl-30"/>
      </object_component>
      <object_component id="oc-681">
         <name>.text:fn_tmpAberto</name>
         <load_address>0x11440</load_address>
         <run_address>0x11440</run_address>
         <size>0xca</size>
         <input_file_ref idref="fl-4"/>
      </object_component>
      <object_component id="oc-545">
         <name>.text:config_BCS</name>
         <load_address>0x1150a</load_address>
         <run_address>0x1150a</run_address>
         <size>0xbe</size>
         <input_file_ref idref="fl-8"/>
      </object_component>
      <object_component id="oc-5bb">
         <name>.text</name>
         <load_address>0x115c8</load_address>
         <run_address>0x115c8</run_address>
         <size>0xb8</size>
         <input_file_ref idref="fl-5a"/>
      </object_component>
      <object_component id="oc-858">
         <name>.text:__TI_renormd</name>
         <load_address>0x11680</load_address>
         <run_address>0x11680</run_address>
         <size>0xb2</size>
         <input_file_ref idref="fl-97"/>
      </object_component>
      <object_component id="oc-456">
         <name>.text:main</name>
         <load_address>0x11732</load_address>
         <run_address>0x11732</run_address>
         <size>0xb0</size>
         <input_file_ref idref="fl-2"/>
      </object_component>
      <object_component id="oc-517">
         <name>.text:UART_get_status</name>
         <load_address>0x117e2</load_address>
         <run_address>0x117e2</run_address>
         <size>0xac</size>
         <input_file_ref idref="fl-b"/>
      </object_component>
      <object_component id="oc-6d2">
         <name>.text:UCS_initClockSignal</name>
         <load_address>0x1188e</load_address>
         <run_address>0x1188e</run_address>
         <size>0xa6</size>
         <input_file_ref idref="fl-2e"/>
      </object_component>
      <object_component id="oc-7cc">
         <name>.text:PMM_setVCoreDown</name>
         <load_address>0x11934</load_address>
         <run_address>0x11934</run_address>
         <size>0xa2</size>
         <input_file_ref idref="fl-20"/>
      </object_component>
      <object_component id="oc-5c0">
         <name>.text</name>
         <load_address>0x119d6</load_address>
         <run_address>0x119d6</run_address>
         <size>0x90</size>
         <input_file_ref idref="fl-59"/>
      </object_component>
      <object_component id="oc-6df">
         <name>.text:config_RTC</name>
         <load_address>0x11a66</load_address>
         <run_address>0x11a66</run_address>
         <size>0x88</size>
         <input_file_ref idref="fl-8"/>
      </object_component>
      <object_component id="oc-669">
         <name>.text:fn_off</name>
         <load_address>0x11aee</load_address>
         <run_address>0x11aee</run_address>
         <size>0x82</size>
         <input_file_ref idref="fl-4"/>
      </object_component>
      <object_component id="oc-5e9">
         <name>.text:__mspabi_fltuld</name>
         <load_address>0x11b70</load_address>
         <run_address>0x11b70</run_address>
         <size>0x80</size>
         <input_file_ref idref="fl-88"/>
      </object_component>
      <object_component id="oc-687">
         <name>.text:fn_buzzer</name>
         <load_address>0x11bf0</load_address>
         <run_address>0x11bf0</run_address>
         <size>0x7c</size>
         <input_file_ref idref="fl-4"/>
      </object_component>
      <object_component id="oc-6d">
         <name>.text:decompress:lzss:__TI_decompress_lzss</name>
         <load_address>0x11c6c</load_address>
         <run_address>0x11c6c</run_address>
         <size>0x76</size>
         <input_file_ref idref="fl-82"/>
      </object_component>
      <object_component id="oc-4b4">
         <name>.text:set_MotorAngle</name>
         <load_address>0x11ce2</load_address>
         <run_address>0x11ce2</run_address>
         <size>0x76</size>
         <input_file_ref idref="fl-9"/>
      </object_component>
      <object_component id="oc-5a5">
         <name>.text:Timer_A_outputPWM</name>
         <load_address>0x11d58</load_address>
         <run_address>0x11d58</run_address>
         <size>0x72</size>
         <input_file_ref idref="fl-2a"/>
      </object_component>
      <object_component id="oc-40d">
         <name>.text:Abrir_Valvula</name>
         <load_address>0x11dca</load_address>
         <run_address>0x11dca</run_address>
         <size>0x6c</size>
         <input_file_ref idref="fl-8"/>
      </object_component>
      <object_component id="oc-7e4">
         <name>.text:RTC_A_initCalendar</name>
         <load_address>0x11e36</load_address>
         <run_address>0x11e36</run_address>
         <size>0x68</size>
         <input_file_ref idref="fl-23"/>
      </object_component>
      <object_component id="oc-604">
         <name>.text:__mspabi_fixdul</name>
         <load_address>0x11e9e</load_address>
         <run_address>0x11e9e</run_address>
         <size>0x68</size>
         <input_file_ref idref="fl-86"/>
      </object_component>
      <object_component id="oc-551">
         <name>.text:config_UART</name>
         <load_address>0x11f06</load_address>
         <run_address>0x11f06</run_address>
         <size>0x68</size>
         <input_file_ref idref="fl-b"/>
      </object_component>
      <object_component id="oc-511">
         <name>.text:UART_Alarme</name>
         <load_address>0x11f6e</load_address>
         <run_address>0x11f6e</run_address>
         <size>0x66</size>
         <input_file_ref idref="fl-b"/>
      </object_component>
      <object_component id="oc-789">
         <name>.text:__mspabi_fixdli</name>
         <load_address>0x11fd4</load_address>
         <run_address>0x11fd4</run_address>
         <size>0x66</size>
         <input_file_ref idref="fl-84"/>
      </object_component>
      <object_component id="oc-7b4">
         <name>.text:displayTurnOn</name>
         <load_address>0x1203a</load_address>
         <run_address>0x1203a</run_address>
         <size>0x56</size>
         <input_file_ref idref="fl-3"/>
      </object_component>
      <object_component id="oc-414">
         <name>.text:getButtonFlag</name>
         <load_address>0x12090</load_address>
         <run_address>0x12090</run_address>
         <size>0x56</size>
         <input_file_ref idref="fl-3"/>
      </object_component>
      <object_component id="oc-57c">
         <name>.text:__TI_auto_init_nobinit_nopinit_hold_wdt:__TI_auto_init_nobinit_nopinit_hold_wdt</name>
         <load_address>0x120e6</load_address>
         <run_address>0x120e6</run_address>
         <size>0x54</size>
         <input_file_ref idref="fl-7b"/>
      </object_component>
      <object_component id="oc-4ba">
         <name>.text:get_Distance</name>
         <load_address>0x1213a</load_address>
         <run_address>0x1213a</run_address>
         <size>0x54</size>
         <input_file_ref idref="fl-a"/>
      </object_component>
      <object_component id="oc-527">
         <name>.text:HD44780_init</name>
         <load_address>0x1218e</load_address>
         <run_address>0x1218e</run_address>
         <size>0x52</size>
         <input_file_ref idref="fl-5"/>
      </object_component>
      <object_component id="oc-6ae">
         <name>.text:PMM_setVCore</name>
         <load_address>0x121e0</load_address>
         <run_address>0x121e0</run_address>
         <size>0x52</size>
         <input_file_ref idref="fl-20"/>
      </object_component>
      <object_component id="oc-808">
         <name>.text:Timer_B_initContinuousMode</name>
         <load_address>0x12232</load_address>
         <run_address>0x12232</run_address>
         <size>0x50</size>
         <input_file_ref idref="fl-2b"/>
      </object_component>
      <object_component id="oc-65c">
         <name>.text:HD44780_write4bits</name>
         <load_address>0x12282</load_address>
         <run_address>0x12282</run_address>
         <size>0x4c</size>
         <input_file_ref idref="fl-5"/>
      </object_component>
      <object_component id="oc-4f7">
         <name>.text:HD44780_setCursor</name>
         <load_address>0x122ce</load_address>
         <run_address>0x122ce</run_address>
         <size>0x4a</size>
         <input_file_ref idref="fl-5"/>
      </object_component>
      <object_component id="oc-68d">
         <name>.text:fn_nivelRacao</name>
         <load_address>0x12318</load_address>
         <run_address>0x12318</run_address>
         <size>0x4a</size>
         <input_file_ref idref="fl-4"/>
      </object_component>
      <object_component id="oc-539">
         <name>.text:initDisplay</name>
         <load_address>0x12362</load_address>
         <run_address>0x12362</run_address>
         <size>0x48</size>
         <input_file_ref idref="fl-3"/>
      </object_component>
      <object_component id="oc-7ac">
         <name>.text:HD44780_pulseEnable</name>
         <load_address>0x123aa</load_address>
         <run_address>0x123aa</run_address>
         <size>0x46</size>
         <input_file_ref idref="fl-5"/>
      </object_component>
      <object_component id="oc-5ca">
         <name>.text</name>
         <load_address>0x123f0</load_address>
         <run_address>0x123f0</run_address>
         <size>0x46</size>
         <input_file_ref idref="fl-5b"/>
      </object_component>
      <object_component id="oc-53f">
         <name>.text:Display_Config</name>
         <load_address>0x12436</load_address>
         <run_address>0x12436</run_address>
         <size>0x44</size>
         <input_file_ref idref="fl-3"/>
      </object_component>
      <object_component id="oc-6f1">
         <name>.text:config_SR04</name>
         <load_address>0x1247a</load_address>
         <run_address>0x1247a</run_address>
         <size>0x40</size>
         <input_file_ref idref="fl-a"/>
      </object_component>
      <object_component id="oc-69b">
         <name>.text:GPIO_setAsInputPinWithPullDownResistor</name>
         <load_address>0x124ba</load_address>
         <run_address>0x124ba</run_address>
         <size>0x3e</size>
         <input_file_ref idref="fl-1a"/>
      </object_component>
      <object_component id="oc-769">
         <name>.text:l_asr_const</name>
         <load_address>0x124f8</load_address>
         <run_address>0x124f8</run_address>
         <size>0x3e</size>
         <input_file_ref idref="fl-98"/>
      </object_component>
      <object_component id="oc-75d">
         <name>.text:l_lsl_const</name>
         <load_address>0x12536</load_address>
         <run_address>0x12536</run_address>
         <size>0x3e</size>
         <input_file_ref idref="fl-90"/>
      </object_component>
      <object_component id="oc-762">
         <name>.text:l_lsr_const</name>
         <load_address>0x12574</load_address>
         <run_address>0x12574</run_address>
         <size>0x3e</size>
         <input_file_ref idref="fl-91"/>
      </object_component>
      <object_component id="oc-6eb">
         <name>.text:config_Motor</name>
         <load_address>0x125b2</load_address>
         <run_address>0x125b2</run_address>
         <size>0x3a</size>
         <input_file_ref idref="fl-9"/>
      </object_component>
      <object_component id="oc-533">
         <name>.text:initStateMachine</name>
         <load_address>0x125ec</load_address>
         <run_address>0x125ec</run_address>
         <size>0x3a</size>
         <input_file_ref idref="fl-4"/>
      </object_component>
      <object_component id="oc-6c6">
         <name>.text:UCS_turnOnLFXT1</name>
         <load_address>0x12626</load_address>
         <run_address>0x12626</run_address>
         <size>0x38</size>
         <input_file_ref idref="fl-2e"/>
      </object_component>
      <object_component id="oc-6d8">
         <name>.text:UCS_initFLLSettle</name>
         <load_address>0x1265e</load_address>
         <run_address>0x1265e</run_address>
         <size>0x36</size>
         <input_file_ref idref="fl-2e"/>
      </object_component>
      <object_component id="oc-79f">
         <name>.text:GPIO_setAsInputPin</name>
         <load_address>0x12694</load_address>
         <run_address>0x12694</run_address>
         <size>0x34</size>
         <input_file_ref idref="fl-1a"/>
      </object_component>
      <object_component id="oc-7f0">
         <name>.text:RTC_A_clearInterrupt</name>
         <load_address>0x126c8</load_address>
         <run_address>0x126c8</run_address>
         <size>0x34</size>
         <input_file_ref idref="fl-23"/>
      </object_component>
      <object_component id="oc-6cc">
         <name>.text:UCS_turnOnXT2</name>
         <load_address>0x126fc</load_address>
         <run_address>0x126fc</run_address>
         <size>0x34</size>
         <input_file_ref idref="fl-2e"/>
      </object_component>
      <object_component id="oc-6e5">
         <name>.text:config_Buzzer</name>
         <load_address>0x12730</load_address>
         <run_address>0x12730</run_address>
         <size>0x34</size>
         <input_file_ref idref="fl-7"/>
      </object_component>
      <object_component id="oc-4a7">
         <name>.text:delayMilliseconds</name>
         <load_address>0x12764</load_address>
         <run_address>0x12764</run_address>
         <size>0x34</size>
         <input_file_ref idref="fl-6"/>
      </object_component>
      <object_component id="oc-424">
         <name>.text:displayUpdate</name>
         <load_address>0x12798</load_address>
         <run_address>0x12798</run_address>
         <size>0x34</size>
         <input_file_ref idref="fl-3"/>
      </object_component>
      <object_component id="oc-43c">
         <name>.text:Parser_Comandos</name>
         <load_address>0x127cc</load_address>
         <run_address>0x127cc</run_address>
         <size>0x32</size>
         <input_file_ref idref="fl-b"/>
      </object_component>
      <object_component id="oc-5e2">
         <name>.text:Timer_B_getCounterValue</name>
         <load_address>0x127fe</load_address>
         <run_address>0x127fe</run_address>
         <size>0x32</size>
         <input_file_ref idref="fl-2b"/>
      </object_component>
      <object_component id="oc-4cc">
         <name>.text:__mspabi_subd</name>
         <load_address>0x12830</load_address>
         <run_address>0x12830</run_address>
         <size>0x32</size>
         <input_file_ref idref="fl-8a"/>
      </object_component>
      <object_component id="oc-4da">
         <name>.text:GPIO_getInterruptStatus</name>
         <load_address>0x12862</load_address>
         <run_address>0x12862</run_address>
         <size>0x30</size>
         <input_file_ref idref="fl-1a"/>
      </object_component>
      <object_component id="oc-6a7">
         <name>.text:GPIO_selectInterruptEdge</name>
         <load_address>0x12892</load_address>
         <run_address>0x12892</run_address>
         <size>0x2e</size>
         <input_file_ref idref="fl-1a"/>
      </object_component>
      <object_component id="oc-7f6">
         <name>.text:RTC_A_enableInterrupt</name>
         <load_address>0x128c0</load_address>
         <run_address>0x128c0</run_address>
         <size>0x2e</size>
         <input_file_ref idref="fl-23"/>
      </object_component>
      <object_component id="oc-505">
         <name>.text:UART_Buzzer</name>
         <load_address>0x128ee</load_address>
         <run_address>0x128ee</run_address>
         <size>0x2e</size>
         <input_file_ref idref="fl-b"/>
      </object_component>
      <object_component id="oc-50b">
         <name>.text:UART_Manual</name>
         <load_address>0x1291c</load_address>
         <run_address>0x1291c</run_address>
         <size>0x2e</size>
         <input_file_ref idref="fl-b"/>
      </object_component>
      <object_component id="oc-54b">
         <name>.text:config_IO</name>
         <load_address>0x1294a</load_address>
         <run_address>0x1294a</run_address>
         <size>0x2c</size>
         <input_file_ref idref="fl-8"/>
      </object_component>
      <object_component id="oc-61c">
         <name>.text</name>
         <load_address>0x12976</load_address>
         <run_address>0x12976</run_address>
         <size>0x2c</size>
         <input_file_ref idref="fl-54"/>
      </object_component>
      <object_component id="oc-790">
         <name>.text:HD44780_send</name>
         <load_address>0x129a2</load_address>
         <run_address>0x129a2</run_address>
         <size>0x2a</size>
         <input_file_ref idref="fl-5"/>
      </object_component>
      <object_component id="oc-695">
         <name>.text:GPIO_setAsOutputPin</name>
         <load_address>0x129cc</load_address>
         <run_address>0x129cc</run_address>
         <size>0x28</size>
         <input_file_ref idref="fl-1a"/>
      </object_component>
      <object_component id="oc-6b4">
         <name>.text:GPIO_setAsPeripheralModuleFunctionInputPin</name>
         <load_address>0x129f4</load_address>
         <run_address>0x129f4</run_address>
         <size>0x28</size>
         <input_file_ref idref="fl-1a"/>
      </object_component>
      <object_component id="oc-6ba">
         <name>.text:GPIO_setAsPeripheralModuleFunctionOutputPin</name>
         <load_address>0x12a1c</load_address>
         <run_address>0x12a1c</run_address>
         <size>0x28</size>
         <input_file_ref idref="fl-1a"/>
      </object_component>
      <object_component id="oc-622">
         <name>.text:__mspabi_fixdi</name>
         <load_address>0x12a44</load_address>
         <run_address>0x12a44</run_address>
         <size>0x28</size>
         <input_file_ref idref="fl-83"/>
      </object_component>
      <object_component id="oc-4a1">
         <name>.text:set_BuzzerOn</name>
         <load_address>0x12a6c</load_address>
         <run_address>0x12a6c</run_address>
         <size>0x26</size>
         <input_file_ref idref="fl-7"/>
      </object_component>
      <object_component id="oc-3b0">
         <name>.text:decompress:ZI:__TI_zero_init_nomemset:__TI_zero_init_nomemset</name>
         <load_address>0x12a92</load_address>
         <run_address>0x12a92</run_address>
         <size>0x24</size>
         <input_file_ref idref="fl-7c"/>
      </object_component>
      <object_component id="oc-5b6">
         <name>.text</name>
         <load_address>0x12ab6</load_address>
         <run_address>0x12ab6</run_address>
         <size>0x24</size>
         <input_file_ref idref="fl-5c"/>
      </object_component>
      <object_component id="oc-76e">
         <name>.text</name>
         <load_address>0x12ada</load_address>
         <run_address>0x12ada</run_address>
         <size>0x24</size>
         <input_file_ref idref="fl-77"/>
      </object_component>
      <object_component id="oc-63f">
         <name>.text:USCI_A_UART_transmitData</name>
         <load_address>0x12afe</load_address>
         <run_address>0x12afe</run_address>
         <size>0x20</size>
         <input_file_ref idref="fl-30"/>
      </object_component>
      <object_component id="oc-521">
         <name>.text:WDT_A_hold</name>
         <load_address>0x12b1e</load_address>
         <run_address>0x12b1e</run_address>
         <size>0x20</size>
         <input_file_ref idref="fl-33"/>
      </object_component>
      <object_component id="oc-42a">
         <name>.text:GPIO_clearInterrupt</name>
         <load_address>0x12b3e</load_address>
         <run_address>0x12b3e</run_address>
         <size>0x1e</size>
         <input_file_ref idref="fl-1a"/>
      </object_component>
      <object_component id="oc-6a1">
         <name>.text:GPIO_enableInterrupt</name>
         <load_address>0x12b5c</load_address>
         <run_address>0x12b5c</run_address>
         <size>0x1e</size>
         <input_file_ref idref="fl-1a"/>
      </object_component>
      <object_component id="oc-70d">
         <name>.text:USCI_A_UART_enableInterrupt</name>
         <load_address>0x12b7a</load_address>
         <run_address>0x12b7a</run_address>
         <size>0x1e</size>
         <input_file_ref idref="fl-30"/>
      </object_component>
      <object_component id="oc-432">
         <name>.text:USCI_A_UART_receiveData</name>
         <load_address>0x12b98</load_address>
         <run_address>0x12b98</run_address>
         <size>0x1e</size>
         <input_file_ref idref="fl-30"/>
      </object_component>
      <object_component id="oc-5dc">
         <name>.text:GPIO_getInputPinValue</name>
         <load_address>0x12bb6</load_address>
         <run_address>0x12bb6</run_address>
         <size>0x1c</size>
         <input_file_ref idref="fl-1a"/>
      </object_component>
      <object_component id="oc-5d0">
         <name>.text:GPIO_setOutputHighOnPin</name>
         <load_address>0x12bd2</load_address>
         <run_address>0x12bd2</run_address>
         <size>0x1c</size>
         <input_file_ref idref="fl-1a"/>
      </object_component>
      <object_component id="oc-5d6">
         <name>.text:GPIO_setOutputLowOnPin</name>
         <load_address>0x12bee</load_address>
         <run_address>0x12bee</run_address>
         <size>0x1c</size>
         <input_file_ref idref="fl-1a"/>
      </object_component>
      <object_component id="oc-4e5">
         <name>.text:displayClear</name>
         <load_address>0x12c0a</load_address>
         <run_address>0x12c0a</run_address>
         <size>0x1c</size>
         <input_file_ref idref="fl-3"/>
      </object_component>
      <object_component id="oc-4f1">
         <name>.text:HD44780_print_string</name>
         <load_address>0x12c26</load_address>
         <run_address>0x12c26</run_address>
         <size>0x1a</size>
         <input_file_ref idref="fl-5"/>
      </object_component>
      <object_component id="oc-4ae">
         <name>.text:set_BuzzerOff</name>
         <load_address>0x12c40</load_address>
         <run_address>0x12c40</run_address>
         <size>0x1a</size>
         <input_file_ref idref="fl-7"/>
      </object_component>
      <object_component id="oc-5ac">
         <name>.text:delayMicroseconds</name>
         <load_address>0x12c5a</load_address>
         <run_address>0x12c5a</run_address>
         <size>0x18</size>
         <input_file_ref idref="fl-6"/>
      </object_component>
      <object_component id="oc-646">
         <name>.text</name>
         <load_address>0x12c72</load_address>
         <run_address>0x12c72</run_address>
         <size>0x18</size>
         <input_file_ref idref="fl-74"/>
      </object_component>
      <object_component id="oc-400">
         <name>.text</name>
         <load_address>0x12c8a</load_address>
         <run_address>0x12c8a</run_address>
         <size>0x16</size>
         <input_file_ref idref="fl-55"/>
      </object_component>
      <object_component id="oc-656">
         <name>.text:digitalWrite</name>
         <load_address>0x12ca0</load_address>
         <run_address>0x12ca0</run_address>
         <size>0x14</size>
         <input_file_ref idref="fl-6"/>
      </object_component>
      <object_component id="oc-38c">
         <name>.text:memcpy</name>
         <load_address>0x12cb4</load_address>
         <run_address>0x12cb4</run_address>
         <size>0x14</size>
         <input_file_ref idref="fl-8e"/>
      </object_component>
      <object_component id="oc-64f">
         <name>.text:pinMode</name>
         <load_address>0x12cc8</load_address>
         <run_address>0x12cc8</run_address>
         <size>0x14</size>
         <input_file_ref idref="fl-6"/>
      </object_component>
      <object_component id="oc-6c0">
         <name>.text:UCS_setExternalClockSource</name>
         <load_address>0x12cdc</load_address>
         <run_address>0x12cdc</run_address>
         <size>0x12</size>
         <input_file_ref idref="fl-2e"/>
      </object_component>
      <object_component id="oc-4d2">
         <name>.text:__mspabi_fixdu</name>
         <load_address>0x12cee</load_address>
         <run_address>0x12cee</run_address>
         <size>0x12</size>
         <input_file_ref idref="fl-85"/>
      </object_component>
      <object_component id="oc-73">
         <name>.text:decompress:none:__TI_decompress_none</name>
         <load_address>0x12d00</load_address>
         <run_address>0x12d00</run_address>
         <size>0x12</size>
         <input_file_ref idref="fl-81"/>
      </object_component>
      <object_component id="oc-615">
         <name>.text:strcpy</name>
         <load_address>0x12d12</load_address>
         <run_address>0x12d12</run_address>
         <size>0x12</size>
         <input_file_ref idref="fl-8f"/>
      </object_component>
      <object_component id="oc-60e">
         <name>.text:HD44780_clear</name>
         <load_address>0x12d24</load_address>
         <run_address>0x12d24</run_address>
         <size>0x10</size>
         <input_file_ref idref="fl-5"/>
      </object_component>
      <object_component id="oc-662">
         <name>.text:HD44780_display</name>
         <load_address>0x12d34</load_address>
         <run_address>0x12d34</run_address>
         <size>0x10</size>
         <input_file_ref idref="fl-5"/>
      </object_component>
      <object_component id="oc-41d">
         <name>.text:exeStateMachine</name>
         <load_address>0x12d44</load_address>
         <run_address>0x12d44</run_address>
         <size>0x10</size>
         <input_file_ref idref="fl-4"/>
      </object_component>
      <object_component id="oc-853">
         <name>.text:l_asr</name>
         <load_address>0x12d54</load_address>
         <run_address>0x12d54</run_address>
         <size>0x10</size>
         <input_file_ref idref="fl-98"/>
      </object_component>
      <object_component id="oc-84e">
         <name>.text:l_lsl</name>
         <load_address>0x12d64</load_address>
         <run_address>0x12d64</run_address>
         <size>0x10</size>
         <input_file_ref idref="fl-90"/>
      </object_component>
      <object_component id="oc-77f">
         <name>.text:l_lsr</name>
         <load_address>0x12d74</load_address>
         <run_address>0x12d74</run_address>
         <size>0x10</size>
         <input_file_ref idref="fl-91"/>
      </object_component>
      <object_component id="oc-7ea">
         <name>.text:RTC_A_setCalendarEvent</name>
         <load_address>0x12d84</load_address>
         <run_address>0x12d84</run_address>
         <size>0xc</size>
         <input_file_ref idref="fl-23"/>
      </object_component>
      <object_component id="oc-7fc">
         <name>.text:RTC_A_startClock</name>
         <load_address>0x12d90</load_address>
         <run_address>0x12d90</run_address>
         <size>0xc</size>
         <input_file_ref idref="fl-23"/>
      </object_component>
      <object_component id="oc-707">
         <name>.text:USCI_A_UART_clearInterrupt</name>
         <load_address>0x12d9c</load_address>
         <run_address>0x12d9c</run_address>
         <size>0xc</size>
         <input_file_ref idref="fl-30"/>
      </object_component>
      <object_component id="oc-7a7">
         <name>.text</name>
         <load_address>0x12da8</load_address>
         <run_address>0x12da8</run_address>
         <size>0xa</size>
         <input_file_ref idref="fl-72"/>
      </object_component>
      <object_component id="oc-634">
         <name>.text:HD44780_command</name>
         <load_address>0x12db2</load_address>
         <run_address>0x12db2</run_address>
         <size>0x8</size>
         <input_file_ref idref="fl-5"/>
      </object_component>
      <object_component id="oc-629">
         <name>.text:HD44780_write</name>
         <load_address>0x12dba</load_address>
         <run_address>0x12dba</run_address>
         <size>0x8</size>
         <input_file_ref idref="fl-5"/>
      </object_component>
      <object_component id="oc-59c">
         <name>.text:Timer_A_stop</name>
         <load_address>0x12dc2</load_address>
         <run_address>0x12dc2</run_address>
         <size>0x8</size>
         <input_file_ref idref="fl-2a"/>
      </object_component>
      <object_component id="oc-80e">
         <name>.text:Timer_B_startCounter</name>
         <load_address>0x12dca</load_address>
         <run_address>0x12dca</run_address>
         <size>0x6</size>
         <input_file_ref idref="fl-2b"/>
      </object_component>
      <object_component id="oc-701">
         <name>.text:USCI_A_UART_enable</name>
         <load_address>0x12dd0</load_address>
         <run_address>0x12dd0</run_address>
         <size>0x6</size>
         <input_file_ref idref="fl-30"/>
      </object_component>
      <object_component id="oc-4c0">
         <name>.text:__mspabi_fltud</name>
         <load_address>0x12dd6</load_address>
         <run_address>0x12dd6</run_address>
         <size>0x6</size>
         <input_file_ref idref="fl-87"/>
      </object_component>
      <object_component id="oc-558">
         <name>.text:abort</name>
         <load_address>0x12ddc</load_address>
         <run_address>0x12ddc</run_address>
         <size>0x6</size>
         <input_file_ref idref="fl-8b"/>
      </object_component>
      <object_component id="oc-450">
         <name>.text:_system_pre_init</name>
         <load_address>0x12de2</load_address>
         <run_address>0x12de2</run_address>
         <size>0x4</size>
         <input_file_ref idref="fl-7f"/>
      </object_component>
      <object_component id="oc-726">
         <name>.text:_system_post_cinit</name>
         <load_address>0x12de6</load_address>
         <run_address>0x12de6</run_address>
         <size>0x2</size>
         <input_file_ref idref="fl-80"/>
      </object_component>
      <object_component id="oc-3aa">
         <name>.text:_isr:USCI_A0_ISR</name>
         <load_address>0x4400</load_address>
         <run_address>0x4400</run_address>
         <size>0x56</size>
         <input_file_ref idref="fl-b"/>
      </object_component>
      <object_component id="oc-399">
         <name>.text:_isr:RTC_A_ISR</name>
         <load_address>0x4456</load_address>
         <run_address>0x4456</run_address>
         <size>0x48</size>
         <input_file_ref idref="fl-8"/>
      </object_component>
      <object_component id="oc-39f">
         <name>.text:_isr:Port_1</name>
         <load_address>0x449e</load_address>
         <run_address>0x449e</run_address>
         <size>0x38</size>
         <input_file_ref idref="fl-2"/>
      </object_component>
      <object_component id="oc-3c2">
         <name>.text:_isr:_c_int00_noargs</name>
         <load_address>0x44d6</load_address>
         <run_address>0x44d6</run_address>
         <size>0x1c</size>
         <input_file_ref idref="fl-7a"/>
      </object_component>
      <object_component id="oc-3a5">
         <name>.text:_isr:__TI_ISR_TRAP</name>
         <load_address>0x44f2</load_address>
         <run_address>0x44f2</run_address>
         <size>0x8</size>
         <input_file_ref idref="fl-70"/>
      </object_component>
      <object_component id="oc-90b">
         <name>__TI_handler_table</name>
         <load_address>0x4576</load_address>
         <run_address>0x4576</run_address>
         <size>0xc</size>
      </object_component>
      <object_component id="oc-90e">
         <name>.cinit..data.load</name>
         <load_address>0x4582</load_address>
         <run_address>0x4582</run_address>
         <size>0x8</size>
      </object_component>
      <object_component id="oc-90d">
         <name>.cinit..bss.load</name>
         <load_address>0x458a</load_address>
         <run_address>0x458a</run_address>
         <size>0x6</size>
      </object_component>
      <object_component id="oc-90c">
         <name>__TI_cinit_table</name>
         <load_address>0x4590</load_address>
         <run_address>0x4590</run_address>
         <size>0x10</size>
      </object_component>
      <object_component id="oc-7ba">
         <name>.const:.string</name>
         <load_address>0x44fa</load_address>
         <run_address>0x44fa</run_address>
         <size>0x3e</size>
         <input_file_ref idref="fl-4"/>
      </object_component>
      <object_component id="oc-4fe">
         <name>.const:GPIO_PORT_TO_BASE</name>
         <load_address>0x4538</load_address>
         <run_address>0x4538</run_address>
         <size>0x1c</size>
         <input_file_ref idref="fl-1a"/>
      </object_component>
      <object_component id="oc-614">
         <name>.const:.string</name>
         <load_address>0x4554</load_address>
         <run_address>0x4554</run_address>
         <size>0x1a</size>
         <input_file_ref idref="fl-3"/>
      </object_component>
      <object_component id="oc-631">
         <name>.const:$P$T0$1</name>
         <load_address>0x456e</load_address>
         <run_address>0x456e</run_address>
         <size>0x8</size>
         <input_file_ref idref="fl-5"/>
      </object_component>
      <object_component id="oc-89d">
         <name>.binit</name>
         <load_address>0x4400</load_address>
         <run_address>0x4400</run_address>
         <size>0x0</size>
      </object_component>
      <object_component id="oc-79">
         <name>.int41</name>
         <load_address>0xffd2</load_address>
         <run_address>0xffd2</run_address>
         <size>0x2</size>
         <input_file_ref idref="fl-8"/>
      </object_component>
      <object_component id="oc-7a">
         <name>.int42</name>
         <load_address>0xffd4</load_address>
         <run_address>0xffd4</run_address>
         <size>0x2</size>
         <input_file_ref idref="fl-2"/>
      </object_component>
      <object_component id="oc-7b">
         <name>.int43</name>
         <load_address>0xffd6</load_address>
         <run_address>0xffd6</run_address>
         <size>0x2</size>
         <input_file_ref idref="fl-5d"/>
      </object_component>
      <object_component id="oc-7c">
         <name>.int44</name>
         <load_address>0xffd8</load_address>
         <run_address>0xffd8</run_address>
         <size>0x2</size>
         <input_file_ref idref="fl-5e"/>
      </object_component>
      <object_component id="oc-7d">
         <name>.int45</name>
         <load_address>0xffda</load_address>
         <run_address>0xffda</run_address>
         <size>0x2</size>
         <input_file_ref idref="fl-5f"/>
      </object_component>
      <object_component id="oc-7e">
         <name>.int46</name>
         <load_address>0xffdc</load_address>
         <run_address>0xffdc</run_address>
         <size>0x2</size>
         <input_file_ref idref="fl-60"/>
      </object_component>
      <object_component id="oc-7f">
         <name>.int47</name>
         <load_address>0xffde</load_address>
         <run_address>0xffde</run_address>
         <size>0x2</size>
         <input_file_ref idref="fl-61"/>
      </object_component>
      <object_component id="oc-80">
         <name>.int48</name>
         <load_address>0xffe0</load_address>
         <run_address>0xffe0</run_address>
         <size>0x2</size>
         <input_file_ref idref="fl-62"/>
      </object_component>
      <object_component id="oc-81">
         <name>.int49</name>
         <load_address>0xffe2</load_address>
         <run_address>0xffe2</run_address>
         <size>0x2</size>
         <input_file_ref idref="fl-63"/>
      </object_component>
      <object_component id="oc-82">
         <name>.int50</name>
         <load_address>0xffe4</load_address>
         <run_address>0xffe4</run_address>
         <size>0x2</size>
         <input_file_ref idref="fl-64"/>
      </object_component>
      <object_component id="oc-83">
         <name>.int51</name>
         <load_address>0xffe6</load_address>
         <run_address>0xffe6</run_address>
         <size>0x2</size>
         <input_file_ref idref="fl-65"/>
      </object_component>
      <object_component id="oc-84">
         <name>.int52</name>
         <load_address>0xffe8</load_address>
         <run_address>0xffe8</run_address>
         <size>0x2</size>
         <input_file_ref idref="fl-66"/>
      </object_component>
      <object_component id="oc-85">
         <name>.int53</name>
         <load_address>0xffea</load_address>
         <run_address>0xffea</run_address>
         <size>0x2</size>
         <input_file_ref idref="fl-67"/>
      </object_component>
      <object_component id="oc-86">
         <name>.int54</name>
         <load_address>0xffec</load_address>
         <run_address>0xffec</run_address>
         <size>0x2</size>
         <input_file_ref idref="fl-68"/>
      </object_component>
      <object_component id="oc-87">
         <name>.int55</name>
         <load_address>0xffee</load_address>
         <run_address>0xffee</run_address>
         <size>0x2</size>
         <input_file_ref idref="fl-69"/>
      </object_component>
      <object_component id="oc-88">
         <name>.int56</name>
         <load_address>0xfff0</load_address>
         <run_address>0xfff0</run_address>
         <size>0x2</size>
         <input_file_ref idref="fl-b"/>
      </object_component>
      <object_component id="oc-89">
         <name>.int57</name>
         <load_address>0xfff2</load_address>
         <run_address>0xfff2</run_address>
         <size>0x2</size>
         <input_file_ref idref="fl-6a"/>
      </object_component>
      <object_component id="oc-8a">
         <name>.int58</name>
         <load_address>0xfff4</load_address>
         <run_address>0xfff4</run_address>
         <size>0x2</size>
         <input_file_ref idref="fl-6b"/>
      </object_component>
      <object_component id="oc-8b">
         <name>.int59</name>
         <load_address>0xfff6</load_address>
         <run_address>0xfff6</run_address>
         <size>0x2</size>
         <input_file_ref idref="fl-6c"/>
      </object_component>
      <object_component id="oc-8c">
         <name>.int60</name>
         <load_address>0xfff8</load_address>
         <run_address>0xfff8</run_address>
         <size>0x2</size>
         <input_file_ref idref="fl-6d"/>
      </object_component>
      <object_component id="oc-8d">
         <name>.int61</name>
         <load_address>0xfffa</load_address>
         <run_address>0xfffa</run_address>
         <size>0x2</size>
         <input_file_ref idref="fl-6e"/>
      </object_component>
      <object_component id="oc-8e">
         <name>.int62</name>
         <load_address>0xfffc</load_address>
         <run_address>0xfffc</run_address>
         <size>0x2</size>
         <input_file_ref idref="fl-6f"/>
      </object_component>
      <object_component id="oc-380">
         <name>.reset</name>
         <load_address>0xfffe</load_address>
         <run_address>0xfffe</run_address>
         <size>0x2</size>
         <input_file_ref idref="fl-7a"/>
      </object_component>
      <object_component id="oc-41b">
         <name>.debug_info</name>
         <load_address>0x0</load_address>
         <run_address>0x0</run_address>
         <size>0x75d</size>
         <input_file_ref idref="fl-2"/>
      </object_component>
      <object_component id="oc-457">
         <name>.debug_info</name>
         <load_address>0x75d</load_address>
         <run_address>0x75d</run_address>
         <size>0x1ec</size>
         <input_file_ref idref="fl-2"/>
      </object_component>
      <object_component id="oc-3a0">
         <name>.debug_info</name>
         <load_address>0x949</load_address>
         <run_address>0x949</run_address>
         <size>0x15a</size>
         <input_file_ref idref="fl-2"/>
      </object_component>
      <object_component id="oc-48f">
         <name>.debug_info</name>
         <load_address>0xaa3</load_address>
         <run_address>0xaa3</run_address>
         <size>0x10a</size>
         <input_file_ref idref="fl-2"/>
      </object_component>
      <object_component id="oc-487">
         <name>.debug_info</name>
         <load_address>0xbad</load_address>
         <run_address>0xbad</run_address>
         <size>0x26b</size>
         <input_file_ref idref="fl-2"/>
      </object_component>
      <object_component id="oc-47d">
         <name>.debug_info</name>
         <load_address>0xe18</load_address>
         <run_address>0xe18</run_address>
         <size>0x131</size>
         <input_file_ref idref="fl-2"/>
      </object_component>
      <object_component id="oc-74a">
         <name>.debug_info</name>
         <load_address>0xf49</load_address>
         <run_address>0xf49</run_address>
         <size>0x392</size>
         <input_file_ref idref="fl-2"/>
      </object_component>
      <object_component id="oc-87a">
         <name>.debug_info</name>
         <load_address>0x12db</load_address>
         <run_address>0x12db</run_address>
         <size>0x392</size>
         <input_file_ref idref="fl-2"/>
      </object_component>
      <object_component id="oc-49b">
         <name>.debug_info</name>
         <load_address>0x166d</load_address>
         <run_address>0x166d</run_address>
         <size>0xee</size>
         <input_file_ref idref="fl-2"/>
      </object_component>
      <object_component id="oc-494">
         <name>.debug_info</name>
         <load_address>0x175b</load_address>
         <run_address>0x175b</run_address>
         <size>0x102</size>
         <input_file_ref idref="fl-2"/>
      </object_component>
      <object_component id="oc-443">
         <name>.debug_info</name>
         <load_address>0x185d</load_address>
         <run_address>0x185d</run_address>
         <size>0x8b</size>
         <input_file_ref idref="fl-2"/>
      </object_component>
      <object_component id="oc-597">
         <name>.debug_info</name>
         <load_address>0x18e8</load_address>
         <run_address>0x18e8</run_address>
         <size>0x275</size>
         <input_file_ref idref="fl-2"/>
      </object_component>
      <object_component id="oc-482">
         <name>.debug_info</name>
         <load_address>0x1b5d</load_address>
         <run_address>0x1b5d</run_address>
         <size>0xbb</size>
         <input_file_ref idref="fl-2"/>
      </object_component>
      <object_component id="oc-406">
         <name>.debug_info</name>
         <load_address>0x1c18</load_address>
         <run_address>0x1c18</run_address>
         <size>0x655</size>
         <input_file_ref idref="fl-3"/>
      </object_component>
      <object_component id="oc-53a">
         <name>.debug_info</name>
         <load_address>0x226d</load_address>
         <run_address>0x226d</run_address>
         <size>0x15a</size>
         <input_file_ref idref="fl-3"/>
      </object_component>
      <object_component id="oc-415">
         <name>.debug_info</name>
         <load_address>0x23c7</load_address>
         <run_address>0x23c7</run_address>
         <size>0x1db</size>
         <input_file_ref idref="fl-3"/>
      </object_component>
      <object_component id="oc-4e6">
         <name>.debug_info</name>
         <load_address>0x25a2</load_address>
         <run_address>0x25a2</run_address>
         <size>0x197</size>
         <input_file_ref idref="fl-3"/>
      </object_component>
      <object_component id="oc-4ec">
         <name>.debug_info</name>
         <load_address>0x2739</load_address>
         <run_address>0x2739</run_address>
         <size>0x435</size>
         <input_file_ref idref="fl-3"/>
      </object_component>
      <object_component id="oc-425">
         <name>.debug_info</name>
         <load_address>0x2b6e</load_address>
         <run_address>0x2b6e</run_address>
         <size>0x1ef</size>
         <input_file_ref idref="fl-3"/>
      </object_component>
      <object_component id="oc-7b5">
         <name>.debug_info</name>
         <load_address>0x2d5d</load_address>
         <run_address>0x2d5d</run_address>
         <size>0x1bb</size>
         <input_file_ref idref="fl-3"/>
      </object_component>
      <object_component id="oc-540">
         <name>.debug_info</name>
         <load_address>0x2f18</load_address>
         <run_address>0x2f18</run_address>
         <size>0x1ea</size>
         <input_file_ref idref="fl-3"/>
      </object_component>
      <object_component id="oc-3f6">
         <name>.debug_info</name>
         <load_address>0x3102</load_address>
         <run_address>0x3102</run_address>
         <size>0x2c</size>
         <input_file_ref idref="fl-3"/>
      </object_component>
      <object_component id="oc-4e4">
         <name>.debug_info</name>
         <load_address>0x312e</load_address>
         <run_address>0x312e</run_address>
         <size>0x1da</size>
         <input_file_ref idref="fl-4"/>
      </object_component>
      <object_component id="oc-534">
         <name>.debug_info</name>
         <load_address>0x3308</load_address>
         <run_address>0x3308</run_address>
         <size>0x174</size>
         <input_file_ref idref="fl-4"/>
      </object_component>
      <object_component id="oc-682">
         <name>.debug_info</name>
         <load_address>0x347c</load_address>
         <run_address>0x347c</run_address>
         <size>0x18f</size>
         <input_file_ref idref="fl-4"/>
      </object_component>
[...]
      </symbol>
      <symbol id="sm-70c">
         <name>Timer_A_outputPWM</name>
         <value>0x11d58</value>
         <object_component_ref idref="oc-5a5"/>
      </symbol>
      <symbol id="sm-70d">
         <name>Timer_A_stop</name>
         <value>0x12dc2</value>
         <object_component_ref idref="oc-59c"/>
      </symbol>
      <symbol id="sm-72c">
         <name>Timer_B_initContinuousMode</name>
         <value>0x12232</value>
         <object_component_ref idref="oc-808"/>
      </symbol>
      <symbol id="sm-72d">
         <name>Timer_B_startCounter</name>
         <value>0x12dca</value>
         <object_component_ref idref="oc-80e"/>
      </symbol>
      <symbol id="sm-72e">
         <name>Timer_B_getCounterValue</name>
         <value>0x127fe</value>
         <object_component_ref idref="oc-5e2"/>
      </symbol>
      <symbol id="sm-784">
         <name>UCS_initClockSignal</name>
         <value>0x1188e</value>
         <object_component_ref idref="oc-6d2"/>
      </symbol>
      <symbol id="sm-785">
         <name>UCS_initFLLSettle</name>
         <value>0x1265e</value>
         <object_component_ref idref="oc-6d8"/>
      </symbol>
      <symbol id="sm-786">
         <name>UCS_setExternalClockSource</name>
         <value>0x12cdc</value>
         <object_component_ref idref="oc-6c0"/>
      </symbol>
      <symbol id="sm-787">
         <name>UCS_turnOnXT2</name>
         <value>0x126fc</value>
         <object_component_ref idref="oc-6cc"/>
      </symbol>
      <symbol id="sm-788">
         <name>UCS_initFLL</name>
         <value>0x111a8</value>
         <object_component_ref idref="oc-7dc"/>
      </symbol>
      <symbol id="sm-789">
         <name>UCS_turnOnLFXT1</name>
         <value>0x12626</value>
         <object_component_ref idref="oc-6c6"/>
      </symbol>
      <symbol id="sm-7c0">
         <name>USCI_A_UART_init</name>
         <value>0x1136a</value>
         <object_component_ref idref="oc-6fb"/>
      </symbol>
      <symbol id="sm-7c1">
         <name>USCI_A_UART_clearInterrupt</name>
         <value>0x12d9c</value>
         <object_component_ref idref="oc-707"/>
      </symbol>
      <symbol id="sm-7c2">
         <name>USCI_A_UART_receiveData</name>
         <value>0x12b98</value>
         <object_component_ref idref="oc-432"/>
      </symbol>
      <symbol id="sm-7c3">
         <name>USCI_A_UART_transmitData</name>
         <value>0x12afe</value>
         <object_component_ref idref="oc-63f"/>
      </symbol>
      <symbol id="sm-7c4">
         <name>USCI_A_UART_enableInterrupt</name>
         <value>0x12b7a</value>
         <object_component_ref idref="oc-70d"/>
      </symbol>
      <symbol id="sm-7c5">
         <name>USCI_A_UART_enable</name>
         <value>0x12dd0</value>
         <object_component_ref idref="oc-701"/>
      </symbol>
      <symbol id="sm-7d0">
         <name>WDT_A_hold</name>
         <value>0x12b1e</value>
         <object_component_ref idref="oc-521"/>
      </symbol>
      <symbol id="sm-7dc">
         <name>__mspabi_remi</name>
         <value>0x12976</value>
         <object_component_ref idref="oc-61c"/>
      </symbol>
      <symbol id="sm-7dd">
         <name>__mspabi_divi</name>
         <value>0x12976</value>
         <object_component_ref idref="oc-61c"/>
      </symbol>
      <symbol id="sm-7e7">
         <name>__mspabi_remu</name>
         <value>0x12c8a</value>
         <object_component_ref idref="oc-400"/>
      </symbol>
      <symbol id="sm-7e8">
         <name>__mspabi_divu</name>
         <value>0x12c8a</value>
         <object_component_ref idref="oc-400"/>
      </symbol>
      <symbol id="sm-805">
         <name>__mspabi_subf</name>
         <value>0x10c52</value>
         <object_component_ref idref="oc-5c5"/>
      </symbol>
      <symbol id="sm-806">
         <name>__mspabi_addf</name>
         <value>0x10c58</value>
         <object_component_ref idref="oc-5c5"/>
      </symbol>
      <symbol id="sm-818">
         <name>__mspabi_divf</name>
         <value>0x119d6</value>
         <object_component_ref idref="oc-5c0"/>
      </symbol>
      <symbol id="sm-82f">
         <name>__mspabi_mpyf</name>
         <value>0x115c8</value>
         <object_component_ref idref="oc-5bb"/>
      </symbol>
      <symbol id="sm-83e">
         <name>__mspabi_fixfu</name>
         <value>0x123f0</value>
         <object_component_ref idref="oc-5ca"/>
      </symbol>
      <symbol id="sm-849">
         <name>__mspabi_fltuf</name>
         <value>0x12ab6</value>
         <object_component_ref idref="oc-5b6"/>
      </symbol>
      <symbol id="sm-84c">
         <name>__TI_int43</name>
         <value>0xffd6</value>
         <object_component_ref idref="oc-7b"/>
      </symbol>
      <symbol id="sm-84f">
         <name>__TI_int44</name>
         <value>0xffd8</value>
         <object_component_ref idref="oc-7c"/>
      </symbol>
      <symbol id="sm-852">
         <name>__TI_int45</name>
         <value>0xffda</value>
         <object_component_ref idref="oc-7d"/>
      </symbol>
      <symbol id="sm-855">
         <name>__TI_int46</name>
         <value>0xffdc</value>
         <object_component_ref idref="oc-7e"/>
      </symbol>
      <symbol id="sm-858">
         <name>__TI_int47</name>
         <value>0xffde</value>
         <object_component_ref idref="oc-7f"/>
      </symbol>
      <symbol id="sm-85b">
         <name>__TI_int48</name>
         <value>0xffe0</value>
         <object_component_ref idref="oc-80"/>
      </symbol>
      <symbol id="sm-85e">
         <name>__TI_int49</name>
         <value>0xffe2</value>
         <object_component_ref idref="oc-81"/>
      </symbol>
      <symbol id="sm-861">
         <name>__TI_int50</name>
         <value>0xffe4</value>
         <object_component_ref idref="oc-82"/>
      </symbol>
      <symbol id="sm-864">
         <name>__TI_int51</name>
         <value>0xffe6</value>
         <object_component_ref idref="oc-83"/>
      </symbol>
      <symbol id="sm-867">
         <name>__TI_int52</name>
         <value>0xffe8</value>
         <object_component_ref idref="oc-84"/>
      </symbol>
      <symbol id="sm-86a">
         <name>__TI_int53</name>
         <value>0xffea</value>
         <object_component_ref idref="oc-85"/>
      </symbol>
      <symbol id="sm-86d">
         <name>__TI_int54</name>
         <value>0xffec</value>
         <object_component_ref idref="oc-86"/>
      </symbol>
      <symbol id="sm-870">
         <name>__TI_int55</name>
         <value>0xffee</value>
         <object_component_ref idref="oc-87"/>
      </symbol>
      <symbol id="sm-873">
         <name>__TI_int57</name>
         <value>0xfff2</value>
         <object_component_ref idref="oc-89"/>
      </symbol>
      <symbol id="sm-876">
         <name>__TI_int58</name>
         <value>0xfff4</value>
         <object_component_ref idref="oc-8a"/>
      </symbol>
      <symbol id="sm-879">
         <name>__TI_int59</name>
         <value>0xfff6</value>
         <object_component_ref idref="oc-8b"/>
      </symbol>
      <symbol id="sm-87c">
         <name>__TI_int60</name>
         <value>0xfff8</value>
         <object_component_ref idref="oc-8c"/>
      </symbol>
      <symbol id="sm-87f">
         <name>__TI_int61</name>
         <value>0xfffa</value>
         <object_component_ref idref="oc-8d"/>
      </symbol>
      <symbol id="sm-882">
         <name>__TI_int62</name>
         <value>0xfffc</value>
         <object_component_ref idref="oc-8e"/>
      </symbol>
      <symbol id="sm-88a">
         <name>__TI_ISR_TRAP</name>
         <value>0x44f2</value>
         <object_component_ref idref="oc-3a5"/>
      </symbol>
      <symbol id="sm-894">
         <name>__mspabi_srli</name>
         <value>0x12da8</value>
         <object_component_ref idref="oc-7a7"/>
      </symbol>
      <symbol id="sm-89d">
         <name>__mspabi_mpyi_f5hw</name>
         <value>0x12c72</value>
         <object_component_ref idref="oc-646"/>
      </symbol>
      <symbol id="sm-8a7">
         <name>__mspabi_mpyl_f5hw</name>
         <value>0x12ada</value>
         <object_component_ref idref="oc-76e"/>
      </symbol>
      <symbol id="sm-8b9">
         <name>_stack</name>
         <value>0x4360</value>
         <object_component_ref idref="oc-37d"/>
      </symbol>
      <symbol id="sm-8ba">
         <name>_c_int00_noargs</name>
         <value>0x44d6</value>
         <object_component_ref idref="oc-3c2"/>
      </symbol>
      <symbol id="sm-8bb">
         <name>_reset_vector</name>
         <value>0xfffe</value>
         <object_component_ref idref="oc-380"/>
      </symbol>
      <symbol id="sm-8de">
         <name>__TI_auto_init_nobinit_nopinit_hold_wdt</name>
         <value>0x120e6</value>
         <object_component_ref idref="oc-57c"/>
      </symbol>
      <symbol id="sm-8f1">
         <name>__TI_zero_init_nomemset</name>
         <value>0x12a92</value>
         <object_component_ref idref="oc-3b0"/>
      </symbol>
      <symbol id="sm-8fc">
         <name>_system_pre_init</name>
         <value>0x12de2</value>
         <object_component_ref idref="oc-450"/>
      </symbol>
      <symbol id="sm-905">
         <name>_system_post_cinit</name>
         <value>0x12de6</value>
         <object_component_ref idref="oc-726"/>
      </symbol>
      <symbol id="sm-916">
         <name>__TI_decompress_none</name>
         <value>0x12d00</value>
         <object_component_ref idref="oc-73"/>
      </symbol>
      <symbol id="sm-939">
         <name>__TI_decompress_lzss</name>
         <value>0x11c6c</value>
         <object_component_ref idref="oc-6d"/>
      </symbol>
      <symbol id="sm-946">
         <name>__mspabi_fixdi</name>
         <value>0x12a44</value>
         <object_component_ref idref="oc-622"/>
      </symbol>
      <symbol id="sm-95a">
         <name>__mspabi_fixdli</name>
         <value>0x11fd4</value>
         <object_component_ref idref="oc-789"/>
      </symbol>
      <symbol id="sm-965">
         <name>__mspabi_fixdu</name>
         <value>0x12cee</value>
         <object_component_ref idref="oc-4d2"/>
      </symbol>
      <symbol id="sm-975">
         <name>__mspabi_fixdul</name>
         <value>0x11e9e</value>
         <object_component_ref idref="oc-604"/>
      </symbol>
      <symbol id="sm-97e">
         <name>__mspabi_fltud</name>
         <value>0x12dd6</value>
         <object_component_ref idref="oc-4c0"/>
      </symbol>
      <symbol id="sm-993">
         <name>__mspabi_fltuld</name>
         <value>0x11b70</value>
         <object_component_ref idref="oc-5e9"/>
      </symbol>
      <symbol id="sm-9b4">
         <name>__mspabi_mpyd</name>
         <value>0x10560</value>
         <object_component_ref idref="oc-4c6"/>
      </symbol>
      <symbol id="sm-9bd">
         <name>__mspabi_subd</name>
         <value>0x12830</value>
         <object_component_ref idref="oc-4cc"/>
      </symbol>
      <symbol id="sm-9c7">
         <name>C$$EXIT</name>
         <value>0x12ddc</value>
         <object_component_ref idref="oc-558"/>
      </symbol>
      <symbol id="sm-9c8">
         <name>abort</name>
         <value>0x12ddc</value>
         <object_component_ref idref="oc-558"/>
      </symbol>
      <symbol id="sm-9d8">
         <name>memcpy</name>
         <value>0x12cb4</value>
         <object_component_ref idref="oc-38c"/>
      </symbol>
      <symbol id="sm-9e5">
         <name>strcpy</name>
         <value>0x12d12</value>
         <object_component_ref idref="oc-615"/>
      </symbol>
      <symbol id="sm-9f5">
         <name>__mspabi_slll_9</name>
         <value>0x1254e</value>
         <object_component_ref idref="oc-75d"/>
      </symbol>
      <symbol id="sm-9f6">
         <name>__mspabi_slll_8</name>
         <value>0x12552</value>
         <object_component_ref idref="oc-75d"/>
      </symbol>
      <symbol id="sm-9f7">
         <name>__mspabi_slll_7</name>
         <value>0x12556</value>
         <object_component_ref idref="oc-75d"/>
      </symbol>
      <symbol id="sm-9f8">
         <name>__mspabi_slll_6</name>
         <value>0x1255a</value>
         <object_component_ref idref="oc-75d"/>
      </symbol>
      <symbol id="sm-9f9">
         <name>__mspabi_slll_5</name>
         <value>0x1255e</value>
         <object_component_ref idref="oc-75d"/>
      </symbol>
      <symbol id="sm-9fa">
         <name>__mspabi_slll_4</name>
         <value>0x12562</value>
         <object_component_ref idref="oc-75d"/>
      </symbol>
      <symbol id="sm-9fb">
         <name>__mspabi_slll_3</name>
         <value>0x12566</value>
         <object_component_ref idref="oc-75d"/>
      </symbol>
      <symbol id="sm-9fc">
         <name>__mspabi_slll_2</name>
         <value>0x1256a</value>
         <object_component_ref idref="oc-75d"/>
      </symbol>
      <symbol id="sm-9fd">
         <name>__mspabi_slll_1</name>
         <value>0x1256e</value>
         <object_component_ref idref="oc-75d"/>
      </symbol>
      <symbol id="sm-9fe">
         <name>__mspabi_slll</name>
         <value>0x12d64</value>
         <object_component_ref idref="oc-84e"/>
      </symbol>
      <symbol id="sm-9ff">
         <name>__mspabi_slll_15</name>
         <value>0x12536</value>
         <object_component_ref idref="oc-75d"/>
      </symbol>
      <symbol id="sm-a00">
         <name>__mspabi_slll_14</name>
         <value>0x1253a</value>
         <object_component_ref idref="oc-75d"/>
      </symbol>
      <symbol id="sm-a01">
         <name>__mspabi_slll_13</name>
         <value>0x1253e</value>
         <object_component_ref idref="oc-75d"/>
      </symbol>
      <symbol id="sm-a02">
         <name>__mspabi_slll_12</name>
         <value>0x12542</value>
         <object_component_ref idref="oc-75d"/>
      </symbol>
      <symbol id="sm-a03">
         <name>__mspabi_slll_11</name>
         <value>0x12546</value>
         <object_component_ref idref="oc-75d"/>
      </symbol>
      <symbol id="sm-a04">
         <name>__mspabi_slll_10</name>
         <value>0x1254a</value>
         <object_component_ref idref="oc-75d"/>
      </symbol>
      <symbol id="sm-a14">
         <name>__mspabi_srll_8</name>
         <value>0x12590</value>
         <object_component_ref idref="oc-762"/>
      </symbol>
      <symbol id="sm-a15">
         <name>__mspabi_srll_9</name>
         <value>0x1258c</value>
         <object_component_ref idref="oc-762"/>
      </symbol>
      <symbol id="sm-a16">
         <name>__mspabi_srll_6</name>
         <value>0x12598</value>
         <object_component_ref idref="oc-762"/>
      </symbol>
      <symbol id="sm-a17">
         <name>__mspabi_srll_7</name>
         <value>0x12594</value>
         <object_component_ref idref="oc-762"/>
      </symbol>
      <symbol id="sm-a18">
         <name>__mspabi_srll_4</name>
         <value>0x125a0</value>
         <object_component_ref idref="oc-762"/>
      </symbol>
      <symbol id="sm-a19">
         <name>__mspabi_srll_5</name>
         <value>0x1259c</value>
         <object_component_ref idref="oc-762"/>
      </symbol>
      <symbol id="sm-a1a">
         <name>__mspabi_srll_2</name>
         <value>0x125a8</value>
         <object_component_ref idref="oc-762"/>
      </symbol>
      <symbol id="sm-a1b">
         <name>__mspabi_srll_3</name>
         <value>0x125a4</value>
         <object_component_ref idref="oc-762"/>
      </symbol>
      <symbol id="sm-a1c">
         <name>__mspabi_srll_1</name>
         <value>0x125ac</value>
         <object_component_ref idref="oc-762"/>
      </symbol>
      <symbol id="sm-a1d">
         <name>__mspabi_srll_15</name>
         <value>0x12574</value>
         <object_component_ref idref="oc-762"/>
      </symbol>
      <symbol id="sm-a1e">
         <name>__mspabi_srll_14</name>
         <value>0x12578</value>
         <object_component_ref idref="oc-762"/>
      </symbol>
      <symbol id="sm-a1f">
         <name>__mspabi_srll_13</name>
         <value>0x1257c</value>
         <object_component_ref idref="oc-762"/>
      </symbol>
      <symbol id="sm-a20">
         <name>__mspabi_srll_12</name>
         <value>0x12580</value>
         <object_component_ref idref="oc-762"/>
      </symbol>
      <symbol id="sm-a21">
         <name>__mspabi_srll_11</name>
         <value>0x12584</value>
         <object_component_ref idref="oc-762"/>
      </symbol>
      <symbol id="sm-a22">
         <name>__mspabi_srll_10</name>
         <value>0x12588</value>
         <object_component_ref idref="oc-762"/>
      </symbol>
      <symbol id="sm-a23">
         <name>__mspabi_srll</name>
         <value>0x12d74</value>
         <object_component_ref idref="oc-77f"/>
      </symbol>
      <symbol id="sm-a47">
         <name>__mspabi_addd</name>
         <value>0x10000</value>
         <object_component_ref idref="oc-5fd"/>
      </symbol>
      <symbol id="sm-a68">
         <name>__TI_frcaddd</name>
         <value>0x107c6</value>
         <object_component_ref idref="oc-777"/>
      </symbol>
      <symbol id="sm-a78">
         <name>__TI_frcmpyd</name>
         <value>0x102e0</value>
         <object_component_ref idref="oc-5f0"/>
      </symbol>
      <symbol id="sm-a8c">
         <name>__TI_renormd</name>
         <value>0x11680</value>
         <object_component_ref idref="oc-858"/>
      </symbol>
      <symbol id="sm-a9c">
         <name>__mspabi_sral</name>
         <value>0x12d54</value>
         <object_component_ref idref="oc-853"/>
      </symbol>
      <symbol id="sm-a9d">
         <name>__mspabi_sral_15</name>
         <value>0x124f8</value>
         <object_component_ref idref="oc-769"/>
      </symbol>
      <symbol id="sm-a9e">
         <name>__mspabi_sral_14</name>
         <value>0x124fc</value>
         <object_component_ref idref="oc-769"/>
      </symbol>
      <symbol id="sm-a9f">
         <name>__mspabi_sral_13</name>
         <value>0x12500</value>
         <object_component_ref idref="oc-769"/>
      </symbol>
      <symbol id="sm-aa0">
         <name>__mspabi_sral_12</name>
         <value>0x12504</value>
         <object_component_ref idref="oc-769"/>
      </symbol>
      <symbol id="sm-aa1">
         <name>__mspabi_sral_11</name>
         <value>0x12508</value>
         <object_component_ref idref="oc-769"/>
      </symbol>
      <symbol id="sm-aa2">
         <name>__mspabi_sral_10</name>
         <value>0x1250c</value>
         <object_component_ref idref="oc-769"/>
      </symbol>
      <symbol id="sm-aa3">
         <name>__mspabi_sral_8</name>
         <value>0x12514</value>
         <object_component_ref idref="oc-769"/>
      </symbol>
      <symbol id="sm-aa4">
         <name>__mspabi_sral_9</name>
         <value>0x12510</value>
         <object_component_ref idref="oc-769"/>
      </symbol>
      <symbol id="sm-aa5">
         <name>__mspabi_sral_6</name>
         <value>0x1251c</value>
         <object_component_ref idref="oc-769"/>
      </symbol>
      <symbol id="sm-aa6">
         <name>__mspabi_sral_7</name>
         <value>0x12518</value>
         <object_component_ref idref="oc-769"/>
      </symbol>
      <symbol id="sm-aa7">
         <name>__mspabi_sral_4</name>
         <value>0x12524</value>
         <object_component_ref idref="oc-769"/>
      </symbol>
      <symbol id="sm-aa8">
         <name>__mspabi_sral_5</name>
         <value>0x12520</value>
         <object_component_ref idref="oc-769"/>
      </symbol>
      <symbol id="sm-aa9">
         <name>__mspabi_sral_2</name>
         <value>0x1252c</value>
         <object_component_ref idref="oc-769"/>
      </symbol>
      <symbol id="sm-aaa">
         <name>__mspabi_sral_3</name>
         <value>0x12528</value>
         <object_component_ref idref="oc-769"/>
      </symbol>
      <symbol id="sm-aab">
         <name>__mspabi_sral_1</name>
         <value>0x12530</value>
         <object_component_ref idref="oc-769"/>
      </symbol>
   </symbol_table>
   <title>Link successful</title>
</link_info>
